******************************************************************************
                  TI ARM Linker PC v20.2.6                     
******************************************************************************
>> Linked Mon Sep 12 15:02:42 2022

OUTPUT FILE NAME:   <FSM.out>
ENTRY POINT SYMBOL: "_c_int00_noargs"  address: 00000851


MEMORY CONFIGURATION

         name            origin    length      used     unused   attr    fill
----------------------  --------  ---------  --------  --------  ----  --------
  MAIN                  00000000   00040000  00000920  0003f6e0  R  X
  INFO                  00200000   00004000  00000000  00004000  R  X
  SRAM_CODE             01000000   00010000  00000204  0000fdfc  RW X
  SRAM_DATA             20000000   00010000  00000204  0000fdfc  RW  


SEGMENT ALLOCATION MAP

run origin  load origin   length   init length attrs members
----------  ----------- ---------- ----------- ----- -------
00000000    00000000    00000920   00000920    r-x
  00000000    00000000    000000e4   000000e4    r-- .intvecs
  000000e4    000000e4    000007c4   000007c4    r-x .text
  000008a8    000008a8    00000060   00000060    r-- .const
  00000908    00000908    00000018   00000018    r-- .cinit
20000000    20000000    00000004   00000000    rw-
  20000000    20000000    00000004   00000000    rw- .data
2000fe00    2000fe00    00000200   00000000    rw-
  2000fe00    2000fe00    00000200   00000000    rw- .stack


SECTION ALLOCATION MAP

 output                                  attributes/
section   page    origin      length       input sections
--------  ----  ----------  ----------   ----------------
.intvecs   0    00000000    000000e4     
                  00000000    000000e4     startup_msp432p401r_ccs.obj (.intvecs:retain)

.text      0    000000e4    000007c4     
                  000000e4    00000334     system_msp432p401r.obj (.text)
                  00000418    00000124     Clock.obj (.text)
                  0000053c    000000d4     FSM.obj (.text)
                  00000610    000000bc     main.obj (.text)
                  000006cc    0000009c     rtsv7M4_T_le_v4SPD16_eabi.lib : memcpy_t2.asm.obj (.text)
                  00000768    00000068                                   : copy_decompress_lzss.c.obj (.text:decompress:lzss:__TI_decompress_lzss)
                  000007d0    00000044                                   : autoinit.c.obj (.text:__TI_auto_init_nobinit_nopinit:__TI_auto_init_nobinit_nopinit)
                  00000814    0000003c     LED.obj (.text)
                  00000850    00000034     rtsv7M4_T_le_v4SPD16_eabi.lib : boot_cortex_m.c.obj (.text:_c_int00_noargs:_c_int00_noargs)
                  00000884    0000000e                                   : copy_decompress_none.c.obj (.text:decompress:none:__TI_decompress_none)
                  00000892    0000000e     startup_msp432p401r_ccs.obj (.text)
                  000008a0    00000004     rtsv7M4_T_le_v4SPD16_eabi.lib : pre_init.c.obj (.text:_system_pre_init)
                  000008a4    00000004                                   : exit.c.obj (.text:abort:abort)

.const     0    000008a8    00000060     
                  000008a8    00000060     FSM.obj (.const:FSMTable)

.cinit     0    00000908    00000018     
                  00000908    00000008     (.cinit..data.load) [load image, compression = lzss]
                  00000910    00000008     (__TI_handler_table)
                  00000918    00000008     (__TI_cinit_table)

.init_array 
*          0    00000000    00000000     UNINITIALIZED

.binit     0    00000000    00000000     

.data      0    20000000    00000004     UNINITIALIZED
                  20000000    00000004     system_msp432p401r.obj (.data)

.stack     0    2000fe00    00000200     UNINITIALIZED
                  2000fe00    00000004     rtsv7M4_T_le_v4SPD16_eabi.lib : boot_cortex_m.c.obj (.stack)
                  2000fe04    000001fc     --HOLE--

__llvm_prf_cnts 
*          0    20000000    00000000     UNINITIALIZED

MODULE SUMMARY

       Module                        code   ro data   rw data
       ------                        ----   -------   -------
    .\
       system_msp432p401r.obj        820    0         8      
       FSM.obj                       212    96        0      
       Clock.obj                     292    0         0      
       startup_msp432p401r_ccs.obj   14     228       0      
       main.obj                      188    0         0      
       LED.obj                       60     0         0      
    +--+-----------------------------+------+---------+---------+
       Total:                        1586   324       8      
                                                             
    C:\ti\ccs1200\ccs\tools\compiler\ti-cgt-arm_20.2.6.LTS\lib\rtsv7M4_T_le_v4SPD16_eabi.lib
       memcpy_t2.asm.obj             156    0         0      
       copy_decompress_lzss.c.obj    104    0         0      
       autoinit.c.obj                68     0         0      
       boot_cortex_m.c.obj           52     0         0      
       copy_decompress_none.c.obj    14     0         0      
       exit.c.obj                    4      0         0      
       pre_init.c.obj                4      0         0      
    +--+-----------------------------+------+---------+---------+
       Total:                        402    0         0      
                                                             
       Stack:                        0      0         1024   
       Linker Generated:             0      24        0      
    +--+-----------------------------+------+---------+---------+
       Grand Total:                  1988   348       1032   


LINKER GENERATED COPY TABLES

__TI_cinit_table @ 00000918 records: 1, size/record: 8, table size: 8
	.data: load addr=00000908, load size=00000008 bytes, run addr=20000000, run size=00000004 bytes, compression=lzss


LINKER GENERATED HANDLER TABLE

__TI_handler_table @ 00000910 records: 2, size/record: 4, table size: 8
	index: 0, handler: __TI_decompress_lzss
	index: 1, handler: __TI_decompress_none


GLOBAL SYMBOLS: SORTED ALPHABETICALLY BY Name 

address   name                          
-------   ----                          
0000089f  ADC14_IRQHandler              
0000089f  AES256_IRQHandler             
0000089f  BusFault_Handler              
000008a5  C$$EXIT                       
0000089f  COMP_E0_IRQHandler            
0000089f  COMP_E1_IRQHandler            
0000089f  CS_IRQHandler                 
0000089f  DMA_ERR_IRQHandler            
0000089f  DMA_INT0_IRQHandler           
0000089f  DMA_INT1_IRQHandler           
0000089f  DMA_INT2_IRQHandler           
0000089f  DMA_INT3_IRQHandler           
0000089f  DebugMon_Handler              
0000089f  Default_Handler               
0000089f  EUSCIA0_IRQHandler            
0000089f  EUSCIA1_IRQHandler            
0000089f  EUSCIA2_IRQHandler            
0000089f  EUSCIA3_IRQHandler            
0000089f  EUSCIB0_IRQHandler            
0000089f  EUSCIB1_IRQHandler            
0000089f  EUSCIB2_IRQHandler            
0000089f  EUSCIB3_IRQHandler            
0000089f  FLCTL_IRQHandler              
0000089f  FPU_IRQHandler                
000008a8  FSMTable                      
0000089f  HardFault_Handler             
00000419  InitializeClockSystem         
0000053d  InitializeFSM                 
00000815  InitializeLEDPortPins         
00000611  InitializePushButtonPortPin   
0000089f  MemManage_Handler             
0000089f  NMI_Handler                   
0000054d  NextStateFunction             
0000056f  OutputFunction                
0000089f  PCM_IRQHandler                
0000089f  PORT1_IRQHandler              
0000089f  PORT2_IRQHandler              
0000089f  PORT3_IRQHandler              
0000089f  PORT4_IRQHandler              
0000089f  PORT5_IRQHandler              
0000089f  PORT6_IRQHandler              
0000089f  PSS_IRQHandler                
0000089f  PendSV_Handler                
0000089f  RTC_C_IRQHandler              
00000893  Reset_Handler                 
0000089f  SVC_Handler                   
0000089f  SysTick_Handler               
20000000  SystemCoreClock               
000000e5  SystemCoreClockUpdate         
0000035d  SystemInit                    
0000089f  T32_INT1_IRQHandler           
0000089f  T32_INT2_IRQHandler           
0000089f  T32_INTC_IRQHandler           
0000089f  TA0_0_IRQHandler              
0000089f  TA0_N_IRQHandler              
0000089f  TA1_0_IRQHandler              
0000089f  TA1_N_IRQHandler              
0000089f  TA2_0_IRQHandler              
0000089f  TA2_N_IRQHandler              
0000089f  TA3_0_IRQHandler              
0000089f  TA3_N_IRQHandler              
0000089f  UsageFault_Handler            
4000480c  WDTCTL_SYM                    
0000089f  WDT_A_IRQHandler              
20010000  __STACK_END                   
00000200  __STACK_SIZE                  
00000918  __TI_CINIT_Base               
00000920  __TI_CINIT_Limit              
00000910  __TI_Handler_Table_Base       
00000918  __TI_Handler_Table_Limit      
000007d1  __TI_auto_init_nobinit_nopinit
00000769  __TI_decompress_lzss          
00000885  __TI_decompress_none          
ffffffff  __TI_pprof_out_hndl           
ffffffff  __TI_prof_data_size           
ffffffff  __TI_prof_data_start          
00000000  __TI_static_base__            
000006cd  __aeabi_memcpy                
000006cd  __aeabi_memcpy4               
000006cd  __aeabi_memcpy8               
ffffffff  __binit__                     
ffffffff  __c_args__                    
UNDEFED   __mpu_init                    
2000fe00  __stack                       
20000000  __start___llvm_prf_cnts       
20000000  __stop___llvm_prf_cnts        
00000851  _c_int00_noargs               
UNDEFED   _system_post_cinit            
000008a1  _system_pre_init              
000008a5  abort                         
ffffffff  binit                         
00000000  interruptVectors              
0000064f  main                          
000006cd  memcpy                        


GLOBAL SYMBOLS: SORTED BY Symbol Address 

address   name                          
-------   ----                          
00000000  __TI_static_base__            
00000000  interruptVectors              
000000e5  SystemCoreClockUpdate         
00000200  __STACK_SIZE                  
0000035d  SystemInit                    
00000419  InitializeClockSystem         
0000053d  InitializeFSM                 
0000054d  NextStateFunction             
0000056f  OutputFunction                
00000611  InitializePushButtonPortPin   
0000064f  main                          
000006cd  __aeabi_memcpy                
000006cd  __aeabi_memcpy4               
000006cd  __aeabi_memcpy8               
000006cd  memcpy                        
00000769  __TI_decompress_lzss          
000007d1  __TI_auto_init_nobinit_nopinit
00000815  InitializeLEDPortPins         
00000851  _c_int00_noargs               
00000885  __TI_decompress_none          
00000893  Reset_Handler                 
0000089f  ADC14_IRQHandler              
0000089f  AES256_IRQHandler             
0000089f  BusFault_Handler              
0000089f  COMP_E0_IRQHandler            
0000089f  COMP_E1_IRQHandler            
0000089f  CS_IRQHandler                 
0000089f  DMA_ERR_IRQHandler            
0000089f  DMA_INT0_IRQHandler           
0000089f  DMA_INT1_IRQHandler           
0000089f  DMA_INT2_IRQHandler           
0000089f  DMA_INT3_IRQHandler           
0000089f  DebugMon_Handler              
0000089f  Default_Handler               
0000089f  EUSCIA0_IRQHandler            
0000089f  EUSCIA1_IRQHandler            
0000089f  EUSCIA2_IRQHandler            
0000089f  EUSCIA3_IRQHandler            
0000089f  EUSCIB0_IRQHandler            
0000089f  EUSCIB1_IRQHandler            
0000089f  EUSCIB2_IRQHandler            
0000089f  EUSCIB3_IRQHandler            
0000089f  FLCTL_IRQHandler              
0000089f  FPU_IRQHandler                
0000089f  HardFault_Handler             
0000089f  MemManage_Handler             
0000089f  NMI_Handler                   
0000089f  PCM_IRQHandler                
0000089f  PORT1_IRQHandler              
0000089f  PORT2_IRQHandler              
0000089f  PORT3_IRQHandler              
0000089f  PORT4_IRQHandler              
0000089f  PORT5_IRQHandler              
0000089f  PORT6_IRQHandler              
0000089f  PSS_IRQHandler                
0000089f  PendSV_Handler                
0000089f  RTC_C_IRQHandler              
0000089f  SVC_Handler                   
0000089f  SysTick_Handler               
0000089f  T32_INT1_IRQHandler           
0000089f  T32_INT2_IRQHandler           
0000089f  T32_INTC_IRQHandler           
0000089f  TA0_0_IRQHandler              
0000089f  TA0_N_IRQHandler              
0000089f  TA1_0_IRQHandler              
0000089f  TA1_N_IRQHandler              
0000089f  TA2_0_IRQHandler              
0000089f  TA2_N_IRQHandler              
0000089f  TA3_0_IRQHandler              
0000089f  TA3_N_IRQHandler              
0000089f  UsageFault_Handler            
0000089f  WDT_A_IRQHandler              
000008a1  _system_pre_init              
000008a5  C$$EXIT                       
000008a5  abort                         
000008a8  FSMTable                      
00000910  __TI_Handler_Table_Base       
00000918  __TI_CINIT_Base               
00000918  __TI_Handler_Table_Limit      
00000920  __TI_CINIT_Limit              
20000000  SystemCoreClock               
20000000  __start___llvm_prf_cnts       
20000000  __stop___llvm_prf_cnts        
2000fe00  __stack                       
20010000  __STACK_END                   
4000480c  WDTCTL_SYM                    
ffffffff  __TI_pprof_out_hndl           
ffffffff  __TI_prof_data_size           
ffffffff  __TI_prof_data_start          
ffffffff  __binit__                     
ffffffff  __c_args__                    
ffffffff  binit                         
UNDEFED   __mpu_init                    
UNDEFED   _system_post_cinit            

[94 symbols]
