******************************************************************************
                  TI ARM Linker PC v20.2.6                     
******************************************************************************
>> Linked Mon Sep 19 16:45:20 2022

OUTPUT FILE NAME:   <Interrupts Part 1.out>
ENTRY POINT SYMBOL: "_c_int00_noargs"  address: 00000891


MEMORY CONFIGURATION

         name            origin    length      used     unused   attr    fill
----------------------  --------  ---------  --------  --------  ----  --------
  MAIN                  00000000   00040000  00000912  0003f6ee  R  X
  INFO                  00200000   00004000  00000000  00004000  R  X
  SRAM_CODE             01000000   00010000  00000204  0000fdfc  RW X
  SRAM_DATA             20000000   00010000  00000204  0000fdfc  RW  


SEGMENT ALLOCATION MAP

run origin  load origin   length   init length attrs members
----------  ----------- ---------- ----------- ----- -------
00000000    00000000    00000918   00000918    r-x
  00000000    00000000    000000e4   000000e4    r-- .intvecs
  000000e4    000000e4    00000816   00000816    r-x .text
  00000900    00000900    00000018   00000018    r-- .cinit
20000000    20000000    00000004   00000000    rw-
  20000000    20000000    00000004   00000000    rw- .data
2000fe00    2000fe00    00000200   00000000    rw-
  2000fe00    2000fe00    00000200   00000000    rw- .stack


SECTION ALLOCATION MAP

 output                                  attributes/
section   page    origin      length       input sections
--------  ----  ----------  ----------   ----------------
.intvecs   0    00000000    000000e4     
                  00000000    000000e4     startup_msp432p401r_ccs.obj (.intvecs:retain)

.text      0    000000e4    00000816     
                  000000e4    00000334     system_msp432p401r.obj (.text)
                  00000418    00000124     Clock.obj (.text)
                  0000053c    000000e4     pushbutton.obj (.text)
                  00000620    0000009c     rtsv7M4_T_le_v4SPD16_eabi.lib : memcpy_t2.asm.obj (.text)
                  000006bc    00000078     TimerA0.obj (.text)
                  00000734    00000068     rtsv7M4_T_le_v4SPD16_eabi.lib : copy_decompress_lzss.c.obj (.text:decompress:lzss:__TI_decompress_lzss)
                  0000079c    00000064     LED.obj (.text)
                  00000800    0000004c     main.obj (.text)
                  0000084c    00000044     rtsv7M4_T_le_v4SPD16_eabi.lib : autoinit.c.obj (.text:__TI_auto_init_nobinit_nopinit:__TI_auto_init_nobinit_nopinit)
                  00000890    00000034                                   : boot_cortex_m.c.obj (.text:_c_int00_noargs:_c_int00_noargs)
                  000008c4    00000012     CortexM.obj (.text)
                  000008d6    0000000e     rtsv7M4_T_le_v4SPD16_eabi.lib : copy_decompress_none.c.obj (.text:decompress:none:__TI_decompress_none)
                  000008e4    0000000e     startup_msp432p401r_ccs.obj (.text)
                  000008f2    00000004     rtsv7M4_T_le_v4SPD16_eabi.lib : pre_init.c.obj (.text:_system_pre_init)
                  000008f6    00000004                                   : exit.c.obj (.text:abort:abort)

.cinit     0    00000900    00000018     
                  00000900    00000008     (.cinit..data.load) [load image, compression = lzss]
                  00000908    00000008     (__TI_handler_table)
                  00000910    00000008     (__TI_cinit_table)

.init_array 
*          0    00000000    00000000     UNINITIALIZED

.binit     0    00000000    00000000     

.data      0    20000000    00000004     UNINITIALIZED
                  20000000    00000004     system_msp432p401r.obj (.data)

.stack     0    2000fe00    00000200     UNINITIALIZED
                  2000fe00    00000004     rtsv7M4_T_le_v4SPD16_eabi.lib : boot_cortex_m.c.obj (.stack)
                  2000fe04    000001fc     --HOLE--

__llvm_prf_cnts 
*          0    20000000    00000000     UNINITIALIZED

MODULE SUMMARY

       Module                        code   ro data   rw data
       ------                        ----   -------   -------
    .\
       system_msp432p401r.obj        820    0         8      
       Clock.obj                     292    0         0      
       startup_msp432p401r_ccs.obj   14     228       0      
       pushbutton.obj                228    0         0      
       TimerA0.obj                   120    0         0      
       LED.obj                       100    0         0      
       main.obj                      76     0         0      
       CortexM.obj                   18     0         0      
    +--+-----------------------------+------+---------+---------+
       Total:                        1668   228       8      
                                                             
    C:\ti\ccs1200\ccs\tools\compiler\ti-cgt-arm_20.2.6.LTS\lib\rtsv7M4_T_le_v4SPD16_eabi.lib
       memcpy_t2.asm.obj             156    0         0      
       copy_decompress_lzss.c.obj    104    0         0      
       autoinit.c.obj                68     0         0      
       boot_cortex_m.c.obj           52     0         0      
       copy_decompress_none.c.obj    14     0         0      
       exit.c.obj                    4      0         0      
       pre_init.c.obj                4      0         0      
    +--+-----------------------------+------+---------+---------+
       Total:                        402    0         0      
                                                             
       Stack:                        0      0         1024   
       Linker Generated:             0      24        0      
    +--+-----------------------------+------+---------+---------+
       Grand Total:                  2070   252       1032   


LINKER GENERATED COPY TABLES

__TI_cinit_table @ 00000910 records: 1, size/record: 8, table size: 8
	.data: load addr=00000900, load size=00000008 bytes, run addr=20000000, run size=00000004 bytes, compression=lzss


LINKER GENERATED HANDLER TABLE

__TI_handler_table @ 00000908 records: 2, size/record: 4, table size: 8
	index: 0, handler: __TI_decompress_lzss
	index: 1, handler: __TI_decompress_none


GLOBAL SYMBOLS: SORTED ALPHABETICALLY BY Name 

address   name                          
-------   ----                          
000008f1  ADC14_IRQHandler              
000008f1  AES256_IRQHandler             
000008f1  BusFault_Handler              
000008f7  C$$EXIT                       
000008f1  COMP_E0_IRQHandler            
000008f1  COMP_E1_IRQHandler            
000008f1  CS_IRQHandler                 
000008f1  DMA_ERR_IRQHandler            
000008f1  DMA_INT0_IRQHandler           
000008f1  DMA_INT1_IRQHandler           
000008f1  DMA_INT2_IRQHandler           
000008f1  DMA_INT3_IRQHandler           
000008f1  DebugMon_Handler              
000008f1  Default_Handler               
000008c5  DisableInterrupts             
000008f1  EUSCIA0_IRQHandler            
000008f1  EUSCIA1_IRQHandler            
000008f1  EUSCIA2_IRQHandler            
000008f1  EUSCIA3_IRQHandler            
000008f1  EUSCIB0_IRQHandler            
000008f1  EUSCIB1_IRQHandler            
000008f1  EUSCIB2_IRQHandler            
000008f1  EUSCIB3_IRQHandler            
000008cb  EnableInterrupts              
000008f1  FLCTL_IRQHandler              
000008f1  FPU_IRQHandler                
000008f1  HardFault_Handler             
00000419  InitializeClockSystem         
0000079d  InitializeLEDPortPins         
0000053d  InitializePushButtonPortPin   
000006bd  InitializeTimerA0             
000008f1  MemManage_Handler             
000008f1  NMI_Handler                   
000008f1  PCM_IRQHandler                
000005bb  PORT1_IRQHandler              
000005bb  PORT1_IRQHandler              
000008f1  PORT2_IRQHandler              
000008f1  PORT3_IRQHandler              
000008f1  PORT4_IRQHandler              
000008f1  PORT5_IRQHandler              
000008f1  PORT6_IRQHandler              
000008f1  PSS_IRQHandler                
000008f1  PendSV_Handler                
000008f1  RTC_C_IRQHandler              
000008e5  Reset_Handler                 
000008f1  SVC_Handler                   
000008f1  SysTick_Handler               
20000000  SystemCoreClock               
000000e5  SystemCoreClockUpdate         
0000035d  SystemInit                    
000008f1  T32_INT1_IRQHandler           
000008f1  T32_INT2_IRQHandler           
000008f1  T32_INTC_IRQHandler           
000006fd  TA0_0_IRQHandler              
000006fd  TA0_0_IRQHandler              
000008f1  TA0_N_IRQHandler              
000008f1  TA1_0_IRQHandler              
000008f1  TA1_N_IRQHandler              
000008f1  TA2_0_IRQHandler              
000008f1  TA2_N_IRQHandler              
000008f1  TA3_0_IRQHandler              
000008f1  TA3_N_IRQHandler              
000008f1  UsageFault_Handler            
4000480c  WDTCTL_SYM                    
000008f1  WDT_A_IRQHandler              
000008d1  WaitForInterrupt              
20010000  __STACK_END                   
00000200  __STACK_SIZE                  
00000910  __TI_CINIT_Base               
00000918  __TI_CINIT_Limit              
00000908  __TI_Handler_Table_Base       
00000910  __TI_Handler_Table_Limit      
0000084d  __TI_auto_init_nobinit_nopinit
00000735  __TI_decompress_lzss          
000008d7  __TI_decompress_none          
ffffffff  __TI_pprof_out_hndl           
ffffffff  __TI_prof_data_size           
ffffffff  __TI_prof_data_start          
00000000  __TI_static_base__            
00000621  __aeabi_memcpy                
00000621  __aeabi_memcpy4               
00000621  __aeabi_memcpy8               
ffffffff  __binit__                     
ffffffff  __c_args__                    
UNDEFED   __mpu_init                    
2000fe00  __stack                       
20000000  __start___llvm_prf_cnts       
20000000  __stop___llvm_prf_cnts        
00000891  _c_int00_noargs               
UNDEFED   _system_post_cinit            
000008f3  _system_pre_init              
000008f7  abort                         
ffffffff  binit                         
00000000  interruptVectors              
00000801  main                          
00000621  memcpy                        


GLOBAL SYMBOLS: SORTED BY Symbol Address 

address   name                          
-------   ----                          
00000000  __TI_static_base__            
00000000  interruptVectors              
000000e5  SystemCoreClockUpdate         
00000200  __STACK_SIZE                  
0000035d  SystemInit                    
00000419  InitializeClockSystem         
0000053d  InitializePushButtonPortPin   
000005bb  PORT1_IRQHandler              
000005bb  PORT1_IRQHandler              
00000621  __aeabi_memcpy                
00000621  __aeabi_memcpy4               
00000621  __aeabi_memcpy8               
00000621  memcpy                        
000006bd  InitializeTimerA0             
000006fd  TA0_0_IRQHandler              
000006fd  TA0_0_IRQHandler              
00000735  __TI_decompress_lzss          
0000079d  InitializeLEDPortPins         
00000801  main                          
0000084d  __TI_auto_init_nobinit_nopinit
00000891  _c_int00_noargs               
000008c5  DisableInterrupts             
000008cb  EnableInterrupts              
000008d1  WaitForInterrupt              
000008d7  __TI_decompress_none          
000008e5  Reset_Handler                 
000008f1  ADC14_IRQHandler              
000008f1  AES256_IRQHandler             
000008f1  BusFault_Handler              
000008f1  COMP_E0_IRQHandler            
000008f1  COMP_E1_IRQHandler            
000008f1  CS_IRQHandler                 
000008f1  DMA_ERR_IRQHandler            
000008f1  DMA_INT0_IRQHandler           
000008f1  DMA_INT1_IRQHandler           
000008f1  DMA_INT2_IRQHandler           
000008f1  DMA_INT3_IRQHandler           
000008f1  DebugMon_Handler              
000008f1  Default_Handler               
000008f1  EUSCIA0_IRQHandler            
000008f1  EUSCIA1_IRQHandler            
000008f1  EUSCIA2_IRQHandler            
000008f1  EUSCIA3_IRQHandler            
000008f1  EUSCIB0_IRQHandler            
000008f1  EUSCIB1_IRQHandler            
000008f1  EUSCIB2_IRQHandler            
000008f1  EUSCIB3_IRQHandler            
000008f1  FLCTL_IRQHandler              
000008f1  FPU_IRQHandler                
000008f1  HardFault_Handler             
000008f1  MemManage_Handler             
000008f1  NMI_Handler                   
000008f1  PCM_IRQHandler                
000008f1  PORT2_IRQHandler              
000008f1  PORT3_IRQHandler              
000008f1  PORT4_IRQHandler              
000008f1  PORT5_IRQHandler              
000008f1  PORT6_IRQHandler              
000008f1  PSS_IRQHandler                
000008f1  PendSV_Handler                
000008f1  RTC_C_IRQHandler              
000008f1  SVC_Handler                   
000008f1  SysTick_Handler               
000008f1  T32_INT1_IRQHandler           
000008f1  T32_INT2_IRQHandler           
000008f1  T32_INTC_IRQHandler           
000008f1  TA0_N_IRQHandler              
000008f1  TA1_0_IRQHandler              
000008f1  TA1_N_IRQHandler              
000008f1  TA2_0_IRQHandler              
000008f1  TA2_N_IRQHandler              
000008f1  TA3_0_IRQHandler              
000008f1  TA3_N_IRQHandler              
000008f1  UsageFault_Handler            
000008f1  WDT_A_IRQHandler              
000008f3  _system_pre_init              
000008f7  C$$EXIT                       
000008f7  abort                         
00000908  __TI_Handler_Table_Base       
00000910  __TI_CINIT_Base               
00000910  __TI_Handler_Table_Limit      
00000918  __TI_CINIT_Limit              
20000000  SystemCoreClock               
20000000  __start___llvm_prf_cnts       
20000000  __stop___llvm_prf_cnts        
2000fe00  __stack                       
20010000  __STACK_END                   
4000480c  WDTCTL_SYM                    
ffffffff  __TI_pprof_out_hndl           
ffffffff  __TI_prof_data_size           
ffffffff  __TI_prof_data_start          
ffffffff  __binit__                     
ffffffff  __c_args__                    
ffffffff  binit                         
UNDEFED   __mpu_init                    
UNDEFED   _system_post_cinit            

[96 symbols]
