******************************************************************************
                  TI ARM Linker PC v20.2.6                     
******************************************************************************
>> Linked Wed Oct  5 13:39:41 2022

OUTPUT FILE NAME:   <Interrupts Part 3.out>
ENTRY POINT SYMBOL: "_c_int00_noargs"  address: 00000855


MEMORY CONFIGURATION

         name            origin    length      used     unused   attr    fill
----------------------  --------  ---------  --------  --------  ----  --------
  MAIN                  00000000   00040000  000008de  0003f722  R  X
  INFO                  00200000   00004000  00000000  00004000  R  X
  SRAM_CODE             01000000   00010000  00000208  0000fdf8  RW X
  SRAM_DATA             20000000   00010000  00000208  0000fdf8  RW  


SEGMENT ALLOCATION MAP

run origin  load origin   length   init length attrs members
----------  ----------- ---------- ----------- ----- -------
00000000    00000000    000008e0   000008e0    r-x
  00000000    00000000    000000e4   000000e4    r-- .intvecs
  000000e4    000000e4    000007da   000007da    r-x .text
  000008c0    000008c0    00000020   00000020    r-- .cinit
20000000    20000000    00000008   00000000    rw-
  20000000    20000000    00000008   00000000    rw- .data
2000fe00    2000fe00    00000200   00000000    rw-
  2000fe00    2000fe00    00000200   00000000    rw- .stack


SECTION ALLOCATION MAP

 output                                  attributes/
section   page    origin      length       input sections
--------  ----  ----------  ----------   ----------------
.intvecs   0    00000000    000000e4     
                  00000000    000000e4     startup_msp432p401r_ccs.obj (.intvecs:retain)

.text      0    000000e4    000007da     
                  000000e4    00000334     system_msp432p401r.obj (.text)
                  00000418    00000124     Clock.obj (.text)
                  0000053c    000000b4     pushbutton.obj (.text)
                  000005f0    0000009c     rtsv7M4_T_le_v4SPD16_eabi.lib : memcpy_t2.asm.obj (.text)
                  0000068c    00000068                                   : copy_decompress_lzss.c.obj (.text:decompress:lzss:__TI_decompress_lzss)
                  000006f4    00000064     LED.obj (.text)
                  00000758    00000060     main.obj (.text)
                  000007b8    00000058     Timer32.obj (.text)
                  00000810    00000044     rtsv7M4_T_le_v4SPD16_eabi.lib : autoinit.c.obj (.text:__TI_auto_init_nobinit_nopinit:__TI_auto_init_nobinit_nopinit)
                  00000854    00000034                                   : boot_cortex_m.c.obj (.text:_c_int00_noargs:_c_int00_noargs)
                  00000888    00000012     CortexM.obj (.text)
                  0000089a    0000000e     rtsv7M4_T_le_v4SPD16_eabi.lib : copy_decompress_none.c.obj (.text:decompress:none:__TI_decompress_none)
                  000008a8    0000000e     startup_msp432p401r_ccs.obj (.text)
                  000008b6    00000004     rtsv7M4_T_le_v4SPD16_eabi.lib : pre_init.c.obj (.text:_system_pre_init)
                  000008ba    00000004                                   : exit.c.obj (.text:abort:abort)

.cinit     0    000008c0    00000020     
                  000008c0    0000000d     (.cinit..data.load) [load image, compression = lzss]
                  000008cd    00000003     --HOLE-- [fill = 0]
                  000008d0    00000008     (__TI_handler_table)
                  000008d8    00000008     (__TI_cinit_table)

.init_array 
*          0    00000000    00000000     UNINITIALIZED

.binit     0    00000000    00000000     

.data      0    20000000    00000008     UNINITIALIZED
                  20000000    00000004     main.obj (.data)
                  20000004    00000004     system_msp432p401r.obj (.data)

.stack     0    2000fe00    00000200     UNINITIALIZED
                  2000fe00    00000004     rtsv7M4_T_le_v4SPD16_eabi.lib : boot_cortex_m.c.obj (.stack)
                  2000fe04    000001fc     --HOLE--

__llvm_prf_cnts 
*          0    20000000    00000000     UNINITIALIZED

MODULE SUMMARY

       Module                        code   ro data   rw data
       ------                        ----   -------   -------
    .\
       system_msp432p401r.obj        820    0         8      
       Clock.obj                     292    0         0      
       startup_msp432p401r_ccs.obj   14     228       0      
       pushbutton.obj                180    0         0      
       main.obj                      96     0         8      
       LED.obj                       100    0         0      
       Timer32.obj                   88     0         0      
       CortexM.obj                   18     0         0      
    +--+-----------------------------+------+---------+---------+
       Total:                        1608   228       16     
                                                             
    C:\ti\ccs1200\ccs\tools\compiler\ti-cgt-arm_20.2.6.LTS\lib\rtsv7M4_T_le_v4SPD16_eabi.lib
       memcpy_t2.asm.obj             156    0         0      
       copy_decompress_lzss.c.obj    104    0         0      
       autoinit.c.obj                68     0         0      
       boot_cortex_m.c.obj           52     0         0      
       copy_decompress_none.c.obj    14     0         0      
       exit.c.obj                    4      0         0      
       pre_init.c.obj                4      0         0      
    +--+-----------------------------+------+---------+---------+
       Total:                        402    0         0      
                                                             
       Stack:                        0      0         1024   
       Linker Generated:             0      29        0      
    +--+-----------------------------+------+---------+---------+
       Grand Total:                  2010   257       1040   


LINKER GENERATED COPY TABLES

__TI_cinit_table @ 000008d8 records: 1, size/record: 8, table size: 8
	.data: load addr=000008c0, load size=0000000d bytes, run addr=20000000, run size=00000008 bytes, compression=lzss


LINKER GENERATED HANDLER TABLE

__TI_handler_table @ 000008d0 records: 2, size/record: 4, table size: 8
	index: 0, handler: __TI_decompress_lzss
	index: 1, handler: __TI_decompress_none


GLOBAL SYMBOLS: SORTED ALPHABETICALLY BY Name 

address   name                          
-------   ----                          
000008b5  ADC14_IRQHandler              
000008b5  AES256_IRQHandler             
000008b5  BusFault_Handler              
000008bb  C$$EXIT                       
000008b5  COMP_E0_IRQHandler            
000008b5  COMP_E1_IRQHandler            
000008b5  CS_IRQHandler                 
000008b5  DMA_ERR_IRQHandler            
000008b5  DMA_INT0_IRQHandler           
000008b5  DMA_INT1_IRQHandler           
000008b5  DMA_INT2_IRQHandler           
000008b5  DMA_INT3_IRQHandler           
000008b5  DebugMon_Handler              
000008b5  Default_Handler               
00000889  DisableInterrupts             
000008b5  EUSCIA0_IRQHandler            
000008b5  EUSCIA1_IRQHandler            
000008b5  EUSCIA2_IRQHandler            
000008b5  EUSCIA3_IRQHandler            
000008b5  EUSCIB0_IRQHandler            
000008b5  EUSCIB1_IRQHandler            
000008b5  EUSCIB2_IRQHandler            
000008b5  EUSCIB3_IRQHandler            
0000088f  EnableInterrupts              
000008b5  FLCTL_IRQHandler              
000008b5  FPU_IRQHandler                
000008b5  HardFault_Handler             
00000419  InitializeClockSystem         
000006f5  InitializeLEDPortPins         
0000053d  InitializePushButtonPortPin   
000008b5  MemManage_Handler             
000008b5  NMI_Handler                   
000008b5  PCM_IRQHandler                
000005bb  PORT1_IRQHandler              
000005bb  PORT1_IRQHandler              
000008b5  PORT2_IRQHandler              
000008b5  PORT3_IRQHandler              
000008b5  PORT4_IRQHandler              
000008b5  PORT5_IRQHandler              
000008b5  PORT6_IRQHandler              
000008b5  PSS_IRQHandler                
000008b5  PendSV_Handler                
000008b5  RTC_C_IRQHandler              
000008a9  Reset_Handler                 
000008b5  SVC_Handler                   
000008b5  SysTick_Handler               
20000004  SystemCoreClock               
000000e5  SystemCoreClockUpdate         
0000035d  SystemInit                    
000008b5  T32_INT1_IRQHandler           
000008b5  T32_INT2_IRQHandler           
000008b5  T32_INTC_IRQHandler           
000008b5  TA0_0_IRQHandler              
000008b5  TA0_N_IRQHandler              
000008b5  TA1_0_IRQHandler              
000008b5  TA1_N_IRQHandler              
000008b5  TA2_0_IRQHandler              
000008b5  TA2_N_IRQHandler              
000008b5  TA3_0_IRQHandler              
000008b5  TA3_N_IRQHandler              
000007b9  TimeDelay                     
000008b5  UsageFault_Handler            
4000480c  WDTCTL_SYM                    
000008b5  WDT_A_IRQHandler              
00000895  WaitForInterrupt              
20010000  __STACK_END                   
00000200  __STACK_SIZE                  
000008d8  __TI_CINIT_Base               
000008e0  __TI_CINIT_Limit              
000008d0  __TI_Handler_Table_Base       
000008d8  __TI_Handler_Table_Limit      
00000811  __TI_auto_init_nobinit_nopinit
0000068d  __TI_decompress_lzss          
0000089b  __TI_decompress_none          
ffffffff  __TI_pprof_out_hndl           
ffffffff  __TI_prof_data_size           
ffffffff  __TI_prof_data_start          
00000000  __TI_static_base__            
000005f1  __aeabi_memcpy                
000005f1  __aeabi_memcpy4               
000005f1  __aeabi_memcpy8               
ffffffff  __binit__                     
ffffffff  __c_args__                    
UNDEFED   __mpu_init                    
2000fe00  __stack                       
20000000  __start___llvm_prf_cnts       
20000000  __stop___llvm_prf_cnts        
00000855  _c_int00_noargs               
UNDEFED   _system_post_cinit            
000008b7  _system_pre_init              
000008bb  abort                         
ffffffff  binit                         
20000000  delay                         
00000000  interruptVectors              
00000759  main                          
000005f1  memcpy                        
20000002  resolution                    


GLOBAL SYMBOLS: SORTED BY Symbol Address 

address   name                          
-------   ----                          
00000000  __TI_static_base__            
00000000  interruptVectors              
000000e5  SystemCoreClockUpdate         
00000200  __STACK_SIZE                  
0000035d  SystemInit                    
00000419  InitializeClockSystem         
0000053d  InitializePushButtonPortPin   
000005bb  PORT1_IRQHandler              
000005bb  PORT1_IRQHandler              
000005f1  __aeabi_memcpy                
000005f1  __aeabi_memcpy4               
000005f1  __aeabi_memcpy8               
000005f1  memcpy                        
0000068d  __TI_decompress_lzss          
000006f5  InitializeLEDPortPins         
00000759  main                          
000007b9  TimeDelay                     
00000811  __TI_auto_init_nobinit_nopinit
00000855  _c_int00_noargs               
00000889  DisableInterrupts             
0000088f  EnableInterrupts              
00000895  WaitForInterrupt              
0000089b  __TI_decompress_none          
000008a9  Reset_Handler                 
000008b5  ADC14_IRQHandler              
000008b5  AES256_IRQHandler             
000008b5  BusFault_Handler              
000008b5  COMP_E0_IRQHandler            
000008b5  COMP_E1_IRQHandler            
000008b5  CS_IRQHandler                 
000008b5  DMA_ERR_IRQHandler            
000008b5  DMA_INT0_IRQHandler           
000008b5  DMA_INT1_IRQHandler           
000008b5  DMA_INT2_IRQHandler           
000008b5  DMA_INT3_IRQHandler           
000008b5  DebugMon_Handler              
000008b5  Default_Handler               
000008b5  EUSCIA0_IRQHandler            
000008b5  EUSCIA1_IRQHandler            
000008b5  EUSCIA2_IRQHandler            
000008b5  EUSCIA3_IRQHandler            
000008b5  EUSCIB0_IRQHandler            
000008b5  EUSCIB1_IRQHandler            
000008b5  EUSCIB2_IRQHandler            
000008b5  EUSCIB3_IRQHandler            
000008b5  FLCTL_IRQHandler              
000008b5  FPU_IRQHandler                
000008b5  HardFault_Handler             
000008b5  MemManage_Handler             
000008b5  NMI_Handler                   
000008b5  PCM_IRQHandler                
000008b5  PORT2_IRQHandler              
000008b5  PORT3_IRQHandler              
000008b5  PORT4_IRQHandler              
000008b5  PORT5_IRQHandler              
000008b5  PORT6_IRQHandler              
000008b5  PSS_IRQHandler                
000008b5  PendSV_Handler                
000008b5  RTC_C_IRQHandler              
000008b5  SVC_Handler                   
000008b5  SysTick_Handler               
000008b5  T32_INT1_IRQHandler           
000008b5  T32_INT2_IRQHandler           
000008b5  T32_INTC_IRQHandler           
000008b5  TA0_0_IRQHandler              
000008b5  TA0_N_IRQHandler              
000008b5  TA1_0_IRQHandler              
000008b5  TA1_N_IRQHandler              
000008b5  TA2_0_IRQHandler              
000008b5  TA2_N_IRQHandler              
000008b5  TA3_0_IRQHandler              
000008b5  TA3_N_IRQHandler              
000008b5  UsageFault_Handler            
000008b5  WDT_A_IRQHandler              
000008b7  _system_pre_init              
000008bb  C$$EXIT                       
000008bb  abort                         
000008d0  __TI_Handler_Table_Base       
000008d8  __TI_CINIT_Base               
000008d8  __TI_Handler_Table_Limit      
000008e0  __TI_CINIT_Limit              
20000000  __start___llvm_prf_cnts       
20000000  __stop___llvm_prf_cnts        
20000000  delay                         
20000002  resolution                    
20000004  SystemCoreClock               
2000fe00  __stack                       
20010000  __STACK_END                   
4000480c  WDTCTL_SYM                    
ffffffff  __TI_pprof_out_hndl           
ffffffff  __TI_prof_data_size           
ffffffff  __TI_prof_data_start          
ffffffff  __binit__                     
ffffffff  __c_args__                    
ffffffff  binit                         
UNDEFED   __mpu_init                    
UNDEFED   _system_post_cinit            

[97 symbols]
