******************************************************************************
                  TI ARM Linker PC v20.2.6                     
******************************************************************************
>> Linked Wed Sep 21 15:33:37 2022

OUTPUT FILE NAME:   <Interrupts Part 2.out>
ENTRY POINT SYMBOL: "_c_int00_noargs"  address: 000008f1


MEMORY CONFIGURATION

         name            origin    length      used     unused   attr    fill
----------------------  --------  ---------  --------  --------  ----  --------
  MAIN                  00000000   00040000  00000976  0003f68a  R  X
  INFO                  00200000   00004000  00000000  00004000  R  X
  SRAM_CODE             01000000   00010000  00000205  0000fdfb  RW X
  SRAM_DATA             20000000   00010000  00000205  0000fdfb  RW  


SEGMENT ALLOCATION MAP

run origin  load origin   length   init length attrs members
----------  ----------- ---------- ----------- ----- -------
00000000    00000000    0000097c   0000097c    r-x
  00000000    00000000    000000e4   000000e4    r-- .intvecs
  000000e4    000000e4    00000876   00000876    r-x .text
  00000960    00000960    0000001c   0000001c    r-- .cinit
20000000    20000000    00000005   00000000    rw-
  20000000    20000000    00000005   00000000    rw- .data
2000fe00    2000fe00    00000200   00000000    rw-
  2000fe00    2000fe00    00000200   00000000    rw- .stack


SECTION ALLOCATION MAP

 output                                  attributes/
section   page    origin      length       input sections
--------  ----  ----------  ----------   ----------------
.intvecs   0    00000000    000000e4     
                  00000000    000000e4     startup_msp432p401r_ccs.obj (.intvecs:retain)

.text      0    000000e4    00000876     
                  000000e4    00000334     system_msp432p401r.obj (.text)
                  00000418    00000124     Clock.obj (.text)
                  0000053c    000000cc     pushbutton.obj (.text)
                  00000608    000000a0     main.obj (.text)
                  000006a8    0000009c     TimerA0.obj (.text)
                  00000744    0000009c     rtsv7M4_T_le_v4SPD16_eabi.lib : memcpy_t2.asm.obj (.text)
                  000007e0    00000068                                   : copy_decompress_lzss.c.obj (.text:decompress:lzss:__TI_decompress_lzss)
                  00000848    00000064     LED.obj (.text)
                  000008ac    00000044     rtsv7M4_T_le_v4SPD16_eabi.lib : autoinit.c.obj (.text:__TI_auto_init_nobinit_nopinit:__TI_auto_init_nobinit_nopinit)
                  000008f0    00000034                                   : boot_cortex_m.c.obj (.text:_c_int00_noargs:_c_int00_noargs)
                  00000924    00000012     CortexM.obj (.text)
                  00000936    0000000e     rtsv7M4_T_le_v4SPD16_eabi.lib : copy_decompress_none.c.obj (.text:decompress:none:__TI_decompress_none)
                  00000944    0000000e     startup_msp432p401r_ccs.obj (.text)
                  00000952    00000004     rtsv7M4_T_le_v4SPD16_eabi.lib : pre_init.c.obj (.text:_system_pre_init)
                  00000956    00000004                                   : exit.c.obj (.text:abort:abort)

.cinit     0    00000960    0000001c     
                  00000960    00000009     (.cinit..data.load) [load image, compression = lzss]
                  00000969    00000003     --HOLE-- [fill = 0]
                  0000096c    00000008     (__TI_handler_table)
                  00000974    00000008     (__TI_cinit_table)

.init_array 
*          0    00000000    00000000     UNINITIALIZED

.binit     0    00000000    00000000     

.data      0    20000000    00000005     UNINITIALIZED
                  20000000    00000004     system_msp432p401r.obj (.data)
                  20000004    00000001     main.obj (.data)

.stack     0    2000fe00    00000200     UNINITIALIZED
                  2000fe00    00000004     rtsv7M4_T_le_v4SPD16_eabi.lib : boot_cortex_m.c.obj (.stack)
                  2000fe04    000001fc     --HOLE--

__llvm_prf_cnts 
*          0    20000000    00000000     UNINITIALIZED

MODULE SUMMARY

       Module                        code   ro data   rw data
       ------                        ----   -------   -------
    .\
       system_msp432p401r.obj        820    0         8      
       Clock.obj                     292    0         0      
       startup_msp432p401r_ccs.obj   14     228       0      
       pushbutton.obj                204    0         0      
       main.obj                      160    0         2      
       TimerA0.obj                   156    0         0      
       LED.obj                       100    0         0      
       CortexM.obj                   18     0         0      
    +--+-----------------------------+------+---------+---------+
       Total:                        1764   228       10     
                                                             
    C:\ti\ccs1200\ccs\tools\compiler\ti-cgt-arm_20.2.6.LTS\lib\rtsv7M4_T_le_v4SPD16_eabi.lib
       memcpy_t2.asm.obj             156    0         0      
       copy_decompress_lzss.c.obj    104    0         0      
       autoinit.c.obj                68     0         0      
       boot_cortex_m.c.obj           52     0         0      
       copy_decompress_none.c.obj    14     0         0      
       exit.c.obj                    4      0         0      
       pre_init.c.obj                4      0         0      
    +--+-----------------------------+------+---------+---------+
       Total:                        402    0         0      
                                                             
       Stack:                        0      0         1024   
       Linker Generated:             0      25        0      
    +--+-----------------------------+------+---------+---------+
       Grand Total:                  2166   253       1034   


LINKER GENERATED COPY TABLES

__TI_cinit_table @ 00000974 records: 1, size/record: 8, table size: 8
	.data: load addr=00000960, load size=00000009 bytes, run addr=20000000, run size=00000005 bytes, compression=lzss


LINKER GENERATED HANDLER TABLE

__TI_handler_table @ 0000096c records: 2, size/record: 4, table size: 8
	index: 0, handler: __TI_decompress_lzss
	index: 1, handler: __TI_decompress_none


GLOBAL SYMBOLS: SORTED ALPHABETICALLY BY Name 

address   name                          
-------   ----                          
00000951  ADC14_IRQHandler              
00000951  AES256_IRQHandler             
00000951  BusFault_Handler              
00000957  C$$EXIT                       
00000951  COMP_E0_IRQHandler            
00000951  COMP_E1_IRQHandler            
00000951  CS_IRQHandler                 
00000951  DMA_ERR_IRQHandler            
00000951  DMA_INT0_IRQHandler           
00000951  DMA_INT1_IRQHandler           
00000951  DMA_INT2_IRQHandler           
00000951  DMA_INT3_IRQHandler           
00000951  DebugMon_Handler              
00000951  Default_Handler               
00000925  DisableInterrupts             
00000951  EUSCIA0_IRQHandler            
00000951  EUSCIA1_IRQHandler            
00000951  EUSCIA2_IRQHandler            
00000951  EUSCIA3_IRQHandler            
00000951  EUSCIB0_IRQHandler            
00000951  EUSCIB1_IRQHandler            
00000951  EUSCIB2_IRQHandler            
00000951  EUSCIB3_IRQHandler            
0000092b  EnableInterrupts              
00000951  FLCTL_IRQHandler              
00000951  FPU_IRQHandler                
00000951  HardFault_Handler             
00000419  InitializeClockSystem         
00000849  InitializeLEDPortPins         
0000053d  InitializePushButtonPortPin   
000006a9  InitializeTimerA0             
00000951  MemManage_Handler             
00000951  NMI_Handler                   
00000951  PCM_IRQHandler                
000005bb  PORT1_IRQHandler              
000005bb  PORT1_IRQHandler              
00000951  PORT2_IRQHandler              
00000951  PORT3_IRQHandler              
00000951  PORT4_IRQHandler              
00000951  PORT5_IRQHandler              
00000951  PORT6_IRQHandler              
00000951  PSS_IRQHandler                
00000951  PendSV_Handler                
00000951  RTC_C_IRQHandler              
00000945  Reset_Handler                 
00000951  SVC_Handler                   
00000951  SysTick_Handler               
20000000  SystemCoreClock               
000000e5  SystemCoreClockUpdate         
0000035d  SystemInit                    
00000951  T32_INT1_IRQHandler           
00000951  T32_INT2_IRQHandler           
00000951  T32_INTC_IRQHandler           
000006e9  TA0_0_IRQHandler              
000006e9  TA0_0_IRQHandler              
00000951  TA0_N_IRQHandler              
00000951  TA1_0_IRQHandler              
00000951  TA1_N_IRQHandler              
00000951  TA2_0_IRQHandler              
00000951  TA2_N_IRQHandler              
00000951  TA3_0_IRQHandler              
00000951  TA3_N_IRQHandler              
00000951  UsageFault_Handler            
4000480c  WDTCTL_SYM                    
00000951  WDT_A_IRQHandler              
00000931  WaitForInterrupt              
20010000  __STACK_END                   
00000200  __STACK_SIZE                  
00000974  __TI_CINIT_Base               
0000097c  __TI_CINIT_Limit              
0000096c  __TI_Handler_Table_Base       
00000974  __TI_Handler_Table_Limit      
000008ad  __TI_auto_init_nobinit_nopinit
000007e1  __TI_decompress_lzss          
00000937  __TI_decompress_none          
ffffffff  __TI_pprof_out_hndl           
ffffffff  __TI_prof_data_size           
ffffffff  __TI_prof_data_start          
00000000  __TI_static_base__            
00000745  __aeabi_memcpy                
00000745  __aeabi_memcpy4               
00000745  __aeabi_memcpy8               
ffffffff  __binit__                     
ffffffff  __c_args__                    
UNDEFED   __mpu_init                    
2000fe00  __stack                       
20000000  __start___llvm_prf_cnts       
20000000  __stop___llvm_prf_cnts        
000008f1  _c_int00_noargs               
UNDEFED   _system_post_cinit            
00000953  _system_pre_init              
00000957  abort                         
ffffffff  binit                         
20000004  currLEDisRGB                  
00000000  interruptVectors              
00000609  main                          
00000745  memcpy                        


GLOBAL SYMBOLS: SORTED BY Symbol Address 

address   name                          
-------   ----                          
00000000  __TI_static_base__            
00000000  interruptVectors              
000000e5  SystemCoreClockUpdate         
00000200  __STACK_SIZE                  
0000035d  SystemInit                    
00000419  InitializeClockSystem         
0000053d  InitializePushButtonPortPin   
000005bb  PORT1_IRQHandler              
000005bb  PORT1_IRQHandler              
00000609  main                          
000006a9  InitializeTimerA0             
000006e9  TA0_0_IRQHandler              
000006e9  TA0_0_IRQHandler              
00000745  __aeabi_memcpy                
00000745  __aeabi_memcpy4               
00000745  __aeabi_memcpy8               
00000745  memcpy                        
000007e1  __TI_decompress_lzss          
00000849  InitializeLEDPortPins         
000008ad  __TI_auto_init_nobinit_nopinit
000008f1  _c_int00_noargs               
00000925  DisableInterrupts             
0000092b  EnableInterrupts              
00000931  WaitForInterrupt              
00000937  __TI_decompress_none          
00000945  Reset_Handler                 
00000951  ADC14_IRQHandler              
00000951  AES256_IRQHandler             
00000951  BusFault_Handler              
00000951  COMP_E0_IRQHandler            
00000951  COMP_E1_IRQHandler            
00000951  CS_IRQHandler                 
00000951  DMA_ERR_IRQHandler            
00000951  DMA_INT0_IRQHandler           
00000951  DMA_INT1_IRQHandler           
00000951  DMA_INT2_IRQHandler           
00000951  DMA_INT3_IRQHandler           
00000951  DebugMon_Handler              
00000951  Default_Handler               
00000951  EUSCIA0_IRQHandler            
00000951  EUSCIA1_IRQHandler            
00000951  EUSCIA2_IRQHandler            
00000951  EUSCIA3_IRQHandler            
00000951  EUSCIB0_IRQHandler            
00000951  EUSCIB1_IRQHandler            
00000951  EUSCIB2_IRQHandler            
00000951  EUSCIB3_IRQHandler            
00000951  FLCTL_IRQHandler              
00000951  FPU_IRQHandler                
00000951  HardFault_Handler             
00000951  MemManage_Handler             
00000951  NMI_Handler                   
00000951  PCM_IRQHandler                
00000951  PORT2_IRQHandler              
00000951  PORT3_IRQHandler              
00000951  PORT4_IRQHandler              
00000951  PORT5_IRQHandler              
00000951  PORT6_IRQHandler              
00000951  PSS_IRQHandler                
00000951  PendSV_Handler                
00000951  RTC_C_IRQHandler              
00000951  SVC_Handler                   
00000951  SysTick_Handler               
00000951  T32_INT1_IRQHandler           
00000951  T32_INT2_IRQHandler           
00000951  T32_INTC_IRQHandler           
00000951  TA0_N_IRQHandler              
00000951  TA1_0_IRQHandler              
00000951  TA1_N_IRQHandler              
00000951  TA2_0_IRQHandler              
00000951  TA2_N_IRQHandler              
00000951  TA3_0_IRQHandler              
00000951  TA3_N_IRQHandler              
00000951  UsageFault_Handler            
00000951  WDT_A_IRQHandler              
00000953  _system_pre_init              
00000957  C$$EXIT                       
00000957  abort                         
0000096c  __TI_Handler_Table_Base       
00000974  __TI_CINIT_Base               
00000974  __TI_Handler_Table_Limit      
0000097c  __TI_CINIT_Limit              
20000000  SystemCoreClock               
20000000  __start___llvm_prf_cnts       
20000000  __stop___llvm_prf_cnts        
20000004  currLEDisRGB                  
2000fe00  __stack                       
20010000  __STACK_END                   
4000480c  WDTCTL_SYM                    
ffffffff  __TI_pprof_out_hndl           
ffffffff  __TI_prof_data_size           
ffffffff  __TI_prof_data_start          
ffffffff  __binit__                     
ffffffff  __c_args__                    
ffffffff  binit                         
UNDEFED   __mpu_init                    
UNDEFED   _system_post_cinit            

[97 symbols]
