******************************************************************************
                  TI ARM Linker PC v20.2.6                     
******************************************************************************
>> Linked Wed Nov  9 15:48:55 2022

OUTPUT FILE NAME:   <DSPSkeleton.out>
ENTRY POINT SYMBOL: "_c_int00_noargs"  address: 00000b51


MEMORY CONFIGURATION

         name            origin    length      used     unused   attr    fill
----------------------  --------  ---------  --------  --------  ----  --------
  MAIN                  00000000   00040000  00000c1e  0003f3e2  R  X
  INFO                  00200000   00004000  00000000  00004000  R  X
  SRAM_CODE             01000000   00010000  000002e4  0000fd1c  RW X
  SRAM_DATA             20000000   00010000  000002e4  0000fd1c  RW  


SEGMENT ALLOCATION MAP

run origin  load origin   length   init length attrs members
----------  ----------- ---------- ----------- ----- -------
00000000    00000000    00000c20   00000c20    r-x
  00000000    00000000    000000e4   000000e4    r-- .intvecs
  000000e4    000000e4    00000af2   00000af2    r-x .text
  00000bd8    00000bd8    00000048   00000048    r-- .cinit
20000000    20000000    000000e4   00000000    rw-
  20000000    20000000    000000a0   00000000    rw- .bss
  200000a0    200000a0    00000044   00000000    rw- .data
2000fe00    2000fe00    00000200   00000000    rw-
  2000fe00    2000fe00    00000200   00000000    rw- .stack


SECTION ALLOCATION MAP

 output                                  attributes/
section   page    origin      length       input sections
--------  ----  ----------  ----------   ----------------
.intvecs   0    00000000    000000e4     
                  00000000    000000e4     startup_msp432p401r_ccs.obj (.intvecs:retain)

.text      0    000000e4    00000af2     
                  000000e4    00000334     system_msp432p401r.obj (.text)
                  00000418    000001a0     main.obj (.text)
                  000005b8    00000124     Clock.obj (.text)
                  000006dc    000000f4     SPI.obj (.text)
                  000007d0    000000c0     FSM.obj (.text)
                  00000890    000000a4     TaskScheduler.obj (.text)
                  00000934    0000009c     rtsv7M4_T_le_v4SPD16_eabi.lib : memcpy_t2.asm.obj (.text)
                  000009d0    00000070     ADC14.obj (.text)
                  00000a40    00000068     rtsv7M4_T_le_v4SPD16_eabi.lib : copy_decompress_lzss.c.obj (.text:decompress:lzss:__TI_decompress_lzss)
                  00000aa8    00000064     LED.obj (.text)
                  00000b0c    00000044     rtsv7M4_T_le_v4SPD16_eabi.lib : autoinit.c.obj (.text:__TI_auto_init_nobinit_nopinit:__TI_auto_init_nobinit_nopinit)
                  00000b50    00000034                                   : boot_cortex_m.c.obj (.text:_c_int00_noargs:_c_int00_noargs)
                  00000b84    0000001c                                   : copy_zero_init.c.obj (.text:decompress:ZI:__TI_zero_init_nomemset:__TI_zero_init_nomemset)
                  00000ba0    00000012     CortexM.obj (.text)
                  00000bb2    0000000e     rtsv7M4_T_le_v4SPD16_eabi.lib : copy_decompress_none.c.obj (.text:decompress:none:__TI_decompress_none)
                  00000bc0    0000000e     startup_msp432p401r_ccs.obj (.text)
                  00000bce    00000004     rtsv7M4_T_le_v4SPD16_eabi.lib : pre_init.c.obj (.text:_system_pre_init)
                  00000bd2    00000004                                   : exit.c.obj (.text:abort:abort)

.cinit     0    00000bd8    00000048     
                  00000bd8    00000024     (.cinit..data.load) [load image, compression = lzss]
                  00000bfc    0000000c     (__TI_handler_table)
                  00000c08    00000008     (.cinit..bss.load) [load image, compression = zero_init]
                  00000c10    00000010     (__TI_cinit_table)

.init_array 
*          0    00000000    00000000     UNINITIALIZED

.binit     0    00000000    00000000     

.bss       0    20000000    000000a0     UNINITIALIZED
                  20000000    0000008c     (.common:g_ADC_0)
                  2000008c    0000000c     (.common:y)
                  20000098    00000008     (.common:g_DAC_D)

.data      0    200000a0    00000044     UNINITIALIZED
                  200000a0    00000030     main.obj (.data:Tasks)
                  200000d0    00000010     main.obj (.data)
                  200000e0    00000004     system_msp432p401r.obj (.data)

.stack     0    2000fe00    00000200     UNINITIALIZED
                  2000fe00    00000004     rtsv7M4_T_le_v4SPD16_eabi.lib : boot_cortex_m.c.obj (.stack)
                  2000fe04    000001fc     --HOLE--

__llvm_prf_cnts 
*          0    20000000    00000000     UNINITIALIZED

MODULE SUMMARY

       Module                        code   ro data   rw data
       ------                        ----   -------   -------
    .\
       main.obj                      416    0         448    
       system_msp432p401r.obj        820    0         8      
       Clock.obj                     292    0         0      
       SPI.obj                       244    0         0      
       startup_msp432p401r_ccs.obj   14     228       0      
       FSM.obj                       192    0         0      
       TaskScheduler.obj             164    0         0      
       ADC14.obj                     112    0         0      
       LED.obj                       100    0         0      
       CortexM.obj                   18     0         0      
    +--+-----------------------------+------+---------+---------+
       Total:                        2372   228       456    
                                                             
    C:\ti\ccs1200\ccs\tools\compiler\ti-cgt-arm_20.2.6.LTS\lib\rtsv7M4_T_le_v4SPD16_eabi.lib
       memcpy_t2.asm.obj             156    0         0      
       copy_decompress_lzss.c.obj    104    0         0      
       autoinit.c.obj                68     0         0      
       boot_cortex_m.c.obj           52     0         0      
       copy_zero_init.c.obj          28     0         0      
       copy_decompress_none.c.obj    14     0         0      
       exit.c.obj                    4      0         0      
       pre_init.c.obj                4      0         0      
    +--+-----------------------------+------+---------+---------+
       Total:                        430    0         0      
                                                             
       Stack:                        0      0         1024   
       Linker Generated:             0      72        0      
    +--+-----------------------------+------+---------+---------+
       Grand Total:                  2802   300       1480   


LINKER GENERATED COPY TABLES

__TI_cinit_table @ 00000c10 records: 2, size/record: 8, table size: 16
	.data: load addr=00000bd8, load size=00000024 bytes, run addr=200000a0, run size=00000044 bytes, compression=lzss
	.bss: load addr=00000c08, load size=00000008 bytes, run addr=20000000, run size=000000a0 bytes, compression=zero_init


LINKER GENERATED HANDLER TABLE

__TI_handler_table @ 00000bfc records: 3, size/record: 4, table size: 12
	index: 0, handler: __TI_decompress_lzss
	index: 1, handler: __TI_decompress_none
	index: 2, handler: __TI_zero_init


GLOBAL SYMBOLS: SORTED ALPHABETICALLY BY Name 

address   name                          
-------   ----                          
00000bcd  ADC14_IRQHandler              
00000bcd  AES256_IRQHandler             
00000bcd  BusFault_Handler              
00000bd3  C$$EXIT                       
00000bcd  COMP_E0_IRQHandler            
00000bcd  COMP_E1_IRQHandler            
00000bcd  CS_IRQHandler                 
200000d4  CumulativeSum                 
200000d0  CurrentInputSample            
00000bcd  DMA_ERR_IRQHandler            
00000bcd  DMA_INT0_IRQHandler           
00000bcd  DMA_INT1_IRQHandler           
00000bcd  DMA_INT2_IRQHandler           
00000bcd  DMA_INT3_IRQHandler           
00000bcd  DebugMon_Handler              
00000bcd  Default_Handler               
00000ba1  DisableInterrupts             
00000bcd  EUSCIA0_IRQHandler            
00000bcd  EUSCIA1_IRQHandler            
00000bcd  EUSCIA2_IRQHandler            
00000bcd  EUSCIA3_IRQHandler            
00000bcd  EUSCIB0_IRQHandler            
00000bcd  EUSCIB1_IRQHandler            
00000bcd  EUSCIB2_IRQHandler            
00000bcd  EUSCIB3_IRQHandler            
00000ba7  EnableInterrupts              
00000bcd  FLCTL_IRQHandler              
00000bcd  FPU_IRQHandler                
00000bcd  HardFault_Handler             
000009d1  InitializeADC                 
0000082d  InitializeAnalogInput         
000005b9  InitializeClockSystem         
00000811  InitializeDACObject           
000007e7  InitializeDACPins             
000007d1  InitializeFSM                 
00000aa9  InitializeLEDPortPins         
00000891  InitializeTaskSchedulerTimer  
000006dd  InitializeUSCIB0ForSPI        
00000bcd  MemManage_Handler             
200000d8  MovingAverage                 
00000bcd  NMI_Handler                   
00000bcd  PCM_IRQHandler                
00000bcd  PORT1_IRQHandler              
00000bcd  PORT2_IRQHandler              
00000bcd  PORT3_IRQHandler              
00000bcd  PORT4_IRQHandler              
00000bcd  PORT5_IRQHandler              
00000bcd  PORT6_IRQHandler              
00000bcd  PSS_IRQHandler                
00000bcd  PendSV_Handler                
200000dc  Previous                      
00000bcd  RTC_C_IRQHandler              
00000bc1  Reset_Handler                 
00000791  SPIBusy                       
0000075f  SPIReceiveByte                
00000743  SPISendByte                   
00000bcd  SVC_Handler                   
0000090d  SysTick_Handler               
0000090d  SysTick_Handler               
200000e0  SystemCoreClock               
000000e5  SystemCoreClockUpdate         
0000035d  SystemInit                    
00000bcd  T32_INT1_IRQHandler           
00000bcd  T32_INT2_IRQHandler           
00000bcd  T32_INTC_IRQHandler           
00000bcd  TA0_0_IRQHandler              
00000bcd  TA0_N_IRQHandler              
00000bcd  TA1_0_IRQHandler              
00000bcd  TA1_N_IRQHandler              
00000bcd  TA2_0_IRQHandler              
00000bcd  TA2_N_IRQHandler              
00000bcd  TA3_0_IRQHandler              
00000bcd  TA3_N_IRQHandler              
00000489  Task1                         
000004bf  Task2                         
00000529  Task3                         
000008b3  TaskSchedulerISR              
200000a0  Tasks                         
00000bcd  UsageFault_Handler            
4000480c  WDTCTL_SYM                    
00000bcd  WDT_A_IRQHandler              
00000bad  WaitForInterrupt              
20010000  __STACK_END                   
00000200  __STACK_SIZE                  
00000c10  __TI_CINIT_Base               
00000c20  __TI_CINIT_Limit              
00000bfc  __TI_Handler_Table_Base       
00000c08  __TI_Handler_Table_Limit      
00000b0d  __TI_auto_init_nobinit_nopinit
00000a41  __TI_decompress_lzss          
00000bb3  __TI_decompress_none          
ffffffff  __TI_pprof_out_hndl           
ffffffff  __TI_prof_data_size           
ffffffff  __TI_prof_data_start          
00000000  __TI_static_base__            
00000b85  __TI_zero_init_nomemset       
00000935  __aeabi_memcpy                
00000935  __aeabi_memcpy4               
00000935  __aeabi_memcpy8               
ffffffff  __binit__                     
ffffffff  __c_args__                    
UNDEFED   __mpu_init                    
2000fe00  __stack                       
20000000  __start___llvm_prf_cnts       
20000000  __stop___llvm_prf_cnts        
00000b51  _c_int00_noargs               
UNDEFED   _system_post_cinit            
00000bcf  _system_pre_init              
00000bd3  abort                         
ffffffff  binit                         
20000000  g_ADC_0                       
20000098  g_DAC_D                       
00000000  interruptVectors              
00000419  main                          
00000935  memcpy                        
2000008c  y                             


GLOBAL SYMBOLS: SORTED BY Symbol Address 

address   name                          
-------   ----                          
00000000  __TI_static_base__            
00000000  interruptVectors              
000000e5  SystemCoreClockUpdate         
00000200  __STACK_SIZE                  
0000035d  SystemInit                    
00000419  main                          
00000489  Task1                         
000004bf  Task2                         
00000529  Task3                         
000005b9  InitializeClockSystem         
000006dd  InitializeUSCIB0ForSPI        
00000743  SPISendByte                   
0000075f  SPIReceiveByte                
00000791  SPIBusy                       
000007d1  InitializeFSM                 
000007e7  InitializeDACPins             
00000811  InitializeDACObject           
0000082d  InitializeAnalogInput         
00000891  InitializeTaskSchedulerTimer  
000008b3  TaskSchedulerISR              
0000090d  SysTick_Handler               
0000090d  SysTick_Handler               
00000935  __aeabi_memcpy                
00000935  __aeabi_memcpy4               
00000935  __aeabi_memcpy8               
00000935  memcpy                        
000009d1  InitializeADC                 
00000a41  __TI_decompress_lzss          
00000aa9  InitializeLEDPortPins         
00000b0d  __TI_auto_init_nobinit_nopinit
00000b51  _c_int00_noargs               
00000b85  __TI_zero_init_nomemset       
00000ba1  DisableInterrupts             
00000ba7  EnableInterrupts              
00000bad  WaitForInterrupt              
00000bb3  __TI_decompress_none          
00000bc1  Reset_Handler                 
00000bcd  ADC14_IRQHandler              
00000bcd  AES256_IRQHandler             
00000bcd  BusFault_Handler              
00000bcd  COMP_E0_IRQHandler            
00000bcd  COMP_E1_IRQHandler            
00000bcd  CS_IRQHandler                 
00000bcd  DMA_ERR_IRQHandler            
00000bcd  DMA_INT0_IRQHandler           
00000bcd  DMA_INT1_IRQHandler           
00000bcd  DMA_INT2_IRQHandler           
00000bcd  DMA_INT3_IRQHandler           
00000bcd  DebugMon_Handler              
00000bcd  Default_Handler               
00000bcd  EUSCIA0_IRQHandler            
00000bcd  EUSCIA1_IRQHandler            
00000bcd  EUSCIA2_IRQHandler            
00000bcd  EUSCIA3_IRQHandler            
00000bcd  EUSCIB0_IRQHandler            
00000bcd  EUSCIB1_IRQHandler            
00000bcd  EUSCIB2_IRQHandler            
00000bcd  EUSCIB3_IRQHandler            
00000bcd  FLCTL_IRQHandler              
00000bcd  FPU_IRQHandler                
00000bcd  HardFault_Handler             
00000bcd  MemManage_Handler             
00000bcd  NMI_Handler                   
00000bcd  PCM_IRQHandler                
00000bcd  PORT1_IRQHandler              
00000bcd  PORT2_IRQHandler              
00000bcd  PORT3_IRQHandler              
00000bcd  PORT4_IRQHandler              
00000bcd  PORT5_IRQHandler              
00000bcd  PORT6_IRQHandler              
00000bcd  PSS_IRQHandler                
00000bcd  PendSV_Handler                
00000bcd  RTC_C_IRQHandler              
00000bcd  SVC_Handler                   
00000bcd  T32_INT1_IRQHandler           
00000bcd  T32_INT2_IRQHandler           
00000bcd  T32_INTC_IRQHandler           
00000bcd  TA0_0_IRQHandler              
00000bcd  TA0_N_IRQHandler              
00000bcd  TA1_0_IRQHandler              
00000bcd  TA1_N_IRQHandler              
00000bcd  TA2_0_IRQHandler              
00000bcd  TA2_N_IRQHandler              
00000bcd  TA3_0_IRQHandler              
00000bcd  TA3_N_IRQHandler              
00000bcd  UsageFault_Handler            
00000bcd  WDT_A_IRQHandler              
00000bcf  _system_pre_init              
00000bd3  C$$EXIT                       
00000bd3  abort                         
00000bfc  __TI_Handler_Table_Base       
00000c08  __TI_Handler_Table_Limit      
00000c10  __TI_CINIT_Base               
00000c20  __TI_CINIT_Limit              
20000000  __start___llvm_prf_cnts       
20000000  __stop___llvm_prf_cnts        
20000000  g_ADC_0                       
2000008c  y                             
20000098  g_DAC_D                       
200000a0  Tasks                         
200000d0  CurrentInputSample            
200000d4  CumulativeSum                 
200000d8  MovingAverage                 
200000dc  Previous                      
200000e0  SystemCoreClock               
2000fe00  __stack                       
20010000  __STACK_END                   
4000480c  WDTCTL_SYM                    
ffffffff  __TI_pprof_out_hndl           
ffffffff  __TI_prof_data_size           
ffffffff  __TI_prof_data_start          
ffffffff  __binit__                     
ffffffff  __c_args__                    
ffffffff  binit                         
UNDEFED   __mpu_init                    
UNDEFED   _system_post_cinit            

[116 symbols]
