******************************************************************************
                  TI ARM Linker PC v20.2.6                     
******************************************************************************
>> Linked Thu Oct 13 17:21:53 2022

OUTPUT FILE NAME:   <MPEUserInterface.out>
ENTRY POINT SYMBOL: "_c_int00_noargs"  address: 00003e9d


MEMORY CONFIGURATION

         name            origin    length      used     unused   attr    fill
----------------------  --------  ---------  --------  --------  ----  --------
  MAIN                  00000000   00040000  000042b9  0003bd47  R  X
  INFO                  00200000   00004000  00000000  00004000  R  X
  SRAM_CODE             01000000   00010000  00000a4c  0000f5b4  RW X
  SRAM_DATA             20000000   00010000  00000a4c  0000f5b4  RW  


SEGMENT ALLOCATION MAP

run origin  load origin   length   init length attrs members
----------  ----------- ---------- ----------- ----- -------
00000000    00000000    000042c0   000042c0    r-x
  00000000    00000000    000000e4   000000e4    r-- .intvecs
  000000e4    000000e4    0000403c   0000403c    r-x .text
  00004120    00004120    00000101   00000101    r-- .const
  00004228    00004228    00000098   00000098    r-- .cinit
20000000    20000000    0000084c   00000000    rw-
  20000000    20000000    00000400   00000000    rw- .sysmem
  20000400    20000400    00000254   00000000    rw- .bss
  20000654    20000654    000001f8   00000000    rw- .data
2000fe00    2000fe00    00000200   00000000    rw-
  2000fe00    2000fe00    00000200   00000000    rw- .stack


SECTION ALLOCATION MAP

 output                                  attributes/
section   page    origin      length       input sections
--------  ----  ----------  ----------   ----------------
.intvecs   0    00000000    000000e4     
                  00000000    000000e4     startup_msp432p401r_ccs.obj (.intvecs:retain)

.text      0    000000e4    0000403c     
                  000000e4    00000a4e     rtsv7M4_T_le_v4SPD16_eabi.lib : _printfi.c.obj (.text:__TI_printfi)
                  00000b32    00000002                                   : _lock.c.obj (.text:_nop)
                  00000b34    000006b4     UART0.obj (.text)
                  000011e8    00000368     receive.obj (.text)
                  00001550    00000360     main.obj (.text)
                  000018b0    00000334     system_msp432p401r.obj (.text)
                  00001be4    00000270     rtsv7M4_T_le_v4SPD16_eabi.lib : _printfi.c.obj (.text:_pconv_a)
                  00001e54    00000200     transmit.obj (.text)
                  00002054    000001d0     rtsv7M4_T_le_v4SPD16_eabi.lib : _printfi.c.obj (.text:_pconv_g)
                  00002224    000001b6                                   : fd_add_t2.asm.obj (.text)
                  000023da    00000002                                   : div0.asm.obj (.text)
                  000023dc    0000013c                                   : _printfi.c.obj (.text:_pconv_e)
                  00002518    00000136                                   : fd_div_t2.asm.obj (.text)
                  0000264e    00000002     --HOLE-- [fill = 0]
                  00002650    00000128     ReceiveTimerInputCapture.obj (.text)
                  00002778    00000124     Clock.obj (.text)
                  0000289c    00000124     rtsv7M4_T_le_v4SPD16_eabi.lib : _printfi.c.obj (.text:fcvt)
                  000029c0    00000110                                   : fopen.c.obj (.text:_openfile)
                  00002ad0    00000110                                   : s_scalbn.c.obj (.text:scalbn)
                  00002be0    00000100                                   : memory.c.obj (.text:aligned_alloc)
                  00002ce0    000000fc                                   : fd_mul_t2.asm.obj (.text)
                  00002ddc    000000e4                                   : memory.c.obj (.text:free)
                  00002ec0    000000dc                                   : setvbuf.c.obj (.text:setvbuf)
                  00002f9c    000000bc                                   : open.c.obj (.text:open)
                  00003058    000000b8                                   : add_device.c.obj (.text:add_device)
                  00003110    000000b1                                   : _printfi.c.obj (.text:_ltostr)
                  000031c1    00000003     --HOLE-- [fill = 0]
                  000031c4    0000009c                                   : fopen.c.obj (.text:fopen)
                  00003260    0000009c                                   : memcpy_t2.asm.obj (.text)
                  000032fc    00000098     TransmitTimer.obj (.text)
                  00003394    00000096     rtsv7M4_T_le_v4SPD16_eabi.lib : ull_div_t2.asm.obj (.text)
                  0000342a    00000086                                   : fd_cmp_t2.asm.obj (.text:__aeabi_cdcmple)
                  000034b0    00000086                                   : fd_cmp_t2.asm.obj (.text:__aeabi_cdrcmple)
                  00003536    0000007a                                   : memset_t2.asm.obj (.text)
                  000035b0    00000074                                   : fclose.c.obj (.text:__TI_closefile)
                  00003624    00000070                                   : memory.c.obj (.text:split)
                  00003694    0000006e                                   : _printfi.c.obj (.text:_mcpy)
                  00003702    00000002     --HOLE-- [fill = 0]
                  00003704    0000006c                                   : hostrename.c.obj (.text:HOSTrename)
                  00003770    00000068                                   : hostlseek.c.obj (.text:HOSTlseek)
                  000037d8    00000068                                   : copy_decompress_lzss.c.obj (.text:decompress:lzss:__TI_decompress_lzss)
                  00003840    00000064                                   : s_frexp.c.obj (.text:frexp)
                  000038a4    00000060                                   : hostopen.c.obj (.text:HOSTopen)
                  00003904    0000005c                                   : close.c.obj (.text:close)
                  00003960    00000058                                   : hostread.c.obj (.text:HOSTread)
                  000039b8    00000058                                   : hostwrite.c.obj (.text:HOSTwrite)
                  00003a10    00000056                                   : _printfi.c.obj (.text:_pconv_f)
                  00003a66    00000054                                   : _ltoa.c.obj (.text:__TI_ltoa)
                  00003aba    00000052                                   : _printfi.c.obj (.text:_ecpy)
                  00003b0c    0000004c                                   : fflush.c.obj (.text:__TI_doflush)
                  00003b58    0000004c                                   : atoi.c.obj (.text:atoi)
                  00003ba4    00000048                                   : exit.c.obj (.text:exit)
                  00003bec    00000048                                   : fd_toi_t2.asm.obj (.text)
                  00003c34    00000044                                   : hostclose.c.obj (.text:HOSTclose)
                  00003c78    00000044                                   : hostunlink.c.obj (.text:HOSTunlink)
                  00003cbc    00000044                                   : autoinit.c.obj (.text:__TI_auto_init_nobinit_nopinit:__TI_auto_init_nobinit_nopinit)
                  00003d00    00000044                                   : getdevice.c.obj (.text:getdevice)
                  00003d44    00000040                                   : sprintf.c.obj (.text:sprintf)
                  00003d84    0000003e                                   : _printfi.c.obj (.text:_fcpy)
                  00003dc2    00000002     --HOLE-- [fill = 0]
                  00003dc4    00000038                                   : trgmsg.c.obj (.text:__TI_writemsg)
                  00003dfc    00000036                                   : strncpy.c.obj (.text:strncpy)
                  00003e32    00000002     --HOLE-- [fill = 0]
                  00003e34    00000034                                   : fopen.c.obj (.text:__TI_cleanup)
                  00003e68    00000034                                   : trgmsg.c.obj (.text:__TI_readmsg)
                  00003e9c    00000034                                   : boot_cortex_m.c.obj (.text:_c_int00_noargs:_c_int00_noargs)
                  00003ed0    00000034                                   : fopen.c.obj (.text:freopen)
                  00003f04    00000030                                   : getdevice.c.obj (.text:finddevice)
                  00003f34    0000002e                                   : i_tofd_t2.asm.obj (.text)
                  00003f62    00000002     --HOLE-- [fill = 0]
                  00003f64    0000002c                                   : unlink.c.obj (.text:unlink)
                  00003f90    00000028                                   : memory.c.obj (.text:free_list_insert)
                  00003fb8    00000028                                   : write.c.obj (.text:write)
                  00003fe0    0000001c                                   : copy_zero_init.c.obj (.text:decompress:ZI:__TI_zero_init_nomemset:__TI_zero_init_nomemset)
                  00003ffc    0000001c                                   : memory.c.obj (.text:free_list_remove)
                  00004018    0000001c                                   : memccpy.c.obj (.text:memccpy)
                  00004034    0000001a                                   : s_copysign.c.obj (.text:copysign)
                  0000404e    00000018                                   : sprintf.c.obj (.text:_outs)
                  00004066    00000018                                   : strcmp.c.obj (.text:strcmp)
                  0000407e    00000016                                   : strchr.c.obj (.text:strchr)
                  00004094    00000014                                   : strcpy.c.obj (.text:strcpy)
                  000040a8    00000014                                   : strlen.c.obj (.text:strlen)
                  000040bc    00000012     CortexM.obj (.text)
                  000040ce    00000012     rtsv7M4_T_le_v4SPD16_eabi.lib : wcslen.c.obj (.text:wcslen)
                  000040e0    0000000e                                   : copy_decompress_none.c.obj (.text:decompress:none:__TI_decompress_none)
                  000040ee    0000000e     startup_msp432p401r_ccs.obj (.text)
                  000040fc    0000000a     rtsv7M4_T_le_v4SPD16_eabi.lib : sprintf.c.obj (.text:_outc)
                  00004106    00000002     --HOLE-- [fill = 0]
                  00004108    00000008                                   : errno.c.obj (.text:__aeabi_errno_addr)
                  00004110    00000008                                   : memory.c.obj (.text:malloc)
                  00004118    00000004                                   : pre_init.c.obj (.text:_system_pre_init)
                  0000411c    00000004                                   : exit.c.obj (.text:abort:abort)

.const     0    00004120    00000101     
                  00004120    00000101     rtsv7M4_T_le_v4SPD16_eabi.lib : ctype.c.obj (.const:.string:_ctypes_)

.cinit     0    00004228    00000098     
                  00004228    00000070     (.cinit..data.load) [load image, compression = lzss]
                  00004298    0000000c     (__TI_handler_table)
                  000042a4    00000004     --HOLE-- [fill = 0]
                  000042a8    00000008     (.cinit..bss.load) [load image, compression = zero_init]
                  000042b0    00000010     (__TI_cinit_table)

.init_array 
*          0    00000000    00000000     UNINITIALIZED

.binit     0    00000000    00000000     

.sysmem    0    20000000    00000400     UNINITIALIZED
                  20000000    00000010     rtsv7M4_T_le_v4SPD16_eabi.lib : memory.c.obj (.sysmem)
                  20000010    000003f0     --HOLE--

.bss       0    20000400    00000254     UNINITIALIZED
                  20000400    00000120     rtsv7M4_T_le_v4SPD16_eabi.lib : trgmsg.c.obj (.bss:_CIOBUF_)
                  20000520    000000a0     (.common:__TI_tmpnams)
                  200005c0    00000046     (.common:ReceiverEvents)
                  20000606    00000002     --HOLE--
                  20000608    0000001c     (.common:Xmit1)
                  20000624    00000010     (.common:Rcv1)
                  20000634    00000008     (.common:Messageb)
                  2000063c    00000008     (.common:parmbuf)
                  20000644    00000004     (.common:CaptureTaskFalling)
                  20000648    00000004     (.common:CaptureTaskRising)
                  2000064c    00000004     (.common:Messageindexb)
                  20000650    00000004     (.common:TransmitTimerTask)

.data      0    20000654    000001f8     UNINITIALIZED
                  20000654    000000f0     rtsv7M4_T_le_v4SPD16_eabi.lib : defs.c.obj (.data:_ftable)
                  20000744    00000078                                   : host_device.c.obj (.data:_device)
                  200007bc    00000050                                   : host_device.c.obj (.data:_stream)
                  2000080c    00000010                                   : defs.c.obj (.data)
                  2000081c    0000000c                                   : exit.c.obj (.data:$O1$$)
                  20000828    00000008                                   : _lock.c.obj (.data:$O1$$)
                  20000830    00000008                                   : memory.c.obj (.data:$O1$$)
                  20000838    00000004                                   : add_device.c.obj (.data)
                  2000083c    00000004                                   : errno.c.obj (.data)
                  20000840    00000004                                   : fopen.c.obj (.data)
                  20000844    00000004                                   : open.c.obj (.data)
                  20000848    00000004     system_msp432p401r.obj (.data)

.stack     0    2000fe00    00000200     UNINITIALIZED
                  2000fe00    00000004     rtsv7M4_T_le_v4SPD16_eabi.lib : boot_cortex_m.c.obj (.stack)
                  2000fe04    000001fc     --HOLE--

__llvm_prf_cnts 
*          0    20000000    00000000     UNINITIALIZED

MODULE SUMMARY

       Module                         code    ro data   rw data
       ------                         ----    -------   -------
    .\
       UART0.obj                      1716    0         24     
       main.obj                       864     0         228    
       receive.obj                    872     0         0      
       system_msp432p401r.obj         820     0         8      
       transmit.obj                   512     0         0      
       ReceiveTimerInputCapture.obj   296     0         16     
       Clock.obj                      292     0         0      
       startup_msp432p401r_ccs.obj    14      228       0      
       TransmitTimer.obj              152     0         8      
       CortexM.obj                    18      0         0      
    +--+------------------------------+-------+---------+---------+
       Total:                         5556    228       284    
                                                               
    C:\ti\ccs1200\ccs\tools\compiler\ti-cgt-arm_20.2.6.LTS\lib\rtsv7M4_T_le_v4SPD16_eabi.lib
       _printfi.c.obj                 4851    0         0      
       defs.c.obj                     0       0         832    
       memory.c.obj                   672     0         16     
       trgmsg.c.obj                   108     0         576    
       fopen.c.obj                    532     0         8      
       fd_add_t2.asm.obj              438     0         0      
       host_device.c.obj              0       0         400    
       fd_div_t2.asm.obj              310     0         0      
       s_scalbn.c.obj                 272     0         0      
       fd_cmp_t2.asm.obj              268     0         0      
       ctype.c.obj                    0       257       0      
       fd_mul_t2.asm.obj              252     0         0      
       setvbuf.c.obj                  220     0         0      
       open.c.obj                     188     0         8      
       add_device.c.obj               184     0         8      
       memcpy_t2.asm.obj              156     0         0      
       ull_div_t2.asm.obj             150     0         0      
       memset_t2.asm.obj              122     0         0      
       fclose.c.obj                   116     0         0      
       getdevice.c.obj                116     0         0      
       hostopen.c.obj                 96      0         16     
       hostrename.c.obj               108     0         0      
       copy_decompress_lzss.c.obj     104     0         0      
       hostlseek.c.obj                104     0         0      
       exit.c.obj                     76      0         24     
       s_frexp.c.obj                  100     0         0      
       sprintf.c.obj                  98      0         0      
       close.c.obj                    92      0         0      
       hostread.c.obj                 88      0         0      
       hostwrite.c.obj                88      0         0      
       _ltoa.c.obj                    84      0         0      
       atoi.c.obj                     76      0         0      
       fflush.c.obj                   76      0         0      
       fd_toi_t2.asm.obj              72      0         0      
       autoinit.c.obj                 68      0         0      
       hostclose.c.obj                68      0         0      
       hostunlink.c.obj               68      0         0      
       strncpy.c.obj                  54      0         0      
       boot_cortex_m.c.obj            52      0         0      
       i_tofd_t2.asm.obj              46      0         0      
       unlink.c.obj                   44      0         0      
       write.c.obj                    40      0         0      
       copy_zero_init.c.obj           28      0         0      
       memccpy.c.obj                  28      0         0      
       s_copysign.c.obj               26      0         0      
       strcmp.c.obj                   24      0         0      
       strchr.c.obj                   22      0         0      
       strcpy.c.obj                   20      0         0      
       strlen.c.obj                   20      0         0      
       _lock.c.obj                    2       0         16     
       wcslen.c.obj                   18      0         0      
       errno.c.obj                    8       0         8      
       copy_decompress_none.c.obj     14      0         0      
       pre_init.c.obj                 4       0         0      
       div0.asm.obj                   2       0         0      
    +--+------------------------------+-------+---------+---------+
       Total:                         10873   257       1912   
                                                               
       Heap:                          0       0         2048   
       Stack:                         0       0         1024   
       Linker Generated:              0       148       0      
    +--+------------------------------+-------+---------+---------+
       Grand Total:                   16429   633       5268   


LINKER GENERATED COPY TABLES

__TI_cinit_table @ 000042b0 records: 2, size/record: 8, table size: 16
	.data: load addr=00004228, load size=00000070 bytes, run addr=20000654, run size=000001f8 bytes, compression=lzss
	.bss: load addr=000042a8, load size=00000008 bytes, run addr=20000400, run size=00000254 bytes, compression=zero_init


LINKER GENERATED HANDLER TABLE

__TI_handler_table @ 00004298 records: 3, size/record: 4, table size: 12
	index: 0, handler: __TI_decompress_lzss
	index: 1, handler: __TI_decompress_none
	index: 2, handler: __TI_zero_init


GLOBAL SYMBOLS: SORTED ALPHABETICALLY BY Name 

address   name                                  
-------   ----                                  
000040fb  ADC14_IRQHandler                      
000040fb  AES256_IRQHandler                     
000040fb  BusFault_Handler                      
0000411d  C$$EXIT                               
00003df3  C$$IO$$                               
000040fb  COMP_E0_IRQHandler                    
000040fb  COMP_E1_IRQHandler                    
000040fb  CS_IRQHandler                         
20000644  CaptureTaskFalling                    
20000648  CaptureTaskRising                     
000040fb  DMA_ERR_IRQHandler                    
000040fb  DMA_INT0_IRQHandler                   
000040fb  DMA_INT1_IRQHandler                   
000040fb  DMA_INT2_IRQHandler                   
000040fb  DMA_INT3_IRQHandler                   
000040fb  DebugMon_Handler                      
000040fb  Default_Handler                       
000040bd  DisableInterrupts                     
000040fb  EUSCIA0_IRQHandler                    
000040fb  EUSCIA1_IRQHandler                    
000040fb  EUSCIA2_IRQHandler                    
000040fb  EUSCIA3_IRQHandler                    
000040fb  EUSCIB0_IRQHandler                    
000040fb  EUSCIB1_IRQHandler                    
000040fb  EUSCIB2_IRQHandler                    
000040fb  EUSCIB3_IRQHandler                    
000040c3  EnableInterrupts                      
000040fb  FLCTL_IRQHandler                      
000040fb  FPU_IRQHandler                        
00001491  GetEvent                              
00003c35  HOSTclose                             
00003771  HOSTlseek                             
000038a5  HOSTopen                              
00003961  HOSTread                              
00003705  HOSTrename                            
00003c79  HOSTunlink                            
000039b9  HOSTwrite                             
000040fb  HardFault_Handler                     
00002779  InitializeClockSystem                 
00001789  InitializeTransmitReceivePortPins     
000016ef  InitializeTransmitterReceiverVariables
00001417  InsertEvent                           
000040fb  MemManage_Handler                     
20000634  Messageb                              
2000064c  Messageindexb                         
000040fb  NMI_Handler                           
000040fb  PCM_IRQHandler                        
000040fb  PORT1_IRQHandler                      
000040fb  PORT2_IRQHandler                      
000040fb  PORT3_IRQHandler                      
000040fb  PORT4_IRQHandler                      
000040fb  PORT5_IRQHandler                      
000040fb  PORT6_IRQHandler                      
000040fb  PSS_IRQHandler                        
000040fb  PendSV_Handler                        
000040fb  RTC_C_IRQHandler                      
20000624  Rcv1                                  
00002011  ReInitializeXmitter                   
00002651  ReceiveTimerCaptureInitialization     
0000272b  ReceiveTimerStop                      
000011e9  Receiver                              
200005c0  ReceiverEvents                        
000040ef  Reset_Handler                         
000040fb  SVC_Handler                           
000017db  StartTimers                           
000017f1  StopTimers                            
000040fb  SysTick_Handler                       
20000848  SystemCoreClock                       
000018b1  SystemCoreClockUpdate                 
00001b29  SystemInit                            
000040fb  T32_INT1_IRQHandler                   
000040fb  T32_INT2_IRQHandler                   
000040fb  T32_INTC_IRQHandler                   
000040fb  TA0_0_IRQHandler                      
000026e7  TA0_N_IRQHandler                      
000026e7  TA0_N_IRQHandler                      
00003357  TA1_0_IRQHandler                      
00003357  TA1_0_IRQHandler                      
000040fb  TA1_N_IRQHandler                      
000040fb  TA2_0_IRQHandler                      
000040fb  TA2_N_IRQHandler                      
000040fb  TA3_0_IRQHandler                      
000040fb  TA3_N_IRQHandler                      
000014f5  TestWidth                             
000032fd  TransmitTimerInitialization           
00003345  TransmitTimerStop                     
20000650  TransmitTimerTask                     
00001e55  Transmitter                           
00000b7f  UART0_InChar                          
00001009  UART0_InString                        
00000bc9  UART0_InUDec                          
00000ebd  UART0_InUHex                          
00000b35  UART0_Init                            
0000115b  UART0_Initprintf                      
00000b8f  UART0_OutChar                         
00000bab  UART0_OutString                       
00000c4d  UART0_OutUDec                         
00000db9  UART0_OutUDec4                        
00000e0d  UART0_OutUDec5                        
00000e49  UART0_OutUFix1                        
00000e71  UART0_OutUFix2                        
00000f81  UART0_OutUHex                         
00000fed  UART0_OutUHex2                        
000040fb  UsageFault_Handler                    
4000480c  WDTCTL_SYM                            
000040fb  WDT_A_IRQHandler                      
000040c9  WaitForInterrupt                      
20000608  Xmit1                                 
20000400  __CIOBUF_                             
20010000  __STACK_END                           
00000200  __STACK_SIZE                          
00000400  __SYSMEM_SIZE                         
000042b0  __TI_CINIT_Base                       
000042c0  __TI_CINIT_Limit                      
00004298  __TI_Handler_Table_Base               
000042a4  __TI_Handler_Table_Limit              
00003cbd  __TI_auto_init_nobinit_nopinit        
00003e35  __TI_cleanup                          
2000081c  __TI_cleanup_ptr                      
000035b1  __TI_closefile                        
000037d9  __TI_decompress_lzss                  
000040e1  __TI_decompress_none                  
00003b0d  __TI_doflush                          
20000820  __TI_dtors_ptr                        
20000824  __TI_enable_exit_profile_output       
2000080c  __TI_ft_end                           
00003a67  __TI_ltoa                             
ffffffff  __TI_pprof_out_hndl                   
000000e5  __TI_printfi                          
ffffffff  __TI_prof_data_size                   
ffffffff  __TI_prof_data_start                  
00003e69  __TI_readmsg                          
00000000  __TI_static_base__                    
20000520  __TI_tmpnams                          
00003dc5  __TI_writemsg                         
00003fe1  __TI_zero_init_nomemset               
0000342b  __aeabi_cdcmpeq                       
0000342b  __aeabi_cdcmple                       
000034b1  __aeabi_cdrcmple                      
00003bed  __aeabi_d2iz                          
0000222f  __aeabi_dadd                          
00002519  __aeabi_ddiv                          
00002ce1  __aeabi_dmul                          
00002225  __aeabi_dsub                          
00004109  __aeabi_errno_addr                    
00003f35  __aeabi_i2d                           
000023db  __aeabi_idiv0                         
000023db  __aeabi_ldiv0                         
00003537  __aeabi_memclr                        
00003537  __aeabi_memclr4                       
00003537  __aeabi_memclr8                       
00003261  __aeabi_memcpy                        
00003261  __aeabi_memcpy4                       
00003261  __aeabi_memcpy8                       
00003539  __aeabi_memset                        
00003539  __aeabi_memset4                       
00003539  __aeabi_memset8                       
20000818  __aeabi_stderr                        
20000810  __aeabi_stdin                         
20000814  __aeabi_stdout                        
00003395  __aeabi_uldivmod                      
ffffffff  __binit__                             
ffffffff  __c_args__                            
UNDEFED   __mpu_init                            
2000fe00  __stack                               
20000000  __start___llvm_prf_cnts               
20000000  __stop___llvm_prf_cnts                
00003e9d  _c_int00_noargs                       
00004120  _ctypes_                              
20000744  _device                               
20000654  _ftable                               
20000828  _lock                                 
00000b33  _nop                                  
200007bc  _stream                               
20000000  _sys_memory                           
UNDEFED   _system_post_cinit                    
00004119  _system_pre_init                      
2000082c  _unlock                               
0000411d  abort                                 
00003059  add_device                            
00002be1  aligned_alloc                         
00003b59  atoi                                  
ffffffff  binit                                 
00003905  close                                 
00004035  copysign                              
00004035  copysignl                             
2000083c  errno                                 
00003ba5  exit                                  
00001083  fgetc                                 
00003f05  finddevice                            
000031c5  fopen                                 
00002ddd  free                                  
00003ed1  freopen                               
00003841  frexp                                 
00003841  frexpl                                
00003d01  getdevice                             
00000000  interruptVectors                      
00002ad1  ldexp                                 
00002ad1  ldexpl                                
00001551  main                                  
00004111  malloc                                
00002be1  memalign                              
00004019  memccpy                               
00003261  memcpy                                
0000353f  memset                                
00002f9d  open                                  
00000fc5  outnibble                             
2000063c  parmbuf                               
00003f65  remove                                
00002ad1  scalbn                                
00002ad1  scalbnl                               
00002ec1  setvbuf                               
00003d45  sprintf                               
0000407f  strchr                                
00004067  strcmp                                
00004095  strcpy                                
000040a9  strlen                                
00003dfd  strncpy                               
000010b3  uart_close                            
00001131  uart_lseek                            
000010a3  uart_open                             
000010bf  uart_read                             
0000114d  uart_rename                           
00001141  uart_unlink                           
000010ef  uart_write                            
00003f65  unlink                                
000040cf  wcslen                                
00003fb9  write                                 


GLOBAL SYMBOLS: SORTED BY Symbol Address 

address   name                                  
-------   ----                                  
00000000  __TI_static_base__                    
00000000  interruptVectors                      
000000e5  __TI_printfi                          
00000200  __STACK_SIZE                          
00000400  __SYSMEM_SIZE                         
00000b33  _nop                                  
00000b35  UART0_Init                            
00000b7f  UART0_InChar                          
00000b8f  UART0_OutChar                         
00000bab  UART0_OutString                       
00000bc9  UART0_InUDec                          
00000c4d  UART0_OutUDec                         
00000db9  UART0_OutUDec4                        
00000e0d  UART0_OutUDec5                        
00000e49  UART0_OutUFix1                        
00000e71  UART0_OutUFix2                        
00000ebd  UART0_InUHex                          
00000f81  UART0_OutUHex                         
00000fc5  outnibble                             
00000fed  UART0_OutUHex2                        
00001009  UART0_InString                        
00001083  fgetc                                 
000010a3  uart_open                             
000010b3  uart_close                            
000010bf  uart_read                             
000010ef  uart_write                            
00001131  uart_lseek                            
00001141  uart_unlink                           
0000114d  uart_rename                           
0000115b  UART0_Initprintf                      
000011e9  Receiver                              
00001417  InsertEvent                           
00001491  GetEvent                              
000014f5  TestWidth                             
00001551  main                                  
000016ef  InitializeTransmitterReceiverVariables
00001789  InitializeTransmitReceivePortPins     
000017db  StartTimers                           
000017f1  StopTimers                            
000018b1  SystemCoreClockUpdate                 
00001b29  SystemInit                            
00001e55  Transmitter                           
00002011  ReInitializeXmitter                   
00002225  __aeabi_dsub                          
0000222f  __aeabi_dadd                          
000023db  __aeabi_idiv0                         
000023db  __aeabi_ldiv0                         
00002519  __aeabi_ddiv                          
00002651  ReceiveTimerCaptureInitialization     
000026e7  TA0_N_IRQHandler                      
000026e7  TA0_N_IRQHandler                      
0000272b  ReceiveTimerStop                      
00002779  InitializeClockSystem                 
00002ad1  ldexp                                 
00002ad1  ldexpl                                
00002ad1  scalbn                                
00002ad1  scalbnl                               
00002be1  aligned_alloc                         
00002be1  memalign                              
00002ce1  __aeabi_dmul                          
00002ddd  free                                  
00002ec1  setvbuf                               
00002f9d  open                                  
00003059  add_device                            
000031c5  fopen                                 
00003261  __aeabi_memcpy                        
00003261  __aeabi_memcpy4                       
00003261  __aeabi_memcpy8                       
00003261  memcpy                                
000032fd  TransmitTimerInitialization           
00003345  TransmitTimerStop                     
00003357  TA1_0_IRQHandler                      
00003357  TA1_0_IRQHandler                      
00003395  __aeabi_uldivmod                      
0000342b  __aeabi_cdcmpeq                       
0000342b  __aeabi_cdcmple                       
000034b1  __aeabi_cdrcmple                      
00003537  __aeabi_memclr                        
00003537  __aeabi_memclr4                       
00003537  __aeabi_memclr8                       
00003539  __aeabi_memset                        
00003539  __aeabi_memset4                       
00003539  __aeabi_memset8                       
0000353f  memset                                
000035b1  __TI_closefile                        
00003705  HOSTrename                            
00003771  HOSTlseek                             
000037d9  __TI_decompress_lzss                  
00003841  frexp                                 
00003841  frexpl                                
000038a5  HOSTopen                              
00003905  close                                 
00003961  HOSTread                              
000039b9  HOSTwrite                             
00003a67  __TI_ltoa                             
00003b0d  __TI_doflush                          
00003b59  atoi                                  
00003ba5  exit                                  
00003bed  __aeabi_d2iz                          
00003c35  HOSTclose                             
00003c79  HOSTunlink                            
00003cbd  __TI_auto_init_nobinit_nopinit        
00003d01  getdevice                             
00003d45  sprintf                               
00003dc5  __TI_writemsg                         
00003df3  C$$IO$$                               
00003dfd  strncpy                               
00003e35  __TI_cleanup                          
00003e69  __TI_readmsg                          
00003e9d  _c_int00_noargs                       
00003ed1  freopen                               
00003f05  finddevice                            
00003f35  __aeabi_i2d                           
00003f65  remove                                
00003f65  unlink                                
00003fb9  write                                 
00003fe1  __TI_zero_init_nomemset               
00004019  memccpy                               
00004035  copysign                              
00004035  copysignl                             
00004067  strcmp                                
0000407f  strchr                                
00004095  strcpy                                
000040a9  strlen                                
000040bd  DisableInterrupts                     
000040c3  EnableInterrupts                      
000040c9  WaitForInterrupt                      
000040cf  wcslen                                
000040e1  __TI_decompress_none                  
000040ef  Reset_Handler                         
000040fb  ADC14_IRQHandler                      
000040fb  AES256_IRQHandler                     
000040fb  BusFault_Handler                      
000040fb  COMP_E0_IRQHandler                    
000040fb  COMP_E1_IRQHandler                    
000040fb  CS_IRQHandler                         
000040fb  DMA_ERR_IRQHandler                    
000040fb  DMA_INT0_IRQHandler                   
000040fb  DMA_INT1_IRQHandler                   
000040fb  DMA_INT2_IRQHandler                   
000040fb  DMA_INT3_IRQHandler                   
000040fb  DebugMon_Handler                      
000040fb  Default_Handler                       
000040fb  EUSCIA0_IRQHandler                    
000040fb  EUSCIA1_IRQHandler                    
000040fb  EUSCIA2_IRQHandler                    
000040fb  EUSCIA3_IRQHandler                    
000040fb  EUSCIB0_IRQHandler                    
000040fb  EUSCIB1_IRQHandler                    
000040fb  EUSCIB2_IRQHandler                    
000040fb  EUSCIB3_IRQHandler                    
000040fb  FLCTL_IRQHandler                      
000040fb  FPU_IRQHandler                        
000040fb  HardFault_Handler                     
000040fb  MemManage_Handler                     
000040fb  NMI_Handler                           
000040fb  PCM_IRQHandler                        
000040fb  PORT1_IRQHandler                      
000040fb  PORT2_IRQHandler                      
000040fb  PORT3_IRQHandler                      
000040fb  PORT4_IRQHandler                      
000040fb  PORT5_IRQHandler                      
000040fb  PORT6_IRQHandler                      
000040fb  PSS_IRQHandler                        
000040fb  PendSV_Handler                        
000040fb  RTC_C_IRQHandler                      
000040fb  SVC_Handler                           
000040fb  SysTick_Handler                       
000040fb  T32_INT1_IRQHandler                   
000040fb  T32_INT2_IRQHandler                   
000040fb  T32_INTC_IRQHandler                   
000040fb  TA0_0_IRQHandler                      
000040fb  TA1_N_IRQHandler                      
000040fb  TA2_0_IRQHandler                      
000040fb  TA2_N_IRQHandler                      
000040fb  TA3_0_IRQHandler                      
000040fb  TA3_N_IRQHandler                      
000040fb  UsageFault_Handler                    
000040fb  WDT_A_IRQHandler                      
00004109  __aeabi_errno_addr                    
00004111  malloc                                
00004119  _system_pre_init                      
0000411d  C$$EXIT                               
0000411d  abort                                 
00004120  _ctypes_                              
00004298  __TI_Handler_Table_Base               
000042a4  __TI_Handler_Table_Limit              
000042b0  __TI_CINIT_Base                       
000042c0  __TI_CINIT_Limit                      
20000000  __start___llvm_prf_cnts               
20000000  __stop___llvm_prf_cnts                
20000000  _sys_memory                           
20000400  __CIOBUF_                             
20000520  __TI_tmpnams                          
200005c0  ReceiverEvents                        
20000608  Xmit1                                 
20000624  Rcv1                                  
20000634  Messageb                              
2000063c  parmbuf                               
20000644  CaptureTaskFalling                    
20000648  CaptureTaskRising                     
2000064c  Messageindexb                         
20000650  TransmitTimerTask                     
20000654  _ftable                               
20000744  _device                               
200007bc  _stream                               
2000080c  __TI_ft_end                           
20000810  __aeabi_stdin                         
20000814  __aeabi_stdout                        
20000818  __aeabi_stderr                        
2000081c  __TI_cleanup_ptr                      
20000820  __TI_dtors_ptr                        
20000824  __TI_enable_exit_profile_output       
20000828  _lock                                 
2000082c  _unlock                               
2000083c  errno                                 
20000848  SystemCoreClock                       
2000fe00  __stack                               
20010000  __STACK_END                           
4000480c  WDTCTL_SYM                            
ffffffff  __TI_pprof_out_hndl                   
ffffffff  __TI_prof_data_size                   
ffffffff  __TI_prof_data_start                  
ffffffff  __binit__                             
ffffffff  __c_args__                            
ffffffff  binit                                 
UNDEFED   __mpu_init                            
UNDEFED   _system_post_cinit                    

[228 symbols]
