******************************************************************************
                  TI ARM Linker PC v20.2.6                     
******************************************************************************
>> Linked Fri Oct  7 11:35:43 2022

OUTPUT FILE NAME:   <Interrupts Part 4.out>
ENTRY POINT SYMBOL: "_c_int00_noargs"  address: 00000885


MEMORY CONFIGURATION

         name            origin    length      used     unused   attr    fill
----------------------  --------  ---------  --------  --------  ----  --------
  MAIN                  00000000   00040000  0000090e  0003f6f2  R  X
  INFO                  00200000   00004000  00000000  00004000  R  X
  SRAM_CODE             01000000   00010000  00000218  0000fde8  RW X
  SRAM_DATA             20000000   00010000  00000218  0000fde8  RW  


SEGMENT ALLOCATION MAP

run origin  load origin   length   init length attrs members
----------  ----------- ---------- ----------- ----- -------
00000000    00000000    00000910   00000910    r-x
  00000000    00000000    000000e4   000000e4    r-- .intvecs
  000000e4    000000e4    0000080a   0000080a    r-x .text
  000008f0    000008f0    00000020   00000020    r-- .cinit
20000000    20000000    00000018   00000000    rw-
  20000000    20000000    00000018   00000000    rw- .data
2000fe00    2000fe00    00000200   00000000    rw-
  2000fe00    2000fe00    00000200   00000000    rw- .stack


SECTION ALLOCATION MAP

 output                                  attributes/
section   page    origin      length       input sections
--------  ----  ----------  ----------   ----------------
.intvecs   0    00000000    000000e4     
                  00000000    000000e4     startup_msp432p401r_ccs.obj (.intvecs:retain)

.text      0    000000e4    0000080a     
                  000000e4    00000334     system_msp432p401r.obj (.text)
                  00000418    00000124     Clock.obj (.text)
                  0000053c    000000e4     pushbutton.obj (.text)
                  00000620    000000c0     TimerA0.obj (.text)
                  000006e0    0000009c     rtsv7M4_T_le_v4SPD16_eabi.lib : memcpy_t2.asm.obj (.text)
                  0000077c    00000068                                   : copy_decompress_lzss.c.obj (.text:decompress:lzss:__TI_decompress_lzss)
                  000007e4    0000005c     main.obj (.text)
                  00000840    00000044     rtsv7M4_T_le_v4SPD16_eabi.lib : autoinit.c.obj (.text:__TI_auto_init_nobinit_nopinit:__TI_auto_init_nobinit_nopinit)
                  00000884    00000034                                   : boot_cortex_m.c.obj (.text:_c_int00_noargs:_c_int00_noargs)
                  000008b8    00000012     CortexM.obj (.text)
                  000008ca    0000000e     rtsv7M4_T_le_v4SPD16_eabi.lib : copy_decompress_none.c.obj (.text:decompress:none:__TI_decompress_none)
                  000008d8    0000000e     startup_msp432p401r_ccs.obj (.text)
                  000008e6    00000004     rtsv7M4_T_le_v4SPD16_eabi.lib : pre_init.c.obj (.text:_system_pre_init)
                  000008ea    00000004                                   : exit.c.obj (.text:abort:abort)

.cinit     0    000008f0    00000020     
                  000008f0    00000010     (.cinit..data.load) [load image, compression = lzss]
                  00000900    00000008     (__TI_handler_table)
                  00000908    00000008     (__TI_cinit_table)

.init_array 
*          0    00000000    00000000     UNINITIALIZED

.binit     0    00000000    00000000     

.data      0    20000000    00000018     UNINITIALIZED
                  20000000    00000014     main.obj (.data)
                  20000014    00000004     system_msp432p401r.obj (.data)

.stack     0    2000fe00    00000200     UNINITIALIZED
                  2000fe00    00000004     rtsv7M4_T_le_v4SPD16_eabi.lib : boot_cortex_m.c.obj (.stack)
                  2000fe04    000001fc     --HOLE--

__llvm_prf_cnts 
*          0    20000000    00000000     UNINITIALIZED

MODULE SUMMARY

       Module                        code   ro data   rw data
       ------                        ----   -------   -------
    .\
       system_msp432p401r.obj        820    0         8      
       Clock.obj                     292    0         0      
       startup_msp432p401r_ccs.obj   14     228       0      
       pushbutton.obj                228    0         0      
       TimerA0.obj                   192    0         0      
       main.obj                      92     0         40     
       CortexM.obj                   18     0         0      
    +--+-----------------------------+------+---------+---------+
       Total:                        1656   228       48     
                                                             
    C:\ti\ccs1200\ccs\tools\compiler\ti-cgt-arm_20.2.6.LTS\lib\rtsv7M4_T_le_v4SPD16_eabi.lib
       memcpy_t2.asm.obj             156    0         0      
       copy_decompress_lzss.c.obj    104    0         0      
       autoinit.c.obj                68     0         0      
       boot_cortex_m.c.obj           52     0         0      
       copy_decompress_none.c.obj    14     0         0      
       exit.c.obj                    4      0         0      
       pre_init.c.obj                4      0         0      
    +--+-----------------------------+------+---------+---------+
       Total:                        402    0         0      
                                                             
       Stack:                        0      0         1024   
       Linker Generated:             0      32        0      
    +--+-----------------------------+------+---------+---------+
       Grand Total:                  2058   260       1072   


LINKER GENERATED COPY TABLES

__TI_cinit_table @ 00000908 records: 1, size/record: 8, table size: 8
	.data: load addr=000008f0, load size=00000010 bytes, run addr=20000000, run size=00000018 bytes, compression=lzss


LINKER GENERATED HANDLER TABLE

__TI_handler_table @ 00000900 records: 2, size/record: 4, table size: 8
	index: 0, handler: __TI_decompress_lzss
	index: 1, handler: __TI_decompress_none


GLOBAL SYMBOLS: SORTED ALPHABETICALLY BY Name 

address   name                          
-------   ----                          
000008e5  ADC14_IRQHandler              
000008e5  AES256_IRQHandler             
000008e5  BusFault_Handler              
000008eb  C$$EXIT                       
000008e5  COMP_E0_IRQHandler            
000008e5  COMP_E1_IRQHandler            
000008e5  CS_IRQHandler                 
000008e5  DMA_ERR_IRQHandler            
000008e5  DMA_INT0_IRQHandler           
000008e5  DMA_INT1_IRQHandler           
000008e5  DMA_INT2_IRQHandler           
000008e5  DMA_INT3_IRQHandler           
000008e5  DebugMon_Handler              
000008e5  Default_Handler               
000008b9  DisableInterrupts             
000008e5  EUSCIA0_IRQHandler            
000008e5  EUSCIA1_IRQHandler            
000008e5  EUSCIA2_IRQHandler            
000008e5  EUSCIA3_IRQHandler            
000008e5  EUSCIB0_IRQHandler            
000008e5  EUSCIB1_IRQHandler            
000008e5  EUSCIB2_IRQHandler            
000008e5  EUSCIB3_IRQHandler            
000008bf  EnableInterrupts              
000008e5  FLCTL_IRQHandler              
000008e5  FPU_IRQHandler                
000008e5  HardFault_Handler             
00000419  InitializeClockSystem         
0000053d  InitializePushButtonPortPin   
00000621  InitializeTimerA0             
000008e5  MemManage_Handler             
000008e5  NMI_Handler                   
000008e5  PCM_IRQHandler                
000005bb  PORT1_IRQHandler              
000005bb  PORT1_IRQHandler              
000008e5  PORT2_IRQHandler              
000008e5  PORT3_IRQHandler              
000008e5  PORT4_IRQHandler              
000008e5  PORT5_IRQHandler              
000008e5  PORT6_IRQHandler              
000008e5  PSS_IRQHandler                
000008e5  PendSV_Handler                
000008e5  RTC_C_IRQHandler              
000008d9  Reset_Handler                 
000008e5  SVC_Handler                   
000008e5  SysTick_Handler               
20000014  SystemCoreClock               
000000e5  SystemCoreClockUpdate         
0000035d  SystemInit                    
000008e5  T32_INT1_IRQHandler           
000008e5  T32_INT2_IRQHandler           
000008e5  T32_INTC_IRQHandler           
000008e5  TA0_0_IRQHandler              
00000675  TA0_N_IRQHandler              
00000675  TA0_N_IRQHandler              
000008e5  TA1_0_IRQHandler              
000008e5  TA1_N_IRQHandler              
000008e5  TA2_0_IRQHandler              
000008e5  TA2_N_IRQHandler              
000008e5  TA3_0_IRQHandler              
000008e5  TA3_N_IRQHandler              
000008e5  UsageFault_Handler            
4000480c  WDTCTL_SYM                    
000008e5  WDT_A_IRQHandler              
000008c5  WaitForInterrupt              
20010000  __STACK_END                   
00000200  __STACK_SIZE                  
00000908  __TI_CINIT_Base               
00000910  __TI_CINIT_Limit              
00000900  __TI_Handler_Table_Base       
00000908  __TI_Handler_Table_Limit      
00000841  __TI_auto_init_nobinit_nopinit
0000077d  __TI_decompress_lzss          
000008cb  __TI_decompress_none          
ffffffff  __TI_pprof_out_hndl           
ffffffff  __TI_prof_data_size           
ffffffff  __TI_prof_data_start          
00000000  __TI_static_base__            
000006e1  __aeabi_memcpy                
000006e1  __aeabi_memcpy4               
000006e1  __aeabi_memcpy8               
ffffffff  __binit__                     
ffffffff  __c_args__                    
UNDEFED   __mpu_init                    
2000fe00  __stack                       
20000000  __start___llvm_prf_cnts       
20000000  __stop___llvm_prf_cnts        
00000885  _c_int00_noargs               
UNDEFED   _system_post_cinit            
000008e7  _system_pre_init              
000008eb  abort                         
ffffffff  binit                         
20000000  currLEDisRGB                  
20000004  currTime                      
20000010  elapsedTime                   
00000000  interruptVectors              
000007e5  main                          
000006e1  memcpy                        
20000008  numInterrupts                 
2000000c  prevTime                      


GLOBAL SYMBOLS: SORTED BY Symbol Address 

address   name                          
-------   ----                          
00000000  __TI_static_base__            
00000000  interruptVectors              
000000e5  SystemCoreClockUpdate         
00000200  __STACK_SIZE                  
0000035d  SystemInit                    
00000419  InitializeClockSystem         
0000053d  InitializePushButtonPortPin   
000005bb  PORT1_IRQHandler              
000005bb  PORT1_IRQHandler              
00000621  InitializeTimerA0             
00000675  TA0_N_IRQHandler              
00000675  TA0_N_IRQHandler              
000006e1  __aeabi_memcpy                
000006e1  __aeabi_memcpy4               
000006e1  __aeabi_memcpy8               
000006e1  memcpy                        
0000077d  __TI_decompress_lzss          
000007e5  main                          
00000841  __TI_auto_init_nobinit_nopinit
00000885  _c_int00_noargs               
000008b9  DisableInterrupts             
000008bf  EnableInterrupts              
000008c5  WaitForInterrupt              
000008cb  __TI_decompress_none          
000008d9  Reset_Handler                 
000008e5  ADC14_IRQHandler              
000008e5  AES256_IRQHandler             
000008e5  BusFault_Handler              
000008e5  COMP_E0_IRQHandler            
000008e5  COMP_E1_IRQHandler            
000008e5  CS_IRQHandler                 
000008e5  DMA_ERR_IRQHandler            
000008e5  DMA_INT0_IRQHandler           
000008e5  DMA_INT1_IRQHandler           
000008e5  DMA_INT2_IRQHandler           
000008e5  DMA_INT3_IRQHandler           
000008e5  DebugMon_Handler              
000008e5  Default_Handler               
000008e5  EUSCIA0_IRQHandler            
000008e5  EUSCIA1_IRQHandler            
000008e5  EUSCIA2_IRQHandler            
000008e5  EUSCIA3_IRQHandler            
000008e5  EUSCIB0_IRQHandler            
000008e5  EUSCIB1_IRQHandler            
000008e5  EUSCIB2_IRQHandler            
000008e5  EUSCIB3_IRQHandler            
000008e5  FLCTL_IRQHandler              
000008e5  FPU_IRQHandler                
000008e5  HardFault_Handler             
000008e5  MemManage_Handler             
000008e5  NMI_Handler                   
000008e5  PCM_IRQHandler                
000008e5  PORT2_IRQHandler              
000008e5  PORT3_IRQHandler              
000008e5  PORT4_IRQHandler              
000008e5  PORT5_IRQHandler              
000008e5  PORT6_IRQHandler              
000008e5  PSS_IRQHandler                
000008e5  PendSV_Handler                
000008e5  RTC_C_IRQHandler              
000008e5  SVC_Handler                   
000008e5  SysTick_Handler               
000008e5  T32_INT1_IRQHandler           
000008e5  T32_INT2_IRQHandler           
000008e5  T32_INTC_IRQHandler           
000008e5  TA0_0_IRQHandler              
000008e5  TA1_0_IRQHandler              
000008e5  TA1_N_IRQHandler              
000008e5  TA2_0_IRQHandler              
000008e5  TA2_N_IRQHandler              
000008e5  TA3_0_IRQHandler              
000008e5  TA3_N_IRQHandler              
000008e5  UsageFault_Handler            
000008e5  WDT_A_IRQHandler              
000008e7  _system_pre_init              
000008eb  C$$EXIT                       
000008eb  abort                         
00000900  __TI_Handler_Table_Base       
00000908  __TI_CINIT_Base               
00000908  __TI_Handler_Table_Limit      
00000910  __TI_CINIT_Limit              
20000000  __start___llvm_prf_cnts       
20000000  __stop___llvm_prf_cnts        
20000000  currLEDisRGB                  
20000004  currTime                      
20000008  numInterrupts                 
2000000c  prevTime                      
20000010  elapsedTime                   
20000014  SystemCoreClock               
2000fe00  __stack                       
20010000  __STACK_END                   
4000480c  WDTCTL_SYM                    
ffffffff  __TI_pprof_out_hndl           
ffffffff  __TI_prof_data_size           
ffffffff  __TI_prof_data_start          
ffffffff  __binit__                     
ffffffff  __c_args__                    
ffffffff  binit                         
UNDEFED   __mpu_init                    
UNDEFED   _system_post_cinit            

[100 symbols]
