<?xml version="1.0" encoding="ISO-8859-1" ?>
<link_info>
   <banner>TI ARM Linker PC v20.2.6.LTS</banner>
   <copyright>Copyright (c) 1996-2018 Texas Instruments Incorporated</copyright>
   <link_time>0x633200b8</link_time>
   <link_errors>0x0</link_errors>
   <output_file>Interrupts Part 1.out</output_file>
   <entry_point>
      <name>_c_int00_noargs</name>
      <address>0x899</address>
   </entry_point>
   <input_file_list>
      <input_file id="fl-2">
         <path>.\</path>
         <kind>object</kind>
         <file>Clock.obj</file>
         <name>Clock.obj</name>
      </input_file>
      <input_file id="fl-3">
         <path>.\</path>
         <kind>object</kind>
         <file>CortexM.obj</file>
         <name>CortexM.obj</name>
      </input_file>
      <input_file id="fl-4">
         <path>.\</path>
         <kind>object</kind>
         <file>LED.obj</file>
         <name>LED.obj</name>
      </input_file>
      <input_file id="fl-5">
         <path>.\</path>
         <kind>object</kind>
         <file>TimerA0.obj</file>
         <name>TimerA0.obj</name>
      </input_file>
      <input_file id="fl-6">
         <path>.\</path>
         <kind>object</kind>
         <file>main.obj</file>
         <name>main.obj</name>
      </input_file>
      <input_file id="fl-7">
         <path>.\</path>
         <kind>object</kind>
         <file>pushbutton.obj</file>
         <name>pushbutton.obj</name>
      </input_file>
      <input_file id="fl-8">
         <path>.\</path>
         <kind>object</kind>
         <file>startup_msp432p401r_ccs.obj</file>
         <name>startup_msp432p401r_ccs.obj</name>
      </input_file>
      <input_file id="fl-9">
         <path>.\</path>
         <kind>object</kind>
         <file>system_msp432p401r.obj</file>
         <name>system_msp432p401r.obj</name>
      </input_file>
      <input_file id="fl-d">
         <kind>object</kind>
         <file>&lt;internal&gt;</file>
         <name>&lt;internal&gt;</name>
      </input_file>
      <input_file id="fl-c3">
         <path>C:\ti\ccs1200\ccs\tools\compiler\ti-cgt-arm_20.2.6.LTS\lib\</path>
         <kind>archive</kind>
         <file>rtsv7M4_T_le_v4SPD16_eabi.lib</file>
         <name>copy_zero_init.c.obj</name>
      </input_file>
      <input_file id="fl-c4">
         <path>C:\ti\ccs1200\ccs\tools\compiler\ti-cgt-arm_20.2.6.LTS\lib\</path>
         <kind>archive</kind>
         <file>rtsv7M4_T_le_v4SPD16_eabi.lib</file>
         <name>copy_decompress_none.c.obj</name>
      </input_file>
      <input_file id="fl-c5">
         <path>C:\ti\ccs1200\ccs\tools\compiler\ti-cgt-arm_20.2.6.LTS\lib\</path>
         <kind>archive</kind>
         <file>rtsv7M4_T_le_v4SPD16_eabi.lib</file>
         <name>copy_decompress_lzss.c.obj</name>
      </input_file>
      <input_file id="fl-c6">
         <path>C:\ti\ccs1200\ccs\tools\compiler\ti-cgt-arm_20.2.6.LTS\lib\</path>
         <kind>archive</kind>
         <file>rtsv7M4_T_le_v4SPD16_eabi.lib</file>
         <name>boot_cortex_m.c.obj</name>
      </input_file>
      <input_file id="fl-c7">
         <path>C:\ti\ccs1200\ccs\tools\compiler\ti-cgt-arm_20.2.6.LTS\lib\</path>
         <kind>archive</kind>
         <file>rtsv7M4_T_le_v4SPD16_eabi.lib</file>
         <name>memcpy_t2.asm.obj</name>
      </input_file>
      <input_file id="fl-c8">
         <path>C:\ti\ccs1200\ccs\tools\compiler\ti-cgt-arm_20.2.6.LTS\lib\</path>
         <kind>archive</kind>
         <file>rtsv7M4_T_le_v4SPD16_eabi.lib</file>
         <name>memset_t2.asm.obj</name>
      </input_file>
      <input_file id="fl-c9">
         <path>C:\ti\ccs1200\ccs\tools\compiler\ti-cgt-arm_20.2.6.LTS\lib\</path>
         <kind>archive</kind>
         <file>rtsv7M4_T_le_v4SPD16_eabi.lib</file>
         <name>autoinit.c.obj</name>
      </input_file>
      <input_file id="fl-ca">
         <path>C:\ti\ccs1200\ccs\tools\compiler\ti-cgt-arm_20.2.6.LTS\lib\</path>
         <kind>archive</kind>
         <file>rtsv7M4_T_le_v4SPD16_eabi.lib</file>
         <name>pre_init.c.obj</name>
      </input_file>
      <input_file id="fl-cb">
         <path>C:\ti\ccs1200\ccs\tools\compiler\ti-cgt-arm_20.2.6.LTS\lib\</path>
         <kind>archive</kind>
         <file>rtsv7M4_T_le_v4SPD16_eabi.lib</file>
         <name>cpy_tbl.c.obj</name>
      </input_file>
      <input_file id="fl-cc">
         <path>C:\ti\ccs1200\ccs\tools\compiler\ti-cgt-arm_20.2.6.LTS\lib\</path>
         <kind>archive</kind>
         <file>rtsv7M4_T_le_v4SPD16_eabi.lib</file>
         <name>exit.c.obj</name>
      </input_file>
      <input_file id="fl-cd">
         <path>C:\ti\ccs1200\ccs\tools\compiler\ti-cgt-arm_20.2.6.LTS\lib\</path>
         <kind>archive</kind>
         <file>rtsv7M4_T_le_v4SPD16_eabi.lib</file>
         <name>_lock.c.obj</name>
      </input_file>
      <input_file id="fl-ce">
         <path>C:\ti\ccs1200\ccs\tools\compiler\ti-cgt-arm_20.2.6.LTS\lib\</path>
         <kind>archive</kind>
         <file>rtsv7M4_T_le_v4SPD16_eabi.lib</file>
         <name>args_main.c.obj</name>
      </input_file>
   </input_file_list>
   <object_component_list>
      <object_component id="oc-26">
         <name>.intvecs:retain</name>
         <load_address>0x0</load_address>
         <run_address>0x0</run_address>
         <size>0xe4</size>
         <input_file_ref idref="fl-8"/>
      </object_component>
      <object_component id="oc-b1">
         <name>.text</name>
         <load_address>0xe4</load_address>
         <run_address>0xe4</run_address>
         <size>0x334</size>
         <input_file_ref idref="fl-9"/>
      </object_component>
      <object_component id="oc-da">
         <name>.text</name>
         <load_address>0x418</load_address>
         <run_address>0x418</run_address>
         <size>0x124</size>
         <input_file_ref idref="fl-2"/>
      </object_component>
      <object_component id="oc-73">
         <name>.text</name>
         <load_address>0x53c</load_address>
         <run_address>0x53c</run_address>
         <size>0xcc</size>
         <input_file_ref idref="fl-7"/>
      </object_component>
      <object_component id="oc-37">
         <name>.text</name>
         <load_address>0x608</load_address>
         <run_address>0x608</run_address>
         <size>0x9c</size>
         <input_file_ref idref="fl-c7"/>
      </object_component>
      <object_component id="oc-6d">
         <name>.text</name>
         <load_address>0x6a4</load_address>
         <run_address>0x6a4</run_address>
         <size>0x98</size>
         <input_file_ref idref="fl-5"/>
      </object_component>
      <object_component id="oc-17">
         <name>.text:decompress:lzss:__TI_decompress_lzss</name>
         <load_address>0x73c</load_address>
         <run_address>0x73c</run_address>
         <size>0x68</size>
         <input_file_ref idref="fl-c5"/>
      </object_component>
      <object_component id="oc-e0">
         <name>.text</name>
         <load_address>0x7a4</load_address>
         <run_address>0x7a4</run_address>
         <size>0x64</size>
         <input_file_ref idref="fl-4"/>
      </object_component>
      <object_component id="oc-9f">
         <name>.text</name>
         <load_address>0x808</load_address>
         <run_address>0x808</run_address>
         <size>0x4c</size>
         <input_file_ref idref="fl-6"/>
      </object_component>
      <object_component id="oc-f8">
         <name>.text:__TI_auto_init_nobinit_nopinit:__TI_auto_init_nobinit_nopinit</name>
         <load_address>0x854</load_address>
         <run_address>0x854</run_address>
         <size>0x44</size>
         <input_file_ref idref="fl-c9"/>
      </object_component>
      <object_component id="oc-55">
         <name>.text:_c_int00_noargs:_c_int00_noargs</name>
         <load_address>0x898</load_address>
         <run_address>0x898</run_address>
         <size>0x34</size>
         <input_file_ref idref="fl-c6"/>
      </object_component>
      <object_component id="oc-d4">
         <name>.text</name>
         <load_address>0x8cc</load_address>
         <run_address>0x8cc</run_address>
         <size>0x12</size>
         <input_file_ref idref="fl-3"/>
      </object_component>
      <object_component id="oc-1d">
         <name>.text:decompress:none:__TI_decompress_none</name>
         <load_address>0x8de</load_address>
         <run_address>0x8de</run_address>
         <size>0xe</size>
         <input_file_ref idref="fl-c4"/>
      </object_component>
      <object_component id="oc-67">
         <name>.text</name>
         <load_address>0x8ec</load_address>
         <run_address>0x8ec</run_address>
         <size>0xe</size>
         <input_file_ref idref="fl-8"/>
      </object_component>
      <object_component id="oc-99">
         <name>.text:_system_pre_init</name>
         <load_address>0x8fa</load_address>
         <run_address>0x8fa</run_address>
         <size>0x4</size>
         <input_file_ref idref="fl-ca"/>
      </object_component>
      <object_component id="oc-ec">
         <name>.text:abort:abort</name>
         <load_address>0x8fe</load_address>
         <run_address>0x8fe</run_address>
         <size>0x4</size>
         <input_file_ref idref="fl-cc"/>
      </object_component>
      <object_component id="oc-1cd">
         <name>.cinit..data.load</name>
         <load_address>0x908</load_address>
         <run_address>0x908</run_address>
         <size>0x9</size>
      </object_component>
      <object_component id="oc-1cb">
         <name>__TI_handler_table</name>
         <load_address>0x914</load_address>
         <run_address>0x914</run_address>
         <size>0x8</size>
      </object_component>
      <object_component id="oc-1cc">
         <name>__TI_cinit_table</name>
         <load_address>0x91c</load_address>
         <run_address>0x91c</run_address>
         <size>0x8</size>
      </object_component>
      <object_component id="oc-19f">
         <name>.binit</name>
         <load_address>0x0</load_address>
         <run_address>0x0</run_address>
         <size>0x0</size>
      </object_component>
      <object_component id="oc-b8">
         <name>.data</name>
         <load_address>0x20000004</load_address>
         <run_address>0x20000004</run_address>
         <size>0x1</size>
         <input_file_ref idref="fl-6"/>
      </object_component>
      <object_component id="oc-12a">
         <name>.data</name>
         <load_address>0x20000000</load_address>
         <run_address>0x20000000</run_address>
         <size>0x4</size>
         <input_file_ref idref="fl-9"/>
      </object_component>
      <object_component id="oc-29">
         <name>.stack</name>
         <uninitialized>true</uninitialized>
         <run_address>0x2000fe00</run_address>
         <size>0x4</size>
         <input_file_ref idref="fl-c6"/>
      </object_component>
      <object_component id="oc-1cf">
         <name>.stack</name>
         <uninitialized>true</uninitialized>
         <run_address>0x2000fe00</run_address>
         <size>0x0</size>
      </object_component>
      <object_component id="oc-13a">
         <name>.debug_info</name>
         <load_address>0x0</load_address>
         <run_address>0x0</run_address>
         <size>0x541</size>
         <input_file_ref idref="fl-2"/>
      </object_component>
      <object_component id="oc-db">
         <name>.debug_info</name>
         <load_address>0x541</load_address>
         <run_address>0x541</run_address>
         <size>0x174</size>
         <input_file_ref idref="fl-2"/>
      </object_component>
      <object_component id="oc-162">
         <name>.debug_info</name>
         <load_address>0x6b5</load_address>
         <run_address>0x6b5</run_address>
         <size>0x37e2</size>
         <input_file_ref idref="fl-2"/>
      </object_component>
      <object_component id="oc-bf">
         <name>.debug_info</name>
         <load_address>0x3e97</load_address>
         <run_address>0x3e97</run_address>
         <size>0x26b</size>
         <input_file_ref idref="fl-2"/>
      </object_component>
      <object_component id="oc-167">
         <name>.debug_info</name>
         <load_address>0x4102</load_address>
         <run_address>0x4102</run_address>
         <size>0x1055</size>
         <input_file_ref idref="fl-2"/>
      </object_component>
      <object_component id="oc-e7">
         <name>.debug_info</name>
         <load_address>0x5157</load_address>
         <run_address>0x5157</run_address>
         <size>0x8b</size>
         <input_file_ref idref="fl-2"/>
      </object_component>
      <object_component id="oc-135">
         <name>.debug_info</name>
         <load_address>0x51e2</load_address>
         <run_address>0x51e2</run_address>
         <size>0x2a4</size>
         <input_file_ref idref="fl-2"/>
      </object_component>
      <object_component id="oc-12e">
         <name>.debug_info</name>
         <load_address>0x5486</load_address>
         <run_address>0x5486</run_address>
         <size>0xbb</size>
         <input_file_ref idref="fl-2"/>
      </object_component>
      <object_component id="oc-d6">
         <name>.debug_info</name>
         <load_address>0x5541</load_address>
         <run_address>0x5541</run_address>
         <size>0x1e0</size>
         <input_file_ref idref="fl-3"/>
      </object_component>
      <object_component id="oc-32">
         <name>.debug_info</name>
         <load_address>0x5721</load_address>
         <run_address>0x5721</run_address>
         <size>0x84</size>
         <input_file_ref idref="fl-3"/>
      </object_component>
      <object_component id="oc-e2">
         <name>.debug_info</name>
         <load_address>0x57a5</load_address>
         <run_address>0x57a5</run_address>
         <size>0x12a</size>
         <input_file_ref idref="fl-4"/>
      </object_component>
      <object_component id="oc-6f">
         <name>.debug_info</name>
         <load_address>0x58cf</load_address>
         <run_address>0x58cf</run_address>
         <size>0x187</size>
         <input_file_ref idref="fl-5"/>
      </object_component>
      <object_component id="oc-b9">
         <name>.debug_info</name>
         <load_address>0x5a56</load_address>
         <run_address>0x5a56</run_address>
         <size>0xf1</size>
         <input_file_ref idref="fl-6"/>
      </object_component>
      <object_component id="oc-a1">
         <name>.debug_info</name>
         <load_address>0x5b47</load_address>
         <run_address>0x5b47</run_address>
         <size>0x203</size>
         <input_file_ref idref="fl-6"/>
      </object_component>
      <object_component id="oc-74">
         <name>.debug_info</name>
         <load_address>0x5d4a</load_address>
         <run_address>0x5d4a</run_address>
         <size>0x1aa</size>
         <input_file_ref idref="fl-7"/>
      </object_component>
      <object_component id="oc-7b">
         <name>.debug_info</name>
         <load_address>0x5ef4</load_address>
         <run_address>0x5ef4</run_address>
         <size>0x2e0</size>
         <input_file_ref idref="fl-8"/>
      </object_component>
      <object_component id="oc-27">
         <name>.debug_info</name>
         <load_address>0x61d4</load_address>
         <run_address>0x61d4</run_address>
         <size>0x10c</size>
         <input_file_ref idref="fl-8"/>
      </object_component>
      <object_component id="oc-6a">
         <name>.debug_info</name>
         <load_address>0x62e0</load_address>
         <run_address>0x62e0</run_address>
         <size>0x1d3</size>
         <input_file_ref idref="fl-8"/>
      </object_component>
      <object_component id="oc-12b">
         <name>.debug_info</name>
         <load_address>0x64b3</load_address>
         <run_address>0x64b3</run_address>
         <size>0x105</size>
         <input_file_ref idref="fl-9"/>
      </object_component>
      <object_component id="oc-b3">
         <name>.debug_info</name>
         <load_address>0x65b8</load_address>
         <run_address>0x65b8</run_address>
         <size>0x277</size>
         <input_file_ref idref="fl-9"/>
      </object_component>
      <object_component id="oc-42">
         <name>.debug_info</name>
         <load_address>0x682f</load_address>
         <run_address>0x682f</run_address>
         <size>0x2a8</size>
         <input_file_ref idref="fl-c4"/>
      </object_component>
      <object_component id="oc-1f">
         <name>.debug_info</name>
         <load_address>0x6ad7</load_address>
         <run_address>0x6ad7</run_address>
         <size>0x1ea</size>
         <input_file_ref idref="fl-c4"/>
      </object_component>
      <object_component id="oc-3d">
         <name>.debug_info</name>
         <load_address>0x6cc1</load_address>
         <run_address>0x6cc1</run_address>
         <size>0x46</size>
         <input_file_ref idref="fl-c4"/>
      </object_component>
      <object_component id="oc-85">
         <name>.debug_info</name>
         <load_address>0x6d07</load_address>
         <run_address>0x6d07</run_address>
         <size>0x2c</size>
         <input_file_ref idref="fl-c4"/>
      </object_component>
      <object_component id="oc-83">
         <name>.debug_info</name>
         <load_address>0x6d33</load_address>
         <run_address>0x6d33</run_address>
         <size>0x29e</size>
         <input_file_ref idref="fl-c5"/>
      </object_component>
      <object_component id="oc-1b">
         <name>.debug_info</name>
         <load_address>0x6fd1</load_address>
         <run_address>0x6fd1</run_address>
         <size>0x250</size>
         <input_file_ref idref="fl-c5"/>
      </object_component>
      <object_component id="oc-2d">
         <name>.debug_info</name>
         <load_address>0x7221</load_address>
         <run_address>0x7221</run_address>
         <size>0x60</size>
         <input_file_ref idref="fl-c5"/>
      </object_component>
      <object_component id="oc-c4">
         <name>.debug_info</name>
         <load_address>0x7281</load_address>
         <run_address>0x7281</run_address>
         <size>0x46</size>
         <input_file_ref idref="fl-c5"/>
      </object_component>
      <object_component id="oc-7e">
         <name>.debug_info</name>
         <load_address>0x72c7</load_address>
         <run_address>0x72c7</run_address>
         <size>0x39</size>
         <input_file_ref idref="fl-c5"/>
      </object_component>
      <object_component id="oc-2a">
         <name>.debug_info</name>
         <load_address>0x7300</load_address>
         <run_address>0x7300</run_address>
         <size>0x10b</size>
         <input_file_ref idref="fl-c6"/>
      </object_component>
      <object_component id="oc-56">
         <name>.debug_info</name>
         <load_address>0x740b</load_address>
         <run_address>0x740b</run_address>
         <size>0x1a9</size>
         <input_file_ref idref="fl-c6"/>
      </object_component>
      <object_component id="oc-39">
         <name>.debug_info</name>
         <load_address>0x75b4</load_address>
         <run_address>0x75b4</run_address>
         <size>0x119</size>
         <input_file_ref idref="fl-c7"/>
      </object_component>
      <object_component id="oc-149">
         <name>.debug_info</name>
         <load_address>0x76cd</load_address>
         <run_address>0x76cd</run_address>
         <size>0x4b3</size>
         <input_file_ref idref="fl-c9"/>
      </object_component>
      <object_component id="oc-fa">
         <name>.debug_info</name>
         <load_address>0x7b80</load_address>
         <run_address>0x7b80</run_address>
         <size>0x1a6</size>
         <input_file_ref idref="fl-c9"/>
      </object_component>
      <object_component id="oc-17c">
         <name>.debug_info</name>
         <load_address>0x7d26</load_address>
         <run_address>0x7d26</run_address>
         <size>0x39</size>
         <input_file_ref idref="fl-c9"/>
      </object_component>
      <object_component id="oc-190">
         <name>.debug_info</name>
         <load_address>0x7d5f</load_address>
         <run_address>0x7d5f</run_address>
         <size>0x39</size>
         <input_file_ref idref="fl-c9"/>
      </object_component>
      <object_component id="oc-181">
         <name>.debug_info</name>
         <load_address>0x7d98</load_address>
         <run_address>0x7d98</run_address>
         <size>0x39</size>
         <input_file_ref idref="fl-c9"/>
      </object_component>
      <object_component id="oc-186">
         <name>.debug_info</name>
         <load_address>0x7dd1</load_address>
         <run_address>0x7dd1</run_address>
         <size>0xcd</size>
         <input_file_ref idref="fl-c9"/>
      </object_component>
      <object_component id="oc-9c">
         <name>.debug_info</name>
         <load_address>0x7e9e</load_address>
         <run_address>0x7e9e</run_address>
         <size>0x153</size>
         <input_file_ref idref="fl-ca"/>
      </object_component>
      <object_component id="oc-ed">
         <name>.debug_info</name>
         <load_address>0x7ff1</load_address>
         <run_address>0x7ff1</run_address>
         <size>0x122</size>
         <input_file_ref idref="fl-cc"/>
      </object_component>
      <object_component id="oc-1d0">
         <name>.debug_info</name>
         <load_address>0x8113</load_address>
         <run_address>0x8113</run_address>
         <size>0xb8</size>
      </object_component>
      <object_component id="oc-161">
         <name>.debug_line</name>
         <load_address>0x0</load_address>
         <run_address>0x0</run_address>
         <size>0x20</size>
         <input_file_ref idref="fl-2"/>
      </object_component>
      <object_component id="oc-df">
         <name>.debug_line</name>
         <load_address>0x20</load_address>
         <run_address>0x20</run_address>
         <size>0x67</size>
         <input_file_ref idref="fl-2"/>
      </object_component>
      <object_component id="oc-165">
         <name>.debug_line</name>
         <load_address>0x87</load_address>
         <run_address>0x87</run_address>
         <size>0x58</size>
         <input_file_ref idref="fl-2"/>
      </object_component>
      <object_component id="oc-c2">
         <name>.debug_line</name>
         <load_address>0xdf</load_address>
         <run_address>0xdf</run_address>
         <size>0x6f</size>
         <input_file_ref idref="fl-2"/>
      </object_component>
      <object_component id="oc-16a">
         <name>.debug_line</name>
         <load_address>0x14e</load_address>
         <run_address>0x14e</run_address>
         <size>0x5b</size>
         <input_file_ref idref="fl-2"/>
      </object_component>
      <object_component id="oc-ea">
         <name>.debug_line</name>
         <load_address>0x1a9</load_address>
         <run_address>0x1a9</run_address>
         <size>0x20</size>
         <input_file_ref idref="fl-2"/>
      </object_component>
      <object_component id="oc-138">
         <name>.debug_line</name>
         <load_address>0x1c9</load_address>
         <run_address>0x1c9</run_address>
         <size>0x73</size>
         <input_file_ref idref="fl-2"/>
      </object_component>
      <object_component id="oc-131">
         <name>.debug_line</name>
         <load_address>0x23c</load_address>
         <run_address>0x23c</run_address>
         <size>0x70</size>
         <input_file_ref idref="fl-2"/>
      </object_component>
      <object_component id="oc-d5">
         <name>.debug_line</name>
         <load_address>0x2ac</load_address>
         <run_address>0x2ac</run_address>
         <size>0x75</size>
         <input_file_ref idref="fl-3"/>
      </object_component>
      <object_component id="oc-35">
         <name>.debug_line</name>
         <load_address>0x321</load_address>
         <run_address>0x321</run_address>
         <size>0x20</size>
         <input_file_ref idref="fl-3"/>
      </object_component>
      <object_component id="oc-e1">
         <name>.debug_line</name>
         <load_address>0x341</load_address>
         <run_address>0x341</run_address>
         <size>0x48</size>
         <input_file_ref idref="fl-4"/>
      </object_component>
      <object_component id="oc-6e">
         <name>.debug_line</name>
         <load_address>0x389</load_address>
         <run_address>0x389</run_address>
         <size>0x6c</size>
         <input_file_ref idref="fl-5"/>
      </object_component>
      <object_component id="oc-134">
         <name>.debug_line</name>
         <load_address>0x3f5</load_address>
         <run_address>0x3f5</run_address>
         <size>0x2d</size>
         <input_file_ref idref="fl-6"/>
      </object_component>
      <object_component id="oc-a4">
         <name>.debug_line</name>
         <load_address>0x422</load_address>
         <run_address>0x422</run_address>
         <size>0x58</size>
         <input_file_ref idref="fl-6"/>
      </object_component>
      <object_component id="oc-77">
         <name>.debug_line</name>
         <load_address>0x47a</load_address>
         <run_address>0x47a</run_address>
         <size>0x72</size>
         <input_file_ref idref="fl-7"/>
      </object_component>
      <object_component id="oc-be">
         <name>.debug_line</name>
         <load_address>0x4ec</load_address>
         <run_address>0x4ec</run_address>
         <size>0x40</size>
         <input_file_ref idref="fl-8"/>
      </object_component>
      <object_component id="oc-7a">
         <name>.debug_line</name>
         <load_address>0x52c</load_address>
         <run_address>0x52c</run_address>
         <size>0x40</size>
         <input_file_ref idref="fl-8"/>
      </object_component>
      <object_component id="oc-6c">
         <name>.debug_line</name>
         <load_address>0x56c</load_address>
         <run_address>0x56c</run_address>
         <size>0x71</size>
         <input_file_ref idref="fl-8"/>
      </object_component>
      <object_component id="oc-15f">
         <name>.debug_line</name>
         <load_address>0x5dd</load_address>
         <run_address>0x5dd</run_address>
         <size>0x3b</size>
         <input_file_ref idref="fl-9"/>
      </object_component>
      <object_component id="oc-b2">
         <name>.debug_line</name>
         <load_address>0x618</load_address>
         <run_address>0x618</run_address>
         <size>0x134</size>
         <input_file_ref idref="fl-9"/>
      </object_component>
      <object_component id="oc-8b">
         <name>.debug_line</name>
         <load_address>0x74c</load_address>
         <run_address>0x74c</run_address>
         <size>0x20</size>
         <input_file_ref idref="fl-c4"/>
      </object_component>
      <object_component id="oc-22">
         <name>.debug_line</name>
         <load_address>0x76c</load_address>
         <run_address>0x76c</run_address>
         <size>0x55</size>
         <input_file_ref idref="fl-c4"/>
      </object_component>
      <object_component id="oc-40">
         <name>.debug_line</name>
         <load_address>0x7c1</load_address>
         <run_address>0x7c1</run_address>
         <size>0x3a</size>
         <input_file_ref idref="fl-c4"/>
      </object_component>
      <object_component id="oc-88">
         <name>.debug_line</name>
         <load_address>0x7fb</load_address>
         <run_address>0x7fb</run_address>
         <size>0x92</size>
         <input_file_ref idref="fl-c4"/>
      </object_component>
      <object_component id="oc-ca">
         <name>.debug_line</name>
         <load_address>0x88d</load_address>
         <run_address>0x88d</run_address>
         <size>0x20</size>
         <input_file_ref idref="fl-c5"/>
      </object_component>
      <object_component id="oc-1a">
         <name>.debug_line</name>
         <load_address>0x8ad</load_address>
         <run_address>0x8ad</run_address>
         <size>0xa9</size>
         <input_file_ref idref="fl-c5"/>
      </object_component>
      <object_component id="oc-30">
         <name>.debug_line</name>
         <load_address>0x956</load_address>
         <run_address>0x956</run_address>
         <size>0x3a</size>
         <input_file_ref idref="fl-c5"/>
      </object_component>
      <object_component id="oc-c7">
         <name>.debug_line</name>
         <load_address>0x990</load_address>
         <run_address>0x990</run_address>
         <size>0x9a</size>
         <input_file_ref idref="fl-c5"/>
      </object_component>
      <object_component id="oc-81">
         <name>.debug_line</name>
         <load_address>0xa2a</load_address>
         <run_address>0xa2a</run_address>
         <size>0x96</size>
         <input_file_ref idref="fl-c5"/>
      </object_component>
      <object_component id="oc-7d">
         <name>.debug_line</name>
         <load_address>0xac0</load_address>
         <run_address>0xac0</run_address>
         <size>0x33</size>
         <input_file_ref idref="fl-c6"/>
      </object_component>
      <object_component id="oc-59">
         <name>.debug_line</name>
         <load_address>0xaf3</load_address>
         <run_address>0xaf3</run_address>
         <size>0x45</size>
         <input_file_ref idref="fl-c6"/>
      </object_component>
      <object_component id="oc-3b">
         <name>.debug_line</name>
         <load_address>0xb38</load_address>
         <run_address>0xb38</run_address>
         <size>0x88</size>
         <input_file_ref idref="fl-c7"/>
      </object_component>
      <object_component id="oc-17b">
         <name>.debug_line</name>
         <load_address>0xbc0</load_address>
         <run_address>0xbc0</run_address>
         <size>0xbf</size>
         <input_file_ref idref="fl-c9"/>
      </object_component>
      <object_component id="oc-fd">
         <name>.debug_line</name>
         <load_address>0xc7f</load_address>
         <run_address>0xc7f</run_address>
         <size>0x6f</size>
         <input_file_ref idref="fl-c9"/>
      </object_component>
      <object_component id="oc-17f">
         <name>.debug_line</name>
         <load_address>0xcee</load_address>
         <run_address>0xcee</run_address>
         <size>0x2e</size>
         <input_file_ref idref="fl-c9"/>
      </object_component>
      <object_component id="oc-193">
         <name>.debug_line</name>
         <load_address>0xd1c</load_address>
         <run_address>0xd1c</run_address>
         <size>0x9a</size>
         <input_file_ref idref="fl-c9"/>
      </object_component>
      <object_component id="oc-184">
         <name>.debug_line</name>
         <load_address>0xdb6</load_address>
         <run_address>0xdb6</run_address>
         <size>0x97</size>
         <input_file_ref idref="fl-c9"/>
      </object_component>
      <object_component id="oc-189">
         <name>.debug_line</name>
         <load_address>0xe4d</load_address>
         <run_address>0xe4d</run_address>
         <size>0x93</size>
         <input_file_ref idref="fl-c9"/>
      </object_component>
      <object_component id="oc-9b">
         <name>.debug_line</name>
         <load_address>0xee0</load_address>
         <run_address>0xee0</run_address>
         <size>0x40</size>
         <input_file_ref idref="fl-ca"/>
      </object_component>
      <object_component id="oc-f0">
         <name>.debug_line</name>
         <load_address>0xf20</load_address>
         <run_address>0xf20</run_address>
         <size>0x3c</size>
         <input_file_ref idref="fl-cc"/>
      </object_component>
      <object_component id="oc-de">
         <name>.debug_frame</name>
         <load_address>0x0</load_address>
         <run_address>0x0</run_address>
         <size>0x58</size>
         <input_file_ref idref="fl-2"/>
      </object_component>
      <object_component id="oc-d9">
         <name>.debug_frame</name>
         <load_address>0x58</load_address>
         <run_address>0x58</run_address>
         <size>0x7c</size>
         <input_file_ref idref="fl-3"/>
      </object_component>
      <object_component id="oc-e5">
         <name>.debug_frame</name>
         <load_address>0xd4</load_address>
         <run_address>0xd4</run_address>
         <size>0x54</size>
         <input_file_ref idref="fl-4"/>
      </object_component>
      <object_component id="oc-72">
         <name>.debug_frame</name>
         <load_address>0x128</load_address>
         <run_address>0x128</run_address>
         <size>0x68</size>
         <input_file_ref idref="fl-5"/>
      </object_component>
      <object_component id="oc-a0">
         <name>.debug_frame</name>
         <load_address>0x190</load_address>
         <run_address>0x190</run_address>
         <size>0x58</size>
         <input_file_ref idref="fl-6"/>
      </object_component>
      <object_component id="oc-78">
         <name>.debug_frame</name>
         <load_address>0x1e8</load_address>
         <run_address>0x1e8</run_address>
         <size>0x68</size>
         <input_file_ref idref="fl-7"/>
      </object_component>
      <object_component id="oc-68">
         <name>.debug_frame</name>
         <load_address>0x250</load_address>
         <run_address>0x250</run_address>
         <size>0x6c</size>
         <input_file_ref idref="fl-8"/>
      </object_component>
      <object_component id="oc-b6">
         <name>.debug_frame</name>
         <load_address>0x2bc</load_address>
         <run_address>0x2bc</run_address>
         <size>0x70</size>
         <input_file_ref idref="fl-9"/>
      </object_component>
      <object_component id="oc-21">
         <name>.debug_frame</name>
         <load_address>0x32c</load_address>
         <run_address>0x32c</run_address>
         <size>0x54</size>
         <input_file_ref idref="fl-c4"/>
      </object_component>
      <object_component id="oc-18">
         <name>.debug_frame</name>
         <load_address>0x380</load_address>
         <run_address>0x380</run_address>
         <size>0x60</size>
         <input_file_ref idref="fl-c5"/>
      </object_component>
      <object_component id="oc-5a">
         <name>.debug_frame</name>
         <load_address>0x3e0</load_address>
         <run_address>0x3e0</run_address>
         <size>0x50</size>
         <input_file_ref idref="fl-c6"/>
      </object_component>
      <object_component id="oc-f9">
         <name>.debug_frame</name>
         <load_address>0x430</load_address>
         <run_address>0x430</run_address>
         <size>0x5c</size>
         <input_file_ref idref="fl-c9"/>
      </object_component>
      <object_component id="oc-9e">
         <name>.debug_frame</name>
         <load_address>0x48c</load_address>
         <run_address>0x48c</run_address>
         <size>0x54</size>
         <input_file_ref idref="fl-ca"/>
      </object_component>
      <object_component id="oc-f1">
         <name>.debug_frame</name>
         <load_address>0x4e0</load_address>
         <run_address>0x4e0</run_address>
         <size>0x54</size>
         <input_file_ref idref="fl-cc"/>
      </object_component>
      <object_component id="oc-160">
         <name>.debug_abbrev</name>
         <load_address>0x0</load_address>
         <run_address>0x0</run_address>
         <size>0x71</size>
         <input_file_ref idref="fl-2"/>
      </object_component>
      <object_component id="oc-13c">
         <name>.debug_abbrev</name>
         <load_address>0x71</load_address>
         <run_address>0x71</run_address>
         <size>0x60</size>
         <input_file_ref idref="fl-2"/>
      </object_component>
      <object_component id="oc-164">
         <name>.debug_abbrev</name>
         <load_address>0xd1</load_address>
         <run_address>0xd1</run_address>
         <size>0xbd</size>
         <input_file_ref idref="fl-2"/>
      </object_component>
      <object_component id="oc-c1">
         <name>.debug_abbrev</name>
         <load_address>0x18e</load_address>
         <run_address>0x18e</run_address>
         <size>0x69</size>
         <input_file_ref idref="fl-2"/>
      </object_component>
      <object_component id="oc-169">
         <name>.debug_abbrev</name>
         <load_address>0x1f7</load_address>
         <run_address>0x1f7</run_address>
         <size>0x97</size>
         <input_file_ref idref="fl-2"/>
      </object_component>
      <object_component id="oc-e9">
         <name>.debug_abbrev</name>
         <load_address>0x28e</load_address>
         <run_address>0x28e</run_address>
         <size>0x1f</size>
         <input_file_ref idref="fl-2"/>
      </object_component>
      <object_component id="oc-137">
         <name>.debug_abbrev</name>
         <load_address>0x2ad</load_address>
         <run_address>0x2ad</run_address>
         <size>0x5c</size>
         <input_file_ref idref="fl-2"/>
      </object_component>
      <object_component id="oc-130">
         <name>.debug_abbrev</name>
         <load_address>0x309</load_address>
         <run_address>0x309</run_address>
         <size>0x24</size>
         <input_file_ref idref="fl-2"/>
      </object_component>
      <object_component id="oc-13b">
         <name>.debug_abbrev</name>
         <load_address>0x32d</load_address>
         <run_address>0x32d</run_address>
         <size>0x50</size>
         <input_file_ref idref="fl-3"/>
      </object_component>
      <object_component id="oc-34">
         <name>.debug_abbrev</name>
         <load_address>0x37d</load_address>
         <run_address>0x37d</run_address>
         <size>0x1f</size>
         <input_file_ref idref="fl-3"/>
      </object_component>
      <object_component id="oc-13d">
         <name>.debug_abbrev</name>
         <load_address>0x39c</load_address>
         <run_address>0x39c</run_address>
         <size>0x50</size>
         <input_file_ref idref="fl-4"/>
      </object_component>
      <object_component id="oc-bb">
         <name>.debug_abbrev</name>
         <load_address>0x3ec</load_address>
         <run_address>0x3ec</run_address>
         <size>0x50</size>
         <input_file_ref idref="fl-5"/>
      </object_component>
      <object_component id="oc-133">
         <name>.debug_abbrev</name>
         <load_address>0x43c</load_address>
         <run_address>0x43c</run_address>
         <size>0x29</size>
         <input_file_ref idref="fl-6"/>
      </object_component>
      <object_component id="oc-e6">
         <name>.debug_abbrev</name>
         <load_address>0x465</load_address>
         <run_address>0x465</run_address>
         <size>0x60</size>
         <input_file_ref idref="fl-6"/>
      </object_component>
      <object_component id="oc-bc">
         <name>.debug_abbrev</name>
         <load_address>0x4c5</load_address>
         <run_address>0x4c5</run_address>
         <size>0x50</size>
         <input_file_ref idref="fl-7"/>
      </object_component>
      <object_component id="oc-bd">
         <name>.debug_abbrev</name>
         <load_address>0x515</load_address>
         <run_address>0x515</run_address>
         <size>0x7c</size>
         <input_file_ref idref="fl-8"/>
      </object_component>
      <object_component id="oc-79">
         <name>.debug_abbrev</name>
         <load_address>0x591</load_address>
         <run_address>0x591</run_address>
         <size>0x29</size>
         <input_file_ref idref="fl-8"/>
      </object_component>
      <object_component id="oc-b7">
         <name>.debug_abbrev</name>
         <load_address>0x5ba</load_address>
         <run_address>0x5ba</run_address>
         <size>0x89</size>
         <input_file_ref idref="fl-8"/>
      </object_component>
      <object_component id="oc-15e">
         <name>.debug_abbrev</name>
         <load_address>0x643</load_address>
         <run_address>0x643</run_address>
         <size>0x29</size>
         <input_file_ref idref="fl-9"/>
      </object_component>
      <object_component id="oc-12d">
         <name>.debug_abbrev</name>
         <load_address>0x66c</load_address>
         <run_address>0x66c</run_address>
         <size>0x8b</size>
         <input_file_ref idref="fl-9"/>
      </object_component>
      <object_component id="oc-8a">
         <name>.debug_abbrev</name>
         <load_address>0x6f7</load_address>
         <run_address>0x6f7</run_address>
         <size>0x37</size>
         <input_file_ref idref="fl-c4"/>
      </object_component>
      <object_component id="oc-3c">
         <name>.debug_abbrev</name>
         <load_address>0x72e</load_address>
         <run_address>0x72e</run_address>
         <size>0x74</size>
         <input_file_ref idref="fl-c4"/>
      </object_component>
      <object_component id="oc-3f">
         <name>.debug_abbrev</name>
         <load_address>0x7a2</load_address>
         <run_address>0x7a2</run_address>
         <size>0x24</size>
         <input_file_ref idref="fl-c4"/>
      </object_component>
      <object_component id="oc-87">
         <name>.debug_abbrev</name>
         <load_address>0x7c6</load_address>
         <run_address>0x7c6</run_address>
         <size>0x24</size>
         <input_file_ref idref="fl-c4"/>
      </object_component>
      <object_component id="oc-c9">
         <name>.debug_abbrev</name>
         <load_address>0x7ea</load_address>
         <run_address>0x7ea</run_address>
         <size>0x37</size>
         <input_file_ref idref="fl-c5"/>
      </object_component>
      <object_component id="oc-2c">
         <name>.debug_abbrev</name>
         <load_address>0x821</load_address>
         <run_address>0x821</run_address>
         <size>0x6f</size>
         <input_file_ref idref="fl-c5"/>
      </object_component>
      <object_component id="oc-2f">
         <name>.debug_abbrev</name>
         <load_address>0x890</load_address>
         <run_address>0x890</run_address>
         <size>0x24</size>
         <input_file_ref idref="fl-c5"/>
      </object_component>
      <object_component id="oc-c6">
         <name>.debug_abbrev</name>
         <load_address>0x8b4</load_address>
         <run_address>0x8b4</run_address>
         <size>0x35</size>
         <input_file_ref idref="fl-c5"/>
      </object_component>
      <object_component id="oc-80">
         <name>.debug_abbrev</name>
         <load_address>0x8e9</load_address>
         <run_address>0x8e9</run_address>
         <size>0x24</size>
         <input_file_ref idref="fl-c5"/>
      </object_component>
      <object_component id="oc-7c">
         <name>.debug_abbrev</name>
         <load_address>0x90d</load_address>
         <run_address>0x90d</run_address>
         <size>0x29</size>
         <input_file_ref idref="fl-c6"/>
      </object_component>
      <object_component id="oc-a8">
         <name>.debug_abbrev</name>
         <load_address>0x936</load_address>
         <run_address>0x936</run_address>
         <size>0x55</size>
         <input_file_ref idref="fl-c6"/>
      </object_component>
      <object_component id="oc-84">
         <name>.debug_abbrev</name>
         <load_address>0x98b</load_address>
         <run_address>0x98b</run_address>
         <size>0x3e</size>
         <input_file_ref idref="fl-c7"/>
      </object_component>
      <object_component id="oc-17a">
         <name>.debug_abbrev</name>
         <load_address>0x9c9</load_address>
         <run_address>0x9c9</run_address>
         <size>0xc0</size>
         <input_file_ref idref="fl-c9"/>
      </object_component>
      <object_component id="oc-148">
         <name>.debug_abbrev</name>
         <load_address>0xa89</load_address>
         <run_address>0xa89</run_address>
         <size>0x7e</size>
         <input_file_ref idref="fl-c9"/>
      </object_component>
      <object_component id="oc-17e">
         <name>.debug_abbrev</name>
         <load_address>0xb07</load_address>
         <run_address>0xb07</run_address>
         <size>0x24</size>
         <input_file_ref idref="fl-c9"/>
      </object_component>
      <object_component id="oc-192">
         <name>.debug_abbrev</name>
         <load_address>0xb2b</load_address>
         <run_address>0xb2b</run_address>
         <size>0x24</size>
         <input_file_ref idref="fl-c9"/>
      </object_component>
      <object_component id="oc-183">
         <name>.debug_abbrev</name>
         <load_address>0xb4f</load_address>
         <run_address>0xb4f</run_address>
         <size>0x24</size>
         <input_file_ref idref="fl-c9"/>
      </object_component>
      <object_component id="oc-188">
         <name>.debug_abbrev</name>
         <load_address>0xb73</load_address>
         <run_address>0xb73</run_address>
         <size>0x4b</size>
         <input_file_ref idref="fl-c9"/>
      </object_component>
      <object_component id="oc-d3">
         <name>.debug_abbrev</name>
         <load_address>0xbbe</load_address>
         <run_address>0xbbe</run_address>
         <size>0x55</size>
         <input_file_ref idref="fl-ca"/>
      </object_component>
      <object_component id="oc-13e">
         <name>.debug_abbrev</name>
         <load_address>0xc13</load_address>
         <run_address>0xc13</run_address>
         <size>0x45</size>
         <input_file_ref idref="fl-cc"/>
      </object_component>
      <object_component id="oc-1d1">
         <name>.debug_abbrev</name>
         <load_address>0xc58</load_address>
         <run_address>0xc58</run_address>
         <size>0xf</size>
      </object_component>
      <object_component id="oc-166">
         <name>.debug_str</name>
         <load_address>0x0</load_address>
         <run_address>0x0</run_address>
         <size>0x15e2</size>
         <input_file_ref idref="fl-2"/>
      </object_component>
      <object_component id="oc-c3">
         <name>.debug_str</name>
         <load_address>0x15e2</load_address>
         <run_address>0x15e2</run_address>
         <size>0x2c9</size>
         <input_file_ref idref="fl-2"/>
      </object_component>
      <object_component id="oc-16b">
         <name>.debug_str</name>
         <load_address>0x18ab</load_address>
         <run_address>0x18ab</run_address>
         <size>0x49e</size>
         <input_file_ref idref="fl-2"/>
      </object_component>
      <object_component id="oc-eb">
         <name>.debug_str</name>
         <load_address>0x1d49</load_address>
         <run_address>0x1d49</run_address>
         <size>0xfd</size>
         <input_file_ref idref="fl-2"/>
      </object_component>
      <object_component id="oc-139">
         <name>.debug_str</name>
         <load_address>0x1e46</load_address>
         <run_address>0x1e46</run_address>
         <size>0x35f</size>
         <input_file_ref idref="fl-2"/>
      </object_component>
      <object_component id="oc-132">
         <name>.debug_str</name>
         <load_address>0x21a5</load_address>
         <run_address>0x21a5</run_address>
         <size>0x161</size>
         <input_file_ref idref="fl-2"/>
      </object_component>
      <object_component id="oc-36">
         <name>.debug_str</name>
         <load_address>0x2306</load_address>
         <run_address>0x2306</run_address>
         <size>0xfd</size>
         <input_file_ref idref="fl-3"/>
      </object_component>
      <object_component id="oc-41">
         <name>.debug_str</name>
         <load_address>0x2403</load_address>
         <run_address>0x2403</run_address>
         <size>0x10b</size>
         <input_file_ref idref="fl-c4"/>
      </object_component>
      <object_component id="oc-89">
         <name>.debug_str</name>
         <load_address>0x250e</load_address>
         <run_address>0x250e</run_address>
         <size>0x140</size>
         <input_file_ref idref="fl-c4"/>
      </object_component>
      <object_component id="oc-31">
         <name>.debug_str</name>
         <load_address>0x264e</load_address>
         <run_address>0x264e</run_address>
         <size>0x118</size>
         <input_file_ref idref="fl-c5"/>
      </object_component>
      <object_component id="oc-c8">
         <name>.debug_str</name>
         <load_address>0x2766</load_address>
         <run_address>0x2766</run_address>
         <size>0x16b</size>
         <input_file_ref idref="fl-c5"/>
      </object_component>
      <object_component id="oc-82">
         <name>.debug_str</name>
         <load_address>0x28d1</load_address>
         <run_address>0x28d1</run_address>
         <size>0x158</size>
         <input_file_ref idref="fl-c5"/>
      </object_component>
      <object_component id="oc-180">
         <name>.debug_str</name>
         <load_address>0x2a29</load_address>
         <run_address>0x2a29</run_address>
         <size>0xed</size>
         <input_file_ref idref="fl-c9"/>
      </object_component>
      <object_component id="oc-194">
         <name>.debug_str</name>
         <load_address>0x2b16</load_address>
         <run_address>0x2b16</run_address>
         <size>0x157</size>
         <input_file_ref idref="fl-c9"/>
      </object_component>
      <object_component id="oc-185">
         <name>.debug_str</name>
         <load_address>0x2c6d</load_address>
         <run_address>0x2c6d</run_address>
         <size>0x150</size>
         <input_file_ref idref="fl-c9"/>
      </object_component>
      <object_component id="oc-18a">
         <name>.debug_str</name>
         <load_address>0x2dbd</load_address>
         <run_address>0x2dbd</run_address>
         <size>0x197</size>
         <input_file_ref idref="fl-c9"/>
      </object_component>
      <object_component id="oc-dc">
         <name>.debug_aranges</name>
         <load_address>0x0</load_address>
         <run_address>0x0</run_address>
         <size>0x20</size>
         <input_file_ref idref="fl-2"/>
      </object_component>
      <object_component id="oc-d7">
         <name>.debug_aranges</name>
         <load_address>0x20</load_address>
         <run_address>0x20</run_address>
         <size>0x30</size>
         <input_file_ref idref="fl-3"/>
      </object_component>
      <object_component id="oc-e3">
         <name>.debug_aranges</name>
         <load_address>0x50</load_address>
         <run_address>0x50</run_address>
         <size>0x20</size>
         <input_file_ref idref="fl-4"/>
      </object_component>
      <object_component id="oc-70">
         <name>.debug_aranges</name>
         <load_address>0x70</load_address>
         <run_address>0x70</run_address>
         <size>0x28</size>
         <input_file_ref idref="fl-5"/>
      </object_component>
      <object_component id="oc-a2">
         <name>.debug_aranges</name>
         <load_address>0x98</load_address>
         <run_address>0x98</run_address>
         <size>0x20</size>
         <input_file_ref idref="fl-6"/>
      </object_component>
      <object_component id="oc-76">
         <name>.debug_aranges</name>
         <load_address>0xb8</load_address>
         <run_address>0xb8</run_address>
         <size>0x28</size>
         <input_file_ref idref="fl-7"/>
      </object_component>
      <object_component id="oc-69">
         <name>.debug_aranges</name>
         <load_address>0xe0</load_address>
         <run_address>0xe0</run_address>
         <size>0x28</size>
         <input_file_ref idref="fl-8"/>
      </object_component>
      <object_component id="oc-b5">
         <name>.debug_aranges</name>
         <load_address>0x108</load_address>
         <run_address>0x108</run_address>
         <size>0x28</size>
         <input_file_ref idref="fl-9"/>
      </object_component>
      <object_component id="oc-1e">
         <name>.debug_aranges</name>
         <load_address>0x130</load_address>
         <run_address>0x130</run_address>
         <size>0x20</size>
         <input_file_ref idref="fl-c4"/>
      </object_component>
      <object_component id="oc-19">
         <name>.debug_aranges</name>
         <load_address>0x150</load_address>
         <run_address>0x150</run_address>
         <size>0x20</size>
         <input_file_ref idref="fl-c5"/>
      </object_component>
      <object_component id="oc-58">
         <name>.debug_aranges</name>
         <load_address>0x170</load_address>
         <run_address>0x170</run_address>
         <size>0x20</size>
         <input_file_ref idref="fl-c6"/>
      </object_component>
      <object_component id="oc-38">
         <name>.debug_aranges</name>
         <load_address>0x190</load_address>
         <run_address>0x190</run_address>
         <size>0x20</size>
         <input_file_ref idref="fl-c7"/>
      </object_component>
      <object_component id="oc-fc">
         <name>.debug_aranges</name>
         <load_address>0x1b0</load_address>
         <run_address>0x1b0</run_address>
         <size>0x20</size>
         <input_file_ref idref="fl-c9"/>
      </object_component>
      <object_component id="oc-9a">
         <name>.debug_aranges</name>
         <load_address>0x1d0</load_address>
         <run_address>0x1d0</run_address>
         <size>0x20</size>
         <input_file_ref idref="fl-ca"/>
      </object_component>
      <object_component id="oc-ef">
         <name>.debug_aranges</name>
         <load_address>0x1f0</load_address>
         <run_address>0x1f0</run_address>
         <size>0x20</size>
         <input_file_ref idref="fl-cc"/>
      </object_component>
      <object_component id="oc-dd">
         <name>.debug_pubnames</name>
         <load_address>0x0</load_address>
         <run_address>0x0</run_address>
         <size>0x2c</size>
         <input_file_ref idref="fl-2"/>
      </object_component>
      <object_component id="oc-d8">
         <name>.debug_pubnames</name>
         <load_address>0x2c</load_address>
         <run_address>0x2c</run_address>
         <size>0x52</size>
         <input_file_ref idref="fl-3"/>
      </object_component>
      <object_component id="oc-e4">
         <name>.debug_pubnames</name>
         <load_address>0x7e</load_address>
         <run_address>0x7e</run_address>
         <size>0x2c</size>
         <input_file_ref idref="fl-4"/>
      </object_component>
      <object_component id="oc-71">
         <name>.debug_pubnames</name>
         <load_address>0xaa</load_address>
         <run_address>0xaa</run_address>
         <size>0x3d</size>
         <input_file_ref idref="fl-5"/>
      </object_component>
      <object_component id="oc-ba">
         <name>.debug_pubnames</name>
         <load_address>0xe7</load_address>
         <run_address>0xe7</run_address>
         <size>0x23</size>
         <input_file_ref idref="fl-6"/>
      </object_component>
      <object_component id="oc-a3">
         <name>.debug_pubnames</name>
         <load_address>0x10a</load_address>
         <run_address>0x10a</run_address>
         <size>0x1b</size>
         <input_file_ref idref="fl-6"/>
      </object_component>
      <object_component id="oc-75">
         <name>.debug_pubnames</name>
         <load_address>0x125</load_address>
         <run_address>0x125</run_address>
         <size>0x47</size>
         <input_file_ref idref="fl-7"/>
      </object_component>
      <object_component id="oc-28">
         <name>.debug_pubnames</name>
         <load_address>0x16c</load_address>
         <run_address>0x16c</run_address>
         <size>0x27</size>
         <input_file_ref idref="fl-8"/>
      </object_component>
      <object_component id="oc-6b">
         <name>.debug_pubnames</name>
         <load_address>0x193</load_address>
         <run_address>0x193</run_address>
         <size>0x38</size>
         <input_file_ref idref="fl-8"/>
      </object_component>
      <object_component id="oc-12c">
         <name>.debug_pubnames</name>
         <load_address>0x1cb</load_address>
         <run_address>0x1cb</run_address>
         <size>0x26</size>
         <input_file_ref idref="fl-9"/>
      </object_component>
      <object_component id="oc-b4">
         <name>.debug_pubnames</name>
         <load_address>0x1f1</load_address>
         <run_address>0x1f1</run_address>
         <size>0x3b</size>
         <input_file_ref idref="fl-9"/>
      </object_component>
      <object_component id="oc-20">
         <name>.debug_pubnames</name>
         <load_address>0x22c</load_address>
         <run_address>0x22c</run_address>
         <size>0x2b</size>
         <input_file_ref idref="fl-c4"/>
      </object_component>
      <object_component id="oc-1c">
         <name>.debug_pubnames</name>
         <load_address>0x257</load_address>
         <run_address>0x257</run_address>
         <size>0x2b</size>
         <input_file_ref idref="fl-c5"/>
      </object_component>
      <object_component id="oc-2b">
         <name>.debug_pubnames</name>
         <load_address>0x282</load_address>
         <run_address>0x282</run_address>
         <size>0x1e</size>
         <input_file_ref idref="fl-c6"/>
      </object_component>
      <object_component id="oc-57">
         <name>.debug_pubnames</name>
         <load_address>0x2a0</load_address>
         <run_address>0x2a0</run_address>
         <size>0x26</size>
         <input_file_ref idref="fl-c6"/>
      </object_component>
      <object_component id="oc-3a">
         <name>.debug_pubnames</name>
         <load_address>0x2c6</load_address>
         <run_address>0x2c6</run_address>
         <size>0x1d</size>
         <input_file_ref idref="fl-c7"/>
      </object_component>
      <object_component id="oc-fb">
         <name>.debug_pubnames</name>
         <load_address>0x2e3</load_address>
         <run_address>0x2e3</run_address>
         <size>0x35</size>
         <input_file_ref idref="fl-c9"/>
      </object_component>
      <object_component id="oc-9d">
         <name>.debug_pubnames</name>
         <load_address>0x318</load_address>
         <run_address>0x318</run_address>
         <size>0x27</size>
         <input_file_ref idref="fl-ca"/>
      </object_component>
      <object_component id="oc-ee">
         <name>.debug_pubnames</name>
         <load_address>0x33f</load_address>
         <run_address>0x33f</run_address>
         <size>0x1c</size>
         <input_file_ref idref="fl-cc"/>
      </object_component>
      <object_component id="oc-163">
         <name>.debug_pubtypes</name>
         <load_address>0x0</load_address>
         <run_address>0x0</run_address>
         <size>0x2ce</size>
         <input_file_ref idref="fl-2"/>
      </object_component>
      <object_component id="oc-c0">
         <name>.debug_pubtypes</name>
         <load_address>0x2ce</load_address>
         <run_address>0x2ce</run_address>
         <size>0x25c</size>
         <input_file_ref idref="fl-2"/>
      </object_component>
      <object_component id="oc-168">
         <name>.debug_pubtypes</name>
         <load_address>0x52a</load_address>
         <run_address>0x52a</run_address>
         <size>0xdd</size>
         <input_file_ref idref="fl-2"/>
      </object_component>
      <object_component id="oc-e8">
         <name>.debug_pubtypes</name>
         <load_address>0x607</load_address>
         <run_address>0x607</run_address>
         <size>0xff</size>
         <input_file_ref idref="fl-2"/>
      </object_component>
      <object_component id="oc-136">
         <name>.debug_pubtypes</name>
         <load_address>0x706</load_address>
         <run_address>0x706</run_address>
         <size>0x330</size>
         <input_file_ref idref="fl-2"/>
      </object_component>
      <object_component id="oc-12f">
         <name>.debug_pubtypes</name>
         <load_address>0xa36</load_address>
         <run_address>0xa36</run_address>
         <size>0xaa</size>
         <input_file_ref idref="fl-2"/>
      </object_component>
      <object_component id="oc-33">
         <name>.debug_pubtypes</name>
         <load_address>0xae0</load_address>
         <run_address>0xae0</run_address>
         <size>0xed</size>
         <input_file_ref idref="fl-3"/>
      </object_component>
      <object_component id="oc-3e">
         <name>.debug_pubtypes</name>
         <load_address>0xbcd</load_address>
         <run_address>0xbcd</run_address>
         <size>0x48</size>
         <input_file_ref idref="fl-c4"/>
      </object_component>
      <object_component id="oc-86">
         <name>.debug_pubtypes</name>
         <load_address>0xc15</load_address>
         <run_address>0xc15</run_address>
         <size>0x1d</size>
         <input_file_ref idref="fl-c4"/>
      </object_component>
      <object_component id="oc-2e">
         <name>.debug_pubtypes</name>
         <load_address>0xc32</load_address>
         <run_address>0xc32</run_address>
         <size>0x5d</size>
         <input_file_ref idref="fl-c5"/>
      </object_component>
      <object_component id="oc-c5">
         <name>.debug_pubtypes</name>
         <load_address>0xc8f</load_address>
         <run_address>0xc8f</run_address>
         <size>0x48</size>
         <input_file_ref idref="fl-c5"/>
      </object_component>
      <object_component id="oc-7f">
         <name>.debug_pubtypes</name>
         <load_address>0xcd7</load_address>
         <run_address>0xcd7</run_address>
         <size>0x35</size>
         <input_file_ref idref="fl-c5"/>
      </object_component>
      <object_component id="oc-17d">
         <name>.debug_pubtypes</name>
         <load_address>0xd0c</load_address>
         <run_address>0xd0c</run_address>
         <size>0x32</size>
         <input_file_ref idref="fl-c9"/>
      </object_component>
      <object_component id="oc-191">
         <name>.debug_pubtypes</name>
         <load_address>0xd3e</load_address>
         <run_address>0xd3e</run_address>
         <size>0x30</size>
         <input_file_ref idref="fl-c9"/>
      </object_component>
      <object_component id="oc-182">
         <name>.debug_pubtypes</name>
         <load_address>0xd6e</load_address>
         <run_address>0xd6e</run_address>
         <size>0x2c</size>
         <input_file_ref idref="fl-c9"/>
      </object_component>
      <object_component id="oc-187">
         <name>.debug_pubtypes</name>
         <load_address>0xd9a</load_address>
         <run_address>0xd9a</run_address>
         <size>0x50</size>
         <input_file_ref idref="fl-c9"/>
      </object_component>
   </object_component_list>
   <logical_group_list>
      <logical_group id="lg-3" display="no" color="cyan">
         <name>.intvecs</name>
         <load_address>0x0</load_address>
         <run_address>0x0</run_address>
         <size>0xe4</size>
         <contents>
            <object_component_ref idref="oc-26"/>
         </contents>
      </logical_group>
      <logical_group id="lg-4" display="no" color="cyan">
         <name>.text</name>
         <load_address>0xe4</load_address>
         <run_address>0xe4</run_address>
         <size>0x81e</size>
         <contents>
            <object_component_ref idref="oc-b1"/>
            <object_component_ref idref="oc-da"/>
            <object_component_ref idref="oc-73"/>
            <object_component_ref idref="oc-37"/>
            <object_component_ref idref="oc-6d"/>
            <object_component_ref idref="oc-17"/>
            <object_component_ref idref="oc-e0"/>
            <object_component_ref idref="oc-9f"/>
            <object_component_ref idref="oc-f8"/>
            <object_component_ref idref="oc-55"/>
            <object_component_ref idref="oc-d4"/>
            <object_component_ref idref="oc-1d"/>
            <object_component_ref idref="oc-67"/>
            <object_component_ref idref="oc-99"/>
            <object_component_ref idref="oc-ec"/>
         </contents>
      </logical_group>
      <logical_group id="lg-5" display="no" color="cyan">
         <name>.const</name>
         <run_address>0x0</run_address>
         <size>0x0</size>
         <contents>
         </contents>
      </logical_group>
      <logical_group id="lg-6" display="no" color="cyan">
         <name>.cinit</name>
         <load_address>0x908</load_address>
         <run_address>0x908</run_address>
         <size>0x1c</size>
         <contents>
            <object_component_ref idref="oc-1cd"/>
            <object_component_ref idref="oc-1cb"/>
            <object_component_ref idref="oc-1cc"/>
         </contents>
      </logical_group>
      <logical_group id="lg-7" display="no" color="cyan">
         <name>.pinit</name>
         <run_address>0x0</run_address>
         <size>0x0</size>
         <contents>
         </contents>
      </logical_group>
      <logical_group id="lg-8" display="no" color="cyan">
         <name>.init_array</name>
         <run_address>0x0</run_address>
         <size>0x0</size>
         <contents>
         </contents>
      </logical_group>
      <logical_group id="lg-9" display="no" color="cyan">
         <name>.binit</name>
         <load_address>0x0</load_address>
         <run_address>0x0</run_address>
         <size>0x0</size>
         <contents>
            <object_component_ref idref="oc-19f"/>
         </contents>
      </logical_group>
      <logical_group id="lg-a" display="no" color="cyan">
         <name>.flashMailbox</name>
         <run_address>0x0</run_address>
         <size>0x0</size>
         <contents>
         </contents>
      </logical_group>
      <logical_group id="lg-b" display="no" color="cyan">
         <name>.tlvTable</name>
         <run_address>0x0</run_address>
         <size>0x0</size>
         <contents>
         </contents>
      </logical_group>
      <logical_group id="lg-c" display="no" color="cyan">
         <name>.bslArea</name>
         <run_address>0x0</run_address>
         <size>0x0</size>
         <contents>
         </contents>
      </logical_group>
      <logical_group id="lg-d" display="no" color="cyan">
         <name>.vtable</name>
         <run_address>0x0</run_address>
         <size>0x0</size>
         <contents>
         </contents>
      </logical_group>
      <logical_group id="lg-e" display="no" color="cyan">
         <name>.data</name>
         <run_address>0x20000000</run_address>
         <size>0x5</size>
         <contents>
            <object_component_ref idref="oc-b8"/>
            <object_component_ref idref="oc-12a"/>
         </contents>
      </logical_group>
      <logical_group id="lg-f" display="no" color="cyan">
         <name>.bss</name>
         <run_address>0x0</run_address>
         <size>0x0</size>
         <contents>
         </contents>
      </logical_group>
      <logical_group id="lg-10" display="no" color="cyan">
         <name>.sysmem</name>
         <run_address>0x0</run_address>
         <size>0x0</size>
         <contents>
         </contents>
      </logical_group>
      <logical_group id="lg-11" display="no" color="cyan">
         <name>.stack</name>
         <run_address>0x2000fe00</run_address>
         <size>0x200</size>
         <contents>
            <object_component_ref idref="oc-29"/>
            <object_component_ref idref="oc-1cf"/>
         </contents>
      </logical_group>
      <logical_group id="lg-12" display="no" color="cyan">
         <name>.TI.ramfunc</name>
         <run_address>0x0</run_address>
         <size>0x0</size>
         <contents>
         </contents>
      </logical_group>
      <logical_group id="lg-19c" display="no" color="cyan">
         <name>.TI.noinit</name>
         <run_address>0x0</run_address>
         <size>0x0</size>
         <contents>
         </contents>
      </logical_group>
      <logical_group id="lg-19d" display="no" color="cyan">
         <name>.TI.persistent</name>
         <run_address>0x0</run_address>
         <size>0x0</size>
         <contents>
         </contents>
      </logical_group>
      <logical_group id="lg-19e" display="no" color="cyan">
         <name>__llvm_prf_cnts</name>
         <run_address>0x20000000</run_address>
         <size>0x0</size>
         <contents>
         </contents>
      </logical_group>
      <logical_group id="lg-1b3" display="never" color="cyan">
         <name>.debug_info</name>
         <load_address>0x0</load_address>
         <run_address>0x0</run_address>
         <size>0x81cb</size>
         <contents>
            <object_component_ref idref="oc-13a"/>
            <object_component_ref idref="oc-db"/>
            <object_component_ref idref="oc-162"/>
            <object_component_ref idref="oc-bf"/>
            <object_component_ref idref="oc-167"/>
            <object_component_ref idref="oc-e7"/>
            <object_component_ref idref="oc-135"/>
            <object_component_ref idref="oc-12e"/>
            <object_component_ref idref="oc-d6"/>
            <object_component_ref idref="oc-32"/>
            <object_component_ref idref="oc-e2"/>
            <object_component_ref idref="oc-6f"/>
            <object_component_ref idref="oc-b9"/>
            <object_component_ref idref="oc-a1"/>
            <object_component_ref idref="oc-74"/>
            <object_component_ref idref="oc-7b"/>
            <object_component_ref idref="oc-27"/>
            <object_component_ref idref="oc-6a"/>
            <object_component_ref idref="oc-12b"/>
            <object_component_ref idref="oc-b3"/>
            <object_component_ref idref="oc-42"/>
            <object_component_ref idref="oc-1f"/>
            <object_component_ref idref="oc-3d"/>
            <object_component_ref idref="oc-85"/>
            <object_component_ref idref="oc-83"/>
            <object_component_ref idref="oc-1b"/>
            <object_component_ref idref="oc-2d"/>
            <object_component_ref idref="oc-c4"/>
            <object_component_ref idref="oc-7e"/>
            <object_component_ref idref="oc-2a"/>
            <object_component_ref idref="oc-56"/>
            <object_component_ref idref="oc-39"/>
            <object_component_ref idref="oc-149"/>
            <object_component_ref idref="oc-fa"/>
            <object_component_ref idref="oc-17c"/>
            <object_component_ref idref="oc-190"/>
            <object_component_ref idref="oc-181"/>
            <object_component_ref idref="oc-186"/>
            <object_component_ref idref="oc-9c"/>
            <object_component_ref idref="oc-ed"/>
            <object_component_ref idref="oc-1d0"/>
         </contents>
      </logical_group>
      <logical_group id="lg-1b5" display="never" color="cyan">
         <name>.debug_line</name>
         <load_address>0x0</load_address>
         <run_address>0x0</run_address>
         <size>0xf5c</size>
         <contents>
            <object_component_ref idref="oc-161"/>
            <object_component_ref idref="oc-df"/>
            <object_component_ref idref="oc-165"/>
            <object_component_ref idref="oc-c2"/>
            <object_component_ref idref="oc-16a"/>
            <object_component_ref idref="oc-ea"/>
            <object_component_ref idref="oc-138"/>
            <object_component_ref idref="oc-131"/>
            <object_component_ref idref="oc-d5"/>
            <object_component_ref idref="oc-35"/>
            <object_component_ref idref="oc-e1"/>
            <object_component_ref idref="oc-6e"/>
            <object_component_ref idref="oc-134"/>
            <object_component_ref idref="oc-a4"/>
            <object_component_ref idref="oc-77"/>
            <object_component_ref idref="oc-be"/>
            <object_component_ref idref="oc-7a"/>
            <object_component_ref idref="oc-6c"/>
            <object_component_ref idref="oc-15f"/>
            <object_component_ref idref="oc-b2"/>
            <object_component_ref idref="oc-8b"/>
            <object_component_ref idref="oc-22"/>
            <object_component_ref idref="oc-40"/>
            <object_component_ref idref="oc-88"/>
            <object_component_ref idref="oc-ca"/>
            <object_component_ref idref="oc-1a"/>
            <object_component_ref idref="oc-30"/>
            <object_component_ref idref="oc-c7"/>
            <object_component_ref idref="oc-81"/>
            <object_component_ref idref="oc-7d"/>
            <object_component_ref idref="oc-59"/>
            <object_component_ref idref="oc-3b"/>
            <object_component_ref idref="oc-17b"/>
            <object_component_ref idref="oc-fd"/>
            <object_component_ref idref="oc-17f"/>
            <object_component_ref idref="oc-193"/>
            <object_component_ref idref="oc-184"/>
            <object_component_ref idref="oc-189"/>
            <object_component_ref idref="oc-9b"/>
            <object_component_ref idref="oc-f0"/>
         </contents>
      </logical_group>
      <logical_group id="lg-1b7" display="never" color="cyan">
         <name>.debug_frame</name>
         <load_address>0x0</load_address>
         <run_address>0x0</run_address>
         <size>0x534</size>
         <contents>
            <object_component_ref idref="oc-de"/>
            <object_component_ref idref="oc-d9"/>
            <object_component_ref idref="oc-e5"/>
            <object_component_ref idref="oc-72"/>
            <object_component_ref idref="oc-a0"/>
            <object_component_ref idref="oc-78"/>
            <object_component_ref idref="oc-68"/>
            <object_component_ref idref="oc-b6"/>
            <object_component_ref idref="oc-21"/>
            <object_component_ref idref="oc-18"/>
            <object_component_ref idref="oc-5a"/>
            <object_component_ref idref="oc-f9"/>
            <object_component_ref idref="oc-9e"/>
            <object_component_ref idref="oc-f1"/>
         </contents>
      </logical_group>
      <logical_group id="lg-1b9" display="never" color="cyan">
         <name>.debug_abbrev</name>
         <load_address>0x0</load_address>
         <run_address>0x0</run_address>
         <size>0xc67</size>
         <contents>
            <object_component_ref idref="oc-160"/>
            <object_component_ref idref="oc-13c"/>
            <object_component_ref idref="oc-164"/>
            <object_component_ref idref="oc-c1"/>
            <object_component_ref idref="oc-169"/>
            <object_component_ref idref="oc-e9"/>
            <object_component_ref idref="oc-137"/>
            <object_component_ref idref="oc-130"/>
            <object_component_ref idref="oc-13b"/>
            <object_component_ref idref="oc-34"/>
            <object_component_ref idref="oc-13d"/>
            <object_component_ref idref="oc-bb"/>
            <object_component_ref idref="oc-133"/>
            <object_component_ref idref="oc-e6"/>
            <object_component_ref idref="oc-bc"/>
            <object_component_ref idref="oc-bd"/>
            <object_component_ref idref="oc-79"/>
            <object_component_ref idref="oc-b7"/>
            <object_component_ref idref="oc-15e"/>
            <object_component_ref idref="oc-12d"/>
            <object_component_ref idref="oc-8a"/>
            <object_component_ref idref="oc-3c"/>
            <object_component_ref idref="oc-3f"/>
            <object_component_ref idref="oc-87"/>
            <object_component_ref idref="oc-c9"/>
            <object_component_ref idref="oc-2c"/>
            <object_component_ref idref="oc-2f"/>
            <object_component_ref idref="oc-c6"/>
            <object_component_ref idref="oc-80"/>
            <object_component_ref idref="oc-7c"/>
            <object_component_ref idref="oc-a8"/>
            <object_component_ref idref="oc-84"/>
            <object_component_ref idref="oc-17a"/>
            <object_component_ref idref="oc-148"/>
            <object_component_ref idref="oc-17e"/>
            <object_component_ref idref="oc-192"/>
            <object_component_ref idref="oc-183"/>
            <object_component_ref idref="oc-188"/>
            <object_component_ref idref="oc-d3"/>
            <object_component_ref idref="oc-13e"/>
            <object_component_ref idref="oc-1d1"/>
         </contents>
      </logical_group>
      <logical_group id="lg-1bb" display="never" color="cyan">
         <name>.debug_str</name>
         <load_address>0x0</load_address>
         <run_address>0x0</run_address>
         <size>0x2f54</size>
         <contents>
            <object_component_ref idref="oc-166"/>
            <object_component_ref idref="oc-c3"/>
            <object_component_ref idref="oc-16b"/>
            <object_component_ref idref="oc-eb"/>
            <object_component_ref idref="oc-139"/>
            <object_component_ref idref="oc-132"/>
            <object_component_ref idref="oc-36"/>
            <object_component_ref idref="oc-41"/>
            <object_component_ref idref="oc-89"/>
            <object_component_ref idref="oc-31"/>
            <object_component_ref idref="oc-c8"/>
            <object_component_ref idref="oc-82"/>
            <object_component_ref idref="oc-180"/>
            <object_component_ref idref="oc-194"/>
            <object_component_ref idref="oc-185"/>
            <object_component_ref idref="oc-18a"/>
         </contents>
      </logical_group>
      <logical_group id="lg-1bd" display="never" color="cyan">
         <name>.debug_aranges</name>
         <load_address>0x0</load_address>
         <run_address>0x0</run_address>
         <size>0x210</size>
         <contents>
            <object_component_ref idref="oc-dc"/>
            <object_component_ref idref="oc-d7"/>
            <object_component_ref idref="oc-e3"/>
            <object_component_ref idref="oc-70"/>
            <object_component_ref idref="oc-a2"/>
            <object_component_ref idref="oc-76"/>
            <object_component_ref idref="oc-69"/>
            <object_component_ref idref="oc-b5"/>
            <object_component_ref idref="oc-1e"/>
            <object_component_ref idref="oc-19"/>
            <object_component_ref idref="oc-58"/>
            <object_component_ref idref="oc-38"/>
            <object_component_ref idref="oc-fc"/>
            <object_component_ref idref="oc-9a"/>
            <object_component_ref idref="oc-ef"/>
         </contents>
      </logical_group>
      <logical_group id="lg-1bf" display="never" color="cyan">
         <name>.debug_pubnames</name>
         <load_address>0x0</load_address>
         <run_address>0x0</run_address>
         <size>0x35b</size>
         <contents>
            <object_component_ref idref="oc-dd"/>
            <object_component_ref idref="oc-d8"/>
            <object_component_ref idref="oc-e4"/>
            <object_component_ref idref="oc-71"/>
            <object_component_ref idref="oc-ba"/>
            <object_component_ref idref="oc-a3"/>
            <object_component_ref idref="oc-75"/>
            <object_component_ref idref="oc-28"/>
            <object_component_ref idref="oc-6b"/>
            <object_component_ref idref="oc-12c"/>
            <object_component_ref idref="oc-b4"/>
            <object_component_ref idref="oc-20"/>
            <object_component_ref idref="oc-1c"/>
            <object_component_ref idref="oc-2b"/>
            <object_component_ref idref="oc-57"/>
            <object_component_ref idref="oc-3a"/>
            <object_component_ref idref="oc-fb"/>
            <object_component_ref idref="oc-9d"/>
            <object_component_ref idref="oc-ee"/>
         </contents>
      </logical_group>
      <logical_group id="lg-1c1" display="never" color="cyan">
         <name>.debug_pubtypes</name>
         <load_address>0x0</load_address>
         <run_address>0x0</run_address>
         <size>0xdea</size>
         <contents>
            <object_component_ref idref="oc-163"/>
            <object_component_ref idref="oc-c0"/>
            <object_component_ref idref="oc-168"/>
            <object_component_ref idref="oc-e8"/>
            <object_component_ref idref="oc-136"/>
            <object_component_ref idref="oc-12f"/>
            <object_component_ref idref="oc-33"/>
            <object_component_ref idref="oc-3e"/>
            <object_component_ref idref="oc-86"/>
            <object_component_ref idref="oc-2e"/>
            <object_component_ref idref="oc-c5"/>
            <object_component_ref idref="oc-7f"/>
            <object_component_ref idref="oc-17d"/>
            <object_component_ref idref="oc-191"/>
            <object_component_ref idref="oc-182"/>
            <object_component_ref idref="oc-187"/>
         </contents>
      </logical_group>
      <logical_group id="lg-1ce" display="no" color="cyan">
         <name>Veneer$$CMSE</name>
         <run_address>0x0</run_address>
         <size>0x0</size>
         <contents>
         </contents>
      </logical_group>
      <load_segment id="lg-1d3" display="no" color="cyan">
         <name>SEGMENT_0</name>
         <load_address>0x0</load_address>
         <run_address>0x0</run_address>
         <size>0x924</size>
         <flags>0x5</flags>
         <contents>
            <logical_group_ref idref="lg-3"/>
            <logical_group_ref idref="lg-4"/>
            <logical_group_ref idref="lg-6"/>
         </contents>
      </load_segment>
      <load_segment id="lg-1d4" display="no" color="cyan">
         <name>SEGMENT_1</name>
         <run_address>0x20000000</run_address>
         <size>0x5</size>
         <flags>0x6</flags>
         <contents>
            <logical_group_ref idref="lg-e"/>
         </contents>
      </load_segment>
      <load_segment id="lg-1d5" display="no" color="cyan">
         <name>SEGMENT_2</name>
         <run_address>0x2000fe00</run_address>
         <size>0x200</size>
         <flags>0x6</flags>
         <contents>
            <logical_group_ref idref="lg-11"/>
         </contents>
      </load_segment>
   </logical_group_list>
   <placement_map>
      <memory_area display="yes" color="green">
         <name>MAIN</name>
         <page_id>0x0</page_id>
         <origin>0x0</origin>
         <length>0x40000</length>
         <used_space>0x91e</used_space>
         <unused_space>0x3f6e2</unused_space>
         <attributes>RX</attributes>
         <usage_details>
            <allocated_space>
               <start_address>0x0</start_address>
               <size>0x0</size>
               <logical_group_ref idref="lg-9"/>
            </allocated_space>
            <allocated_space>
               <start_address>0x0</start_address>
               <size>0xe4</size>
               <logical_group_ref idref="lg-3"/>
            </allocated_space>
            <allocated_space>
               <start_address>0xe4</start_address>
               <size>0x81e</size>
               <logical_group_ref idref="lg-4"/>
            </allocated_space>
            <available_space>
               <start_address>0x902</start_address>
               <size>0x6</size>
            </available_space>
            <allocated_space>
               <start_address>0x908</start_address>
               <size>0x1c</size>
               <logical_group_ref idref="lg-6"/>
            </allocated_space>
            <available_space>
               <start_address>0x924</start_address>
               <size>0x3f6dc</size>
            </available_space>
         </usage_details>
      </memory_area>
      <memory_area display="yes" color="green">
         <name>INFO</name>
         <page_id>0x0</page_id>
         <origin>0x200000</origin>
         <length>0x4000</length>
         <used_space>0x0</used_space>
         <unused_space>0x4000</unused_space>
         <attributes>RX</attributes>
         <usage_details>
         </usage_details>
      </memory_area>
      <memory_area display="yes" color="green">
         <name>SRAM_CODE</name>
         <page_id>0x0</page_id>
         <origin>0x1000000</origin>
         <length>0x10000</length>
         <used_space>0x205</used_space>
         <unused_space>0xfdfb</unused_space>
         <attributes>RWX</attributes>
         <usage_details>
            <allocated_space>
               <start_address>0x1000000</start_address>
               <size>0x0</size>
               <logical_group_ref idref="lg-19e"/>
            </allocated_space>
            <allocated_space>
               <start_address>0x1000000</start_address>
               <size>0x5</size>
               <logical_group_ref idref="lg-e"/>
            </allocated_space>
            <available_space>
               <start_address>0x1000005</start_address>
               <size>0xfdfb</size>
            </available_space>
            <allocated_space>
               <start_address>0x100fe00</start_address>
               <size>0x200</size>
               <logical_group_ref idref="lg-11"/>
            </allocated_space>
         </usage_details>
      </memory_area>
      <memory_area display="yes" color="green">
         <name>SRAM_DATA</name>
         <page_id>0x0</page_id>
         <origin>0x20000000</origin>
         <length>0x10000</length>
         <used_space>0x205</used_space>
         <unused_space>0xfdfb</unused_space>
         <attributes>RW</attributes>
         <usage_details>
            <allocated_space>
               <start_address>0x20000000</start_address>
               <size>0x0</size>
               <logical_group_ref idref="lg-19e"/>
            </allocated_space>
            <allocated_space>
               <start_address>0x20000000</start_address>
               <size>0x5</size>
               <logical_group_ref idref="lg-e"/>
            </allocated_space>
            <available_space>
               <start_address>0x20000005</start_address>
               <size>0xfdfb</size>
            </available_space>
            <allocated_space>
               <start_address>0x2000fe00</start_address>
               <size>0x200</size>
               <logical_group_ref idref="lg-11"/>
            </allocated_space>
         </usage_details>
      </memory_area>
   </placement_map>
   <cptbl_list>
      <cptbl>
         <name>__TI_cinit_table</name>
         <cprec>
            <name>.data</name>
            <load_address>0x908</load_address>
            <load_size>0x9</load_size>
            <run_address>0x20000000</run_address>
            <run_size>0x5</run_size>
            <compression>lzss</compression>
         </cprec>
      </cptbl>
   </cptbl_list>
   <handler_table>
      <handler_table_name>__TI_handler_table</handler_table_name>
      <handler>
         <index>0x0</index>
         <name>__TI_decompress_lzss</name>
      </handler>
      <handler>
         <index>0x1</index>
         <name>__TI_decompress_none</name>
      </handler>
   </handler_table>
   <symbol_table>
      <symbol id="sm-1">
         <name>WDTCTL_SYM</name>
         <value>0x4000480c</value>
      </symbol>
      <symbol id="sm-2">
         <name>__start___llvm_prf_cnts</name>
         <value>0x20000000</value>
      </symbol>
      <symbol id="sm-3">
         <name>__stop___llvm_prf_cnts</name>
         <value>0x20000000</value>
      </symbol>
      <symbol id="sm-4">
         <name>__TI_CINIT_Base</name>
         <value>0x91c</value>
      </symbol>
      <symbol id="sm-5">
         <name>__TI_CINIT_Limit</name>
         <value>0x924</value>
      </symbol>
      <symbol id="sm-6">
         <name>__TI_Handler_Table_Base</name>
         <value>0x914</value>
      </symbol>
      <symbol id="sm-7">
         <name>__TI_Handler_Table_Limit</name>
         <value>0x91c</value>
      </symbol>
      <symbol id="sm-8">
         <name>binit</name>
         <value>0xffffffff</value>
      </symbol>
      <symbol id="sm-9">
         <name>__binit__</name>
         <value>0xffffffff</value>
      </symbol>
      <symbol id="sm-a">
         <name>__STACK_SIZE</name>
         <value>0x200</value>
      </symbol>
      <symbol id="sm-b">
         <name>__STACK_END</name>
         <value>0x20010000</value>
      </symbol>
      <symbol id="sm-c">
         <name>__c_args__</name>
         <value>0xffffffff</value>
      </symbol>
      <symbol id="sm-d">
         <name>__TI_pprof_out_hndl</name>
         <value>0xffffffff</value>
      </symbol>
      <symbol id="sm-e">
         <name>__TI_prof_data_start</name>
         <value>0xffffffff</value>
      </symbol>
      <symbol id="sm-f">
         <name>__TI_prof_data_size</name>
         <value>0xffffffff</value>
      </symbol>
      <symbol id="sm-6e">
         <name>InitializeClockSystem</name>
         <value>0x419</value>
         <object_component_ref idref="oc-da"/>
      </symbol>
      <symbol id="sm-7f">
         <name>DisableInterrupts</name>
         <value>0x8cd</value>
         <object_component_ref idref="oc-d4"/>
      </symbol>
      <symbol id="sm-80">
         <name>WaitForInterrupt</name>
         <value>0x8d9</value>
         <object_component_ref idref="oc-d4"/>
      </symbol>
      <symbol id="sm-81">
         <name>EnableInterrupts</name>
         <value>0x8d3</value>
         <object_component_ref idref="oc-d4"/>
      </symbol>
      <symbol id="sm-90">
         <name>InitializeLEDPortPins</name>
         <value>0x7a5</value>
         <object_component_ref idref="oc-e0"/>
      </symbol>
      <symbol id="sm-a5">
         <name>TA0_0_IRQHandler</name>
         <value>0x6e5</value>
         <object_component_ref idref="oc-6d"/>
      </symbol>
      <symbol id="sm-a6">
         <name>InitializeTimerA0</name>
         <value>0x6a5</value>
         <object_component_ref idref="oc-6d"/>
      </symbol>
      <symbol id="sm-bb">
         <name>currLEDisRGB</name>
         <value>0x20000004</value>
         <object_component_ref idref="oc-b8"/>
      </symbol>
      <symbol id="sm-bc">
         <name>main</name>
         <value>0x809</value>
         <object_component_ref idref="oc-9f"/>
      </symbol>
      <symbol id="sm-d3">
         <name>InitializePushButtonPortPin</name>
         <value>0x53d</value>
         <object_component_ref idref="oc-73"/>
      </symbol>
      <symbol id="sm-d4">
         <name>PORT1_IRQHandler</name>
         <value>0x5bb</value>
         <object_component_ref idref="oc-73"/>
      </symbol>
      <symbol id="sm-e9">
         <name>Reset_Handler</name>
         <value>0x8ed</value>
         <object_component_ref idref="oc-67"/>
      </symbol>
      <symbol id="sm-ea">
         <name>Default_Handler</name>
         <value>0x8f9</value>
         <object_component_ref idref="oc-67"/>
      </symbol>
      <symbol id="sm-eb">
         <name>interruptVectors</name>
         <value>0x0</value>
         <object_component_ref idref="oc-26"/>
      </symbol>
      <symbol id="sm-133">
         <name>SystemInit</name>
         <value>0x35d</value>
         <object_component_ref idref="oc-b1"/>
      </symbol>
      <symbol id="sm-134">
         <name>SystemCoreClockUpdate</name>
         <value>0xe5</value>
         <object_component_ref idref="oc-b1"/>
      </symbol>
      <symbol id="sm-135">
         <name>SystemCoreClock</name>
         <value>0x20000000</value>
         <object_component_ref idref="oc-12a"/>
      </symbol>
      <symbol id="sm-14d">
         <name>__TI_decompress_none</name>
         <value>0x8df</value>
         <object_component_ref idref="oc-1d"/>
      </symbol>
      <symbol id="sm-170">
         <name>__TI_decompress_lzss</name>
         <value>0x73d</value>
         <object_component_ref idref="oc-17"/>
      </symbol>
      <symbol id="sm-183">
         <name>__stack</name>
         <value>0x2000fe00</value>
         <object_component_ref idref="oc-29"/>
      </symbol>
      <symbol id="sm-184">
         <name>_c_int00_noargs</name>
         <value>0x899</value>
         <object_component_ref idref="oc-55"/>
      </symbol>
      <symbol id="sm-19f">
         <name>memcpy</name>
         <value>0x609</value>
         <object_component_ref idref="oc-37"/>
      </symbol>
      <symbol id="sm-1a0">
         <name>__aeabi_memcpy</name>
         <value>0x609</value>
         <object_component_ref idref="oc-37"/>
      </symbol>
      <symbol id="sm-1a1">
         <name>__aeabi_memcpy8</name>
         <value>0x609</value>
         <object_component_ref idref="oc-37"/>
      </symbol>
      <symbol id="sm-1a2">
         <name>__aeabi_memcpy4</name>
         <value>0x609</value>
         <object_component_ref idref="oc-37"/>
      </symbol>
      <symbol id="sm-1cb">
         <name>__TI_auto_init_nobinit_nopinit</name>
         <value>0x855</value>
         <object_component_ref idref="oc-f8"/>
      </symbol>
      <symbol id="sm-1d5">
         <name>_system_pre_init</name>
         <value>0x8fb</value>
         <object_component_ref idref="oc-99"/>
      </symbol>
      <symbol id="sm-1e1">
         <name>C$$EXIT</name>
         <value>0x8ff</value>
         <object_component_ref idref="oc-ec"/>
      </symbol>
      <symbol id="sm-1e2">
         <name>abort</name>
         <value>0x8ff</value>
         <object_component_ref idref="oc-ec"/>
      </symbol>
      <symbol id="sm-1e5">
         <name>__TI_static_base__</name>
         <value>0x0</value>
      </symbol>
      <symbol id="sm-1e8">
         <name>__mpu_init</name>
         <value>0x0</value>
      </symbol>
      <symbol id="sm-1e9">
         <name>_system_post_cinit</name>
         <value>0x0</value>
      </symbol>
      <symbol id="sm-1ea">
         <name>NMI_Handler</name>
         <value>0x8f9</value>
      </symbol>
      <symbol id="sm-1eb">
         <name>HardFault_Handler</name>
         <value>0x8f9</value>
      </symbol>
      <symbol id="sm-1ec">
         <name>MemManage_Handler</name>
         <value>0x8f9</value>
      </symbol>
      <symbol id="sm-1ed">
         <name>BusFault_Handler</name>
         <value>0x8f9</value>
      </symbol>
      <symbol id="sm-1ee">
         <name>UsageFault_Handler</name>
         <value>0x8f9</value>
      </symbol>
      <symbol id="sm-1ef">
         <name>SVC_Handler</name>
         <value>0x8f9</value>
      </symbol>
      <symbol id="sm-1f0">
         <name>DebugMon_Handler</name>
         <value>0x8f9</value>
      </symbol>
      <symbol id="sm-1f1">
         <name>PendSV_Handler</name>
         <value>0x8f9</value>
      </symbol>
      <symbol id="sm-1f2">
         <name>SysTick_Handler</name>
         <value>0x8f9</value>
      </symbol>
      <symbol id="sm-1f3">
         <name>PSS_IRQHandler</name>
         <value>0x8f9</value>
      </symbol>
      <symbol id="sm-1f4">
         <name>CS_IRQHandler</name>
         <value>0x8f9</value>
      </symbol>
      <symbol id="sm-1f5">
         <name>PCM_IRQHandler</name>
         <value>0x8f9</value>
      </symbol>
      <symbol id="sm-1f6">
         <name>WDT_A_IRQHandler</name>
         <value>0x8f9</value>
      </symbol>
      <symbol id="sm-1f7">
         <name>FPU_IRQHandler</name>
         <value>0x8f9</value>
      </symbol>
      <symbol id="sm-1f8">
         <name>FLCTL_IRQHandler</name>
         <value>0x8f9</value>
      </symbol>
      <symbol id="sm-1f9">
         <name>COMP_E0_IRQHandler</name>
         <value>0x8f9</value>
      </symbol>
      <symbol id="sm-1fa">
         <name>COMP_E1_IRQHandler</name>
         <value>0x8f9</value>
      </symbol>
      <symbol id="sm-1fb">
         <name>TA0_0_IRQHandler</name>
         <value>0x6e5</value>
      </symbol>
      <symbol id="sm-1fc">
         <name>TA0_N_IRQHandler</name>
         <value>0x8f9</value>
      </symbol>
      <symbol id="sm-1fd">
         <name>TA1_0_IRQHandler</name>
         <value>0x8f9</value>
      </symbol>
      <symbol id="sm-1fe">
         <name>TA1_N_IRQHandler</name>
         <value>0x8f9</value>
      </symbol>
      <symbol id="sm-1ff">
         <name>TA2_0_IRQHandler</name>
         <value>0x8f9</value>
      </symbol>
      <symbol id="sm-200">
         <name>TA2_N_IRQHandler</name>
         <value>0x8f9</value>
      </symbol>
      <symbol id="sm-201">
         <name>TA3_0_IRQHandler</name>
         <value>0x8f9</value>
      </symbol>
      <symbol id="sm-202">
         <name>TA3_N_IRQHandler</name>
         <value>0x8f9</value>
      </symbol>
      <symbol id="sm-203">
         <name>EUSCIA0_IRQHandler</name>
         <value>0x8f9</value>
      </symbol>
      <symbol id="sm-204">
         <name>EUSCIA1_IRQHandler</name>
         <value>0x8f9</value>
      </symbol>
      <symbol id="sm-205">
         <name>EUSCIA2_IRQHandler</name>
         <value>0x8f9</value>
      </symbol>
      <symbol id="sm-206">
         <name>EUSCIA3_IRQHandler</name>
         <value>0x8f9</value>
      </symbol>
      <symbol id="sm-207">
         <name>EUSCIB0_IRQHandler</name>
         <value>0x8f9</value>
      </symbol>
      <symbol id="sm-208">
         <name>EUSCIB1_IRQHandler</name>
         <value>0x8f9</value>
      </symbol>
      <symbol id="sm-209">
         <name>EUSCIB2_IRQHandler</name>
         <value>0x8f9</value>
      </symbol>
      <symbol id="sm-20a">
         <name>EUSCIB3_IRQHandler</name>
         <value>0x8f9</value>
      </symbol>
      <symbol id="sm-20b">
         <name>ADC14_IRQHandler</name>
         <value>0x8f9</value>
      </symbol>
      <symbol id="sm-20c">
         <name>T32_INT1_IRQHandler</name>
         <value>0x8f9</value>
      </symbol>
      <symbol id="sm-20d">
         <name>T32_INT2_IRQHandler</name>
         <value>0x8f9</value>
      </symbol>
      <symbol id="sm-20e">
         <name>T32_INTC_IRQHandler</name>
         <value>0x8f9</value>
      </symbol>
      <symbol id="sm-20f">
         <name>AES256_IRQHandler</name>
         <value>0x8f9</value>
      </symbol>
      <symbol id="sm-210">
         <name>RTC_C_IRQHandler</name>
         <value>0x8f9</value>
      </symbol>
      <symbol id="sm-211">
         <name>DMA_ERR_IRQHandler</name>
         <value>0x8f9</value>
      </symbol>
      <symbol id="sm-212">
         <name>DMA_INT3_IRQHandler</name>
         <value>0x8f9</value>
      </symbol>
      <symbol id="sm-213">
         <name>DMA_INT2_IRQHandler</name>
         <value>0x8f9</value>
      </symbol>
      <symbol id="sm-214">
         <name>DMA_INT1_IRQHandler</name>
         <value>0x8f9</value>
      </symbol>
      <symbol id="sm-215">
         <name>DMA_INT0_IRQHandler</name>
         <value>0x8f9</value>
      </symbol>
      <symbol id="sm-216">
         <name>PORT1_IRQHandler</name>
         <value>0x5bb</value>
      </symbol>
      <symbol id="sm-217">
         <name>PORT2_IRQHandler</name>
         <value>0x8f9</value>
      </symbol>
      <symbol id="sm-218">
         <name>PORT3_IRQHandler</name>
         <value>0x8f9</value>
      </symbol>
      <symbol id="sm-219">
         <name>PORT4_IRQHandler</name>
         <value>0x8f9</value>
      </symbol>
      <symbol id="sm-21a">
         <name>PORT5_IRQHandler</name>
         <value>0x8f9</value>
      </symbol>
      <symbol id="sm-21b">
         <name>PORT6_IRQHandler</name>
         <value>0x8f9</value>
      </symbol>
   </symbol_table>
   <title>Link successful</title>
</link_info>
