******************************************************************************
                  TI ARM Linker PC v20.2.6                     
******************************************************************************
>> Linked Mon Sep 26 15:42:48 2022

OUTPUT FILE NAME:   <Interrupts Part 1.out>
ENTRY POINT SYMBOL: "_c_int00_noargs"  address: 00000899


MEMORY CONFIGURATION

         name            origin    length      used     unused   attr    fill
----------------------  --------  ---------  --------  --------  ----  --------
  MAIN                  00000000   00040000  0000091e  0003f6e2  R  X
  INFO                  00200000   00004000  00000000  00004000  R  X
  SRAM_CODE             01000000   00010000  00000205  0000fdfb  RW X
  SRAM_DATA             20000000   00010000  00000205  0000fdfb  RW  


SEGMENT ALLOCATION MAP

run origin  load origin   length   init length attrs members
----------  ----------- ---------- ----------- ----- -------
00000000    00000000    00000924   00000924    r-x
  00000000    00000000    000000e4   000000e4    r-- .intvecs
  000000e4    000000e4    0000081e   0000081e    r-x .text
  00000908    00000908    0000001c   0000001c    r-- .cinit
20000000    20000000    00000005   00000000    rw-
  20000000    20000000    00000005   00000000    rw- .data
2000fe00    2000fe00    00000200   00000000    rw-
  2000fe00    2000fe00    00000200   00000000    rw- .stack


SECTION ALLOCATION MAP

 output                                  attributes/
section   page    origin      length       input sections
--------  ----  ----------  ----------   ----------------
.intvecs   0    00000000    000000e4     
                  00000000    000000e4     startup_msp432p401r_ccs.obj (.intvecs:retain)

.text      0    000000e4    0000081e     
                  000000e4    00000334     system_msp432p401r.obj (.text)
                  00000418    00000124     Clock.obj (.text)
                  0000053c    000000cc     pushbutton.obj (.text)
                  00000608    0000009c     rtsv7M4_T_le_v4SPD16_eabi.lib : memcpy_t2.asm.obj (.text)
                  000006a4    00000098     TimerA0.obj (.text)
                  0000073c    00000068     rtsv7M4_T_le_v4SPD16_eabi.lib : copy_decompress_lzss.c.obj (.text:decompress:lzss:__TI_decompress_lzss)
                  000007a4    00000064     LED.obj (.text)
                  00000808    0000004c     main.obj (.text)
                  00000854    00000044     rtsv7M4_T_le_v4SPD16_eabi.lib : autoinit.c.obj (.text:__TI_auto_init_nobinit_nopinit:__TI_auto_init_nobinit_nopinit)
                  00000898    00000034                                   : boot_cortex_m.c.obj (.text:_c_int00_noargs:_c_int00_noargs)
                  000008cc    00000012     CortexM.obj (.text)
                  000008de    0000000e     rtsv7M4_T_le_v4SPD16_eabi.lib : copy_decompress_none.c.obj (.text:decompress:none:__TI_decompress_none)
                  000008ec    0000000e     startup_msp432p401r_ccs.obj (.text)
                  000008fa    00000004     rtsv7M4_T_le_v4SPD16_eabi.lib : pre_init.c.obj (.text:_system_pre_init)
                  000008fe    00000004                                   : exit.c.obj (.text:abort:abort)

.cinit     0    00000908    0000001c     
                  00000908    00000009     (.cinit..data.load) [load image, compression = lzss]
                  00000911    00000003     --HOLE-- [fill = 0]
                  00000914    00000008     (__TI_handler_table)
                  0000091c    00000008     (__TI_cinit_table)

.init_array 
*          0    00000000    00000000     UNINITIALIZED

.binit     0    00000000    00000000     

.data      0    20000000    00000005     UNINITIALIZED
                  20000000    00000004     system_msp432p401r.obj (.data)
                  20000004    00000001     main.obj (.data)

.stack     0    2000fe00    00000200     UNINITIALIZED
                  2000fe00    00000004     rtsv7M4_T_le_v4SPD16_eabi.lib : boot_cortex_m.c.obj (.stack)
                  2000fe04    000001fc     --HOLE--

__llvm_prf_cnts 
*          0    20000000    00000000     UNINITIALIZED

MODULE SUMMARY

       Module                        code   ro data   rw data
       ------                        ----   -------   -------
    .\
       system_msp432p401r.obj        820    0         8      
       Clock.obj                     292    0         0      
       startup_msp432p401r_ccs.obj   14     228       0      
       pushbutton.obj                204    0         0      
       TimerA0.obj                   152    0         0      
       LED.obj                       100    0         0      
       main.obj                      76     0         2      
       CortexM.obj                   18     0         0      
    +--+-----------------------------+------+---------+---------+
       Total:                        1676   228       10     
                                                             
    C:\ti\ccs1200\ccs\tools\compiler\ti-cgt-arm_20.2.6.LTS\lib\rtsv7M4_T_le_v4SPD16_eabi.lib
       memcpy_t2.asm.obj             156    0         0      
       copy_decompress_lzss.c.obj    104    0         0      
       autoinit.c.obj                68     0         0      
       boot_cortex_m.c.obj           52     0         0      
       copy_decompress_none.c.obj    14     0         0      
       exit.c.obj                    4      0         0      
       pre_init.c.obj                4      0         0      
    +--+-----------------------------+------+---------+---------+
       Total:                        402    0         0      
                                                             
       Stack:                        0      0         1024   
       Linker Generated:             0      25        0      
    +--+-----------------------------+------+---------+---------+
       Grand Total:                  2078   253       1034   


LINKER GENERATED COPY TABLES

__TI_cinit_table @ 0000091c records: 1, size/record: 8, table size: 8
	.data: load addr=00000908, load size=00000009 bytes, run addr=20000000, run size=00000005 bytes, compression=lzss


LINKER GENERATED HANDLER TABLE

__TI_handler_table @ 00000914 records: 2, size/record: 4, table size: 8
	index: 0, handler: __TI_decompress_lzss
	index: 1, handler: __TI_decompress_none


GLOBAL SYMBOLS: SORTED ALPHABETICALLY BY Name 

address   name                          
-------   ----                          
000008f9  ADC14_IRQHandler              
000008f9  AES256_IRQHandler             
000008f9  BusFault_Handler              
000008ff  C$$EXIT                       
000008f9  COMP_E0_IRQHandler            
000008f9  COMP_E1_IRQHandler            
000008f9  CS_IRQHandler                 
000008f9  DMA_ERR_IRQHandler            
000008f9  DMA_INT0_IRQHandler           
000008f9  DMA_INT1_IRQHandler           
000008f9  DMA_INT2_IRQHandler           
000008f9  DMA_INT3_IRQHandler           
000008f9  DebugMon_Handler              
000008f9  Default_Handler               
000008cd  DisableInterrupts             
000008f9  EUSCIA0_IRQHandler            
000008f9  EUSCIA1_IRQHandler            
000008f9  EUSCIA2_IRQHandler            
000008f9  EUSCIA3_IRQHandler            
000008f9  EUSCIB0_IRQHandler            
000008f9  EUSCIB1_IRQHandler            
000008f9  EUSCIB2_IRQHandler            
000008f9  EUSCIB3_IRQHandler            
000008d3  EnableInterrupts              
000008f9  FLCTL_IRQHandler              
000008f9  FPU_IRQHandler                
000008f9  HardFault_Handler             
00000419  InitializeClockSystem         
000007a5  InitializeLEDPortPins         
0000053d  InitializePushButtonPortPin   
000006a5  InitializeTimerA0             
000008f9  MemManage_Handler             
000008f9  NMI_Handler                   
000008f9  PCM_IRQHandler                
000005bb  PORT1_IRQHandler              
000005bb  PORT1_IRQHandler              
000008f9  PORT2_IRQHandler              
000008f9  PORT3_IRQHandler              
000008f9  PORT4_IRQHandler              
000008f9  PORT5_IRQHandler              
000008f9  PORT6_IRQHandler              
000008f9  PSS_IRQHandler                
000008f9  PendSV_Handler                
000008f9  RTC_C_IRQHandler              
000008ed  Reset_Handler                 
000008f9  SVC_Handler                   
000008f9  SysTick_Handler               
20000000  SystemCoreClock               
000000e5  SystemCoreClockUpdate         
0000035d  SystemInit                    
000008f9  T32_INT1_IRQHandler           
000008f9  T32_INT2_IRQHandler           
000008f9  T32_INTC_IRQHandler           
000006e5  TA0_0_IRQHandler              
000006e5  TA0_0_IRQHandler              
000008f9  TA0_N_IRQHandler              
000008f9  TA1_0_IRQHandler              
000008f9  TA1_N_IRQHandler              
000008f9  TA2_0_IRQHandler              
000008f9  TA2_N_IRQHandler              
000008f9  TA3_0_IRQHandler              
000008f9  TA3_N_IRQHandler              
000008f9  UsageFault_Handler            
4000480c  WDTCTL_SYM                    
000008f9  WDT_A_IRQHandler              
000008d9  WaitForInterrupt              
20010000  __STACK_END                   
00000200  __STACK_SIZE                  
0000091c  __TI_CINIT_Base               
00000924  __TI_CINIT_Limit              
00000914  __TI_Handler_Table_Base       
0000091c  __TI_Handler_Table_Limit      
00000855  __TI_auto_init_nobinit_nopinit
0000073d  __TI_decompress_lzss          
000008df  __TI_decompress_none          
ffffffff  __TI_pprof_out_hndl           
ffffffff  __TI_prof_data_size           
ffffffff  __TI_prof_data_start          
00000000  __TI_static_base__            
00000609  __aeabi_memcpy                
00000609  __aeabi_memcpy4               
00000609  __aeabi_memcpy8               
ffffffff  __binit__                     
ffffffff  __c_args__                    
UNDEFED   __mpu_init                    
2000fe00  __stack                       
20000000  __start___llvm_prf_cnts       
20000000  __stop___llvm_prf_cnts        
00000899  _c_int00_noargs               
UNDEFED   _system_post_cinit            
000008fb  _system_pre_init              
000008ff  abort                         
ffffffff  binit                         
20000004  currLEDisRGB                  
00000000  interruptVectors              
00000809  main                          
00000609  memcpy                        


GLOBAL SYMBOLS: SORTED BY Symbol Address 

address   name                          
-------   ----                          
00000000  __TI_static_base__            
00000000  interruptVectors              
000000e5  SystemCoreClockUpdate         
00000200  __STACK_SIZE                  
0000035d  SystemInit                    
00000419  InitializeClockSystem         
0000053d  InitializePushButtonPortPin   
000005bb  PORT1_IRQHandler              
000005bb  PORT1_IRQHandler              
00000609  __aeabi_memcpy                
00000609  __aeabi_memcpy4               
00000609  __aeabi_memcpy8               
00000609  memcpy                        
000006a5  InitializeTimerA0             
000006e5  TA0_0_IRQHandler              
000006e5  TA0_0_IRQHandler              
0000073d  __TI_decompress_lzss          
000007a5  InitializeLEDPortPins         
00000809  main                          
00000855  __TI_auto_init_nobinit_nopinit
00000899  _c_int00_noargs               
000008cd  DisableInterrupts             
000008d3  EnableInterrupts              
000008d9  WaitForInterrupt              
000008df  __TI_decompress_none          
000008ed  Reset_Handler                 
000008f9  ADC14_IRQHandler              
000008f9  AES256_IRQHandler             
000008f9  BusFault_Handler              
000008f9  COMP_E0_IRQHandler            
000008f9  COMP_E1_IRQHandler            
000008f9  CS_IRQHandler                 
000008f9  DMA_ERR_IRQHandler            
000008f9  DMA_INT0_IRQHandler           
000008f9  DMA_INT1_IRQHandler           
000008f9  DMA_INT2_IRQHandler           
000008f9  DMA_INT3_IRQHandler           
000008f9  DebugMon_Handler              
000008f9  Default_Handler               
000008f9  EUSCIA0_IRQHandler            
000008f9  EUSCIA1_IRQHandler            
000008f9  EUSCIA2_IRQHandler            
000008f9  EUSCIA3_IRQHandler            
000008f9  EUSCIB0_IRQHandler            
000008f9  EUSCIB1_IRQHandler            
000008f9  EUSCIB2_IRQHandler            
000008f9  EUSCIB3_IRQHandler            
000008f9  FLCTL_IRQHandler              
000008f9  FPU_IRQHandler                
000008f9  HardFault_Handler             
000008f9  MemManage_Handler             
000008f9  NMI_Handler                   
000008f9  PCM_IRQHandler                
000008f9  PORT2_IRQHandler              
000008f9  PORT3_IRQHandler              
000008f9  PORT4_IRQHandler              
000008f9  PORT5_IRQHandler              
000008f9  PORT6_IRQHandler              
000008f9  PSS_IRQHandler                
000008f9  PendSV_Handler                
000008f9  RTC_C_IRQHandler              
000008f9  SVC_Handler                   
000008f9  SysTick_Handler               
000008f9  T32_INT1_IRQHandler           
000008f9  T32_INT2_IRQHandler           
000008f9  T32_INTC_IRQHandler           
000008f9  TA0_N_IRQHandler              
000008f9  TA1_0_IRQHandler              
000008f9  TA1_N_IRQHandler              
000008f9  TA2_0_IRQHandler              
000008f9  TA2_N_IRQHandler              
000008f9  TA3_0_IRQHandler              
000008f9  TA3_N_IRQHandler              
000008f9  UsageFault_Handler            
000008f9  WDT_A_IRQHandler              
000008fb  _system_pre_init              
000008ff  C$$EXIT                       
000008ff  abort                         
00000914  __TI_Handler_Table_Base       
0000091c  __TI_CINIT_Base               
0000091c  __TI_Handler_Table_Limit      
00000924  __TI_CINIT_Limit              
20000000  SystemCoreClock               
20000000  __start___llvm_prf_cnts       
20000000  __stop___llvm_prf_cnts        
20000004  currLEDisRGB                  
2000fe00  __stack                       
20010000  __STACK_END                   
4000480c  WDTCTL_SYM                    
ffffffff  __TI_pprof_out_hndl           
ffffffff  __TI_prof_data_size           
ffffffff  __TI_prof_data_start          
ffffffff  __binit__                     
ffffffff  __c_args__                    
ffffffff  binit                         
UNDEFED   __mpu_init                    
UNDEFED   _system_post_cinit            

[97 symbols]
